Archive member included to satisfy reference by file (symbol)

c:/program files (x86)/atmel/studio/7.0/toolchain/avr8/avr8-gnu-toolchain/bin/../lib/gcc/avr/4.9.2/../../../../avr/lib/avr5\libm.a(addsf3.o)
                              ArduinoLibs/CmdMessenger/CmdMessenger.o (__subsf3)
c:/program files (x86)/atmel/studio/7.0/toolchain/avr8/avr8-gnu-toolchain/bin/../lib/gcc/avr/4.9.2/../../../../avr/lib/avr5\libm.a(addsf3x.o)
                              c:/program files (x86)/atmel/studio/7.0/toolchain/avr8/avr8-gnu-toolchain/bin/../lib/gcc/avr/4.9.2/../../../../avr/lib/avr5\libm.a(addsf3.o) (__addsf3x)
c:/program files (x86)/atmel/studio/7.0/toolchain/avr8/avr8-gnu-toolchain/bin/../lib/gcc/avr/4.9.2/../../../../avr/lib/avr5\libm.a(cmpsf2.o)
                              ArduinoLibs/CmdMessenger/CmdMessenger.o (__nesf2)
c:/program files (x86)/atmel/studio/7.0/toolchain/avr8/avr8-gnu-toolchain/bin/../lib/gcc/avr/4.9.2/../../../../avr/lib/avr5\libm.a(divsf3.o)
                              ArduinoLibs/CmdMessenger/CmdMessenger.o (__divsf3)
c:/program files (x86)/atmel/studio/7.0/toolchain/avr8/avr8-gnu-toolchain/bin/../lib/gcc/avr/4.9.2/../../../../avr/lib/avr5\libm.a(divsf3x.o)
                              c:/program files (x86)/atmel/studio/7.0/toolchain/avr8/avr8-gnu-toolchain/bin/../lib/gcc/avr/4.9.2/../../../../avr/lib/avr5\libm.a(divsf3.o) (__divsf3x)
c:/program files (x86)/atmel/studio/7.0/toolchain/avr8/avr8-gnu-toolchain/bin/../lib/gcc/avr/4.9.2/../../../../avr/lib/avr5\libm.a(fixsfsi.o)
                              ArduinoLibs/CmdMessenger/CmdMessenger.o (__fixsfsi)
c:/program files (x86)/atmel/studio/7.0/toolchain/avr8/avr8-gnu-toolchain/bin/../lib/gcc/avr/4.9.2/../../../../avr/lib/avr5\libm.a(fixunssfsi.o)
                              c:/program files (x86)/atmel/studio/7.0/toolchain/avr8/avr8-gnu-toolchain/bin/../lib/gcc/avr/4.9.2/../../../../avr/lib/avr5\libm.a(fixsfsi.o) (__fixunssfsi)
c:/program files (x86)/atmel/studio/7.0/toolchain/avr8/avr8-gnu-toolchain/bin/../lib/gcc/avr/4.9.2/../../../../avr/lib/avr5\libm.a(floatsisf.o)
                              ArduinoLibs/CmdMessenger/CmdMessenger.o (__floatunsisf)
c:/program files (x86)/atmel/studio/7.0/toolchain/avr8/avr8-gnu-toolchain/bin/../lib/gcc/avr/4.9.2/../../../../avr/lib/avr5\libm.a(fp_cmp.o)
                              c:/program files (x86)/atmel/studio/7.0/toolchain/avr8/avr8-gnu-toolchain/bin/../lib/gcc/avr/4.9.2/../../../../avr/lib/avr5\libm.a(cmpsf2.o) (__fp_cmp)
c:/program files (x86)/atmel/studio/7.0/toolchain/avr8/avr8-gnu-toolchain/bin/../lib/gcc/avr/4.9.2/../../../../avr/lib/avr5\libm.a(fp_inf.o)
                              c:/program files (x86)/atmel/studio/7.0/toolchain/avr8/avr8-gnu-toolchain/bin/../lib/gcc/avr/4.9.2/../../../../avr/lib/avr5\libm.a(addsf3x.o) (__fp_inf)
c:/program files (x86)/atmel/studio/7.0/toolchain/avr8/avr8-gnu-toolchain/bin/../lib/gcc/avr/4.9.2/../../../../avr/lib/avr5\libm.a(fp_nan.o)
                              c:/program files (x86)/atmel/studio/7.0/toolchain/avr8/avr8-gnu-toolchain/bin/../lib/gcc/avr/4.9.2/../../../../avr/lib/avr5\libm.a(addsf3x.o) (__fp_nan)
c:/program files (x86)/atmel/studio/7.0/toolchain/avr8/avr8-gnu-toolchain/bin/../lib/gcc/avr/4.9.2/../../../../avr/lib/avr5\libm.a(fp_pscA.o)
                              c:/program files (x86)/atmel/studio/7.0/toolchain/avr8/avr8-gnu-toolchain/bin/../lib/gcc/avr/4.9.2/../../../../avr/lib/avr5\libm.a(addsf3x.o) (__fp_pscA)
c:/program files (x86)/atmel/studio/7.0/toolchain/avr8/avr8-gnu-toolchain/bin/../lib/gcc/avr/4.9.2/../../../../avr/lib/avr5\libm.a(fp_pscB.o)
                              c:/program files (x86)/atmel/studio/7.0/toolchain/avr8/avr8-gnu-toolchain/bin/../lib/gcc/avr/4.9.2/../../../../avr/lib/avr5\libm.a(addsf3x.o) (__fp_pscB)
c:/program files (x86)/atmel/studio/7.0/toolchain/avr8/avr8-gnu-toolchain/bin/../lib/gcc/avr/4.9.2/../../../../avr/lib/avr5\libm.a(fp_round.o)
                              c:/program files (x86)/atmel/studio/7.0/toolchain/avr8/avr8-gnu-toolchain/bin/../lib/gcc/avr/4.9.2/../../../../avr/lib/avr5\libm.a(addsf3.o) (__fp_round)
c:/program files (x86)/atmel/studio/7.0/toolchain/avr8/avr8-gnu-toolchain/bin/../lib/gcc/avr/4.9.2/../../../../avr/lib/avr5\libm.a(fp_split3.o)
                              c:/program files (x86)/atmel/studio/7.0/toolchain/avr8/avr8-gnu-toolchain/bin/../lib/gcc/avr/4.9.2/../../../../avr/lib/avr5\libm.a(addsf3x.o) (__fp_split3)
c:/program files (x86)/atmel/studio/7.0/toolchain/avr8/avr8-gnu-toolchain/bin/../lib/gcc/avr/4.9.2/../../../../avr/lib/avr5\libm.a(fp_zero.o)
                              c:/program files (x86)/atmel/studio/7.0/toolchain/avr8/avr8-gnu-toolchain/bin/../lib/gcc/avr/4.9.2/../../../../avr/lib/avr5\libm.a(addsf3x.o) (__fp_zero)
c:/program files (x86)/atmel/studio/7.0/toolchain/avr8/avr8-gnu-toolchain/bin/../lib/gcc/avr/4.9.2/../../../../avr/lib/avr5\libm.a(gesf2.o)
                              ArduinoLibs/CmdMessenger/CmdMessenger.o (__gtsf2)
[...]
Memory Configuration

Name             Origin             Length             Attributes
text             0x00000000         0x00020000         xr
data             0x00800060         0x0000ffa0         rw !x
eeprom           0x00810000         0x00010000         rw !x
fuse             0x00820000         0x00000400         rw !x
lock             0x00830000         0x00000400         rw !x
signature        0x00840000         0x00000400         rw !x
user_signatures  0x00850000         0x00000400         rw !x
*default*        0x00000000         0xffffffff

Linker script and memory map

Address of section .data set to 0x800100
LOAD C:/Program Files (x86)/Atmel/Studio/7.0/Packs/atmel/ATmega_DFP/1.0.106/gcc/dev/atmega328p/avr5/crtatmega328p.o
LOAD ArduinoLibs/Wire/utility/twi.o
LOAD ArduinoLibs/Wire/Wire.o
LOAD ArduinoLibs/SoftwareSerial/SoftwareSerial.o
LOAD ArduinoLibs/SPI/SPI.o
LOAD ArduinoLibs/LiquidCrystal/LiquidCrystal.o
LOAD ArduinoLibs/CmdMessenger/CmdMessenger.o
LOAD ArduinoLibs/erom/erom.o
LOAD ArduinoLibs/RF24/RF24.o
LOAD ArduinoLibs/SimpleTimer/SimpleTimer.o
LOAD EALLib/LCDBase.o
LOAD EALLib/PHSensor.o
LOAD EALLib/TDSSensor.o
LOAD EALLib/WaterSensorWire.o
LOAD EALLib/_globalsWaterSensors.o
LOAD Sketch.o
START GROUP
LOAD c:/program files (x86)/atmel/studio/7.0/toolchain/avr8/avr8-gnu-toolchain/bin/../lib/gcc/avr/4.9.2/../../../../avr/lib/avr5\libm.a
LOAD C:\AtmelArduinoProjects\EALWaterSensors\EALWaterSensors\ArduinoCore\Debug\libArduinoCore.a
END GROUP
LOAD c:/program files (x86)/atmel/studio/7.0/toolchain/avr8/avr8-gnu-toolchain/bin/../lib/gcc/avr/4.9.2/avr5\libgcc.a
LOAD c:/program files (x86)/atmel/studio/7.0/toolchain/avr8/avr8-gnu-toolchain/bin/../lib/gcc/avr/4.9.2/../../../../avr/lib/avr5\libm.a
START GROUP
LOAD c:/program files (x86)/atmel/studio/7.0/toolchain/avr8/avr8-gnu-toolchain/bin/../lib/gcc/avr/4.9.2/avr5\libgcc.a
LOAD c:/program files (x86)/atmel/studio/7.0/toolchain/avr8/avr8-gnu-toolchain/bin/../lib/gcc/avr/4.9.2/../../../../avr/lib/avr5\libm.a
LOAD c:/program files (x86)/atmel/studio/7.0/toolchain/avr8/avr8-gnu-toolchain/bin/../lib/gcc/avr/4.9.2/../../../../avr/lib/avr5\libc.a
LOAD C:/Program Files (x86)/Atmel/Studio/7.0/Packs/atmel/ATmega_DFP/1.0.106/gcc/dev/atmega328p/avr5\libatmega328p.a
END GROUP
                0x00020000                __TEXT_REGION_LENGTH__ = DEFINED (__TEXT_REGION_LENGTH__)?__TEXT_REGION_LENGTH__:0x20000
                0x0000ffa0                __DATA_REGION_LENGTH__ = DEFINED (__DATA_REGION_LENGTH__)?__DATA_REGION_LENGTH__:0xffa0
                0x00010000                __EEPROM_REGION_LENGTH__ = DEFINED (__EEPROM_REGION_LENGTH__)?__EEPROM_REGION_LENGTH__:0x10000
                0x00000400                __FUSE_REGION_LENGTH__ = DEFINED (__FUSE_REGION_LENGTH__)?__FUSE_REGION_LENGTH__:0x400
                0x00000400                __LOCK_REGION_LENGTH__ = DEFINED (__LOCK_REGION_LENGTH__)?__LOCK_REGION_LENGTH__:0x400
                0x00000400                __SIGNATURE_REGION_LENGTH__ = DEFINED (__SIGNATURE_REGION_LENGTH__)?__SIGNATURE_REGION_LENGTH__:0x400
                0x00000400                __USER_SIGNATURE_REGION_LENGTH__ = DEFINED (__USER_SIGNATURE_REGION_LENGTH__)?__USER_SIGNATURE_REGION_LENGTH__:0x400

.hash
 *(.hash)

.dynsym
 *(.dynsym)

.dynstr
 *(.dynstr)

.gnu.version
 *(.gnu.version)

.gnu.version_d
 *(.gnu.version_d)

.gnu.version_r
 *(.gnu.version_r)

.rel.init
 *(.rel.init)

.rela.init
 *(.rela.init)

.rel.text
 *(.rel.text)
 *(.rel.text.*)
 *(.rel.gnu.linkonce.t*)

.rela.text
 *(.rela.text)
 *(.rela.text.*)
 *(.rela.gnu.linkonce.t*)

.rel.fini
 *(.rel.fini)

.rela.fini
 *(.rela.fini)

.rel.rodata
 *(.rel.rodata)
 *(.rel.rodata.*)
 *(.rel.gnu.linkonce.r*)

.rela.rodata
 *(.rela.rodata)
 *(.rela.rodata.*)
 *(.rela.gnu.linkonce.r*)

.rel.data
 *(.rel.data)
 *(.rel.data.*)
 *(.rel.gnu.linkonce.d*)

.rela.data
 *(.rela.data)
 *(.rela.data.*)
 *(.rela.gnu.linkonce.d*)

.rel.ctors
 *(.rel.ctors)

.rela.ctors
 *(.rela.ctors)

.rel.dtors
 *(.rel.dtors)

.rela.dtors
 *(.rela.dtors)

.rel.got
 *(.rel.got)

.rela.got
 *(.rela.got)

.rel.bss
 *(.rel.bss)

.rela.bss
 *(.rela.bss)

.rel.plt
 *(.rel.plt)

.rela.plt
 *(.rela.plt)

.text           0x00000000     0x61e8
 *(.vectors)
 .vectors       0x00000000       0x68 C:/Program Files (x86)/Atmel/Studio/7.0/Packs/atmel/ATmega_DFP/1.0.106/gcc/dev/atmega328p/avr5/crtatmega328p.o
                0x00000000                __vector_default
                0x00000000                __vectors
 *(.vectors)
 *(.progmem.gcc*)
 .progmem.gcc_sw_table.__vector_24
                0x00000068      0x192 ArduinoLibs/Wire/utility/twi.o
                0x000001fa                . = ALIGN (0x2)
                0x000001fa                __trampolines_start = .
 *(.trampolines)
 .trampolines   0x000001fa        0x0 linker stubs
 *(.trampolines*)
                0x000001fa                __trampolines_end = .
 *libprintf_flt.a:*(.progmem.data)
 *libc.a:*(.progmem.data)
 .progmem.data  0x000001fa       0x3b c:/program files (x86)/atmel/studio/7.0/toolchain/avr8/avr8-gnu-toolchain/bin/../lib/gcc/avr/4.9.2/../../../../avr/lib/avr5\libc.a(strtod.o)
 .progmem.data  0x00000235       0xfa c:/program files (x86)/atmel/studio/7.0/toolchain/avr8/avr8-gnu-toolchain/bin/../lib/gcc/avr/4.9.2/../../../../avr/lib/avr5\libc.a(ftoa_engine.o)
 *(.progmem*)
 .progmem.data._ZZN7LCDBase9ClearLineEsE3__c
                0x0000032f       0x11 EALLib/LCDBase.o
 .progmem.data._ZZN8PHSensor16CalculateAverageEPiiE3__c
                0x00000340       0x2a EALLib/PHSensor.o
 .progmem.data._ZZN9TDSSensor16CalculateAverageEPiiE3__c
                0x0000036a       0x2a EALLib/TDSSensor.o
 .progmem.data._ZZN15WaterSensorWire7ReceiveEiE3__c
                0x00000394       0x26 EALLib/WaterSensorWire.o
 .progmem.data.digital_pin_to_timer_PGM
                0x000003ba       0x14 C:\AtmelArduinoProjects\EALWaterSensors\EALWaterSensors\ArduinoCore\Debug\libArduinoCore.a(wiring_digital.o)
                0x000003ba                digital_pin_to_timer_PGM
 .progmem.data.digital_pin_to_bit_mask_PGM
                0x000003ce       0x14 C:\AtmelArduinoProjects\EALWaterSensors\EALWaterSensors\ArduinoCore\Debug\libArduinoCore.a(wiring_digital.o)
                0x000003ce                digital_pin_to_bit_mask_PGM
 .progmem.data.digital_pin_to_port_PGM
                0x000003e2       0x14 C:\AtmelArduinoProjects\EALWaterSensors\EALWaterSensors\ArduinoCore\Debug\libArduinoCore.a(wiring_digital.o)
                0x000003e2                digital_pin_to_port_PGM
 .progmem.data.port_to_input_PGM
                0x000003f6        0xa C:\AtmelArduinoProjects\EALWaterSensors\EALWaterSensors\ArduinoCore\Debug\libArduinoCore.a(wiring_digital.o)
                0x000003f6                port_to_input_PGM
 .progmem.data.port_to_output_PGM
                0x00000400        0xa C:\AtmelArduinoProjects\EALWaterSensors\EALWaterSensors\ArduinoCore\Debug\libArduinoCore.a(wiring_digital.o)
                0x00000400                port_to_output_PGM
 .progmem.data.port_to_mode_PGM
                0x0000040a        0xa C:\AtmelArduinoProjects\EALWaterSensors\EALWaterSensors\ArduinoCore\Debug\libArduinoCore.a(wiring_digital.o)
                0x0000040a                port_to_mode_PGM
                0x00000414                . = ALIGN (0x2)
 *(.jumptables)
 *(.jumptables*)
 *(.lowtext)
 *(.lowtext*)
                0x00000414                __ctors_start = .
 *(.ctors)
 .ctors         0x00000414        0x2 ArduinoLibs/Wire/Wire.o
 .ctors         0x00000416        0x2 ArduinoLibs/erom/erom.o
 .ctors         0x00000418        0x2 EALLib/WaterSensorWire.o
 .ctors         0x0000041a        0x2 EALLib/_globalsWaterSensors.o
 .ctors         0x0000041c        0x2 Sketch.o
 .ctors         0x0000041e        0x2 C:\AtmelArduinoProjects\EALWaterSensors\EALWaterSensors\ArduinoCore\Debug\libArduinoCore.a(HardwareSerial0.o)
                0x00000420                __ctors_end = .
                0x00000420                __dtors_start = .
 *(.dtors)
 .dtors         0x00000420        0x2 EALLib/WaterSensorWire.o
 .dtors         0x00000422        0x2 EALLib/_globalsWaterSensors.o
                0x00000424                __dtors_end = .
 SORT(*)(.ctors)
 SORT(*)(.dtors)
 *(.init0)
 .init0         0x00000424        0x0 C:/Program Files (x86)/Atmel/Studio/7.0/Packs/atmel/ATmega_DFP/1.0.106/gcc/dev/atmega328p/avr5/crtatmega328p.o
                0x00000424                __init
 *(.init0)
 *(.init1)
 *(.init1)
 *(.init2)
 .init2         0x00000424        0xc C:/Program Files (x86)/Atmel/Studio/7.0/Packs/atmel/ATmega_DFP/1.0.106/gcc/dev/atmega328p/avr5/crtatmega328p.o
 *(.init2)
 *(.init3)
 *(.init3)
 *(.init4)
 .init4         0x00000430       0x16 c:/program files (x86)/atmel/studio/7.0/toolchain/avr8/avr8-gnu-toolchain/bin/../lib/gcc/avr/4.9.2/avr5\libgcc.a(_copy_data.o)
                0x00000430                __do_copy_data
 .init4         0x00000446       0x10 c:/program files (x86)/atmel/studio/7.0/toolchain/avr8/avr8-gnu-toolchain/bin/../lib/gcc/avr/4.9.2/avr5\libgcc.a(_clear_bss.o)
                0x00000446                __do_clear_bss
 *(.init4)
 *(.init5)
 *(.init5)
 *(.init6)
 .init6         0x00000456       0x16 c:/program files (x86)/atmel/studio/7.0/toolchain/avr8/avr8-gnu-toolchain/bin/../lib/gcc/avr/4.9.2/avr5\libgcc.a(_ctors.o)
                0x00000456                __do_global_ctors
 *(.init6)
 *(.init7)
 *(.init7)
 *(.init8)
 *(.init8)
 *(.init9)
 .init9         0x0000046c        0x8 C:/Program Files (x86)/Atmel/Studio/7.0/Packs/atmel/ATmega_DFP/1.0.106/gcc/dev/atmega328p/avr5/crtatmega328p.o
 *(.init9)
 *(.text)
 .text          0x00000474        0x2 C:/Program Files (x86)/Atmel/Studio/7.0/Packs/atmel/ATmega_DFP/1.0.106/gcc/dev/atmega328p/avr5/crtatmega328p.o
                0x00000474                __vector_22
                0x00000474                __vector_1
                0x00000474                __vector_12
                0x00000474                __bad_interrupt
                0x00000474                __vector_6
                0x00000474                __vector_23
                0x00000474                __vector_25
                0x00000474                __vector_11
                0x00000474                __vector_13
                0x00000474                __vector_17
                0x00000474                __vector_7
                0x00000474                __vector_9
                0x00000474                __vector_2
                0x00000474                __vector_21
                0x00000474                __vector_15
                0x00000474                __vector_8
                0x00000474                __vector_14
                0x00000474                __vector_10
                0x00000474                __vector_20
                0x00000476                . = ALIGN (0x2)
 *(.text.*)
 .text.twi_init
                0x00000476       0x3c ArduinoLibs/Wire/utility/twi.o
                0x00000476                twi_init
 .text.twi_setAddress
                0x000004b2        0x8 ArduinoLibs/Wire/utility/twi.o
                0x000004b2                twi_setAddress
 .text.twi_transmit
                0x000004ba       0x42 ArduinoLibs/Wire/utility/twi.o
                0x000004ba                twi_transmit
 .text.twi_attachSlaveRxEvent
                0x000004fc        0xa ArduinoLibs/Wire/utility/twi.o
                0x000004fc                twi_attachSlaveRxEvent
 .text.twi_attachSlaveTxEvent
                0x00000506        0xa ArduinoLibs/Wire/utility/twi.o
                0x00000506                twi_attachSlaveTxEvent
 .text.twi_stop
                0x00000510       0x16 ArduinoLibs/Wire/utility/twi.o
                0x00000510                twi_stop
 .text.twi_releaseBus
                0x00000526        0xc ArduinoLibs/Wire/utility/twi.o
                0x00000526                twi_releaseBus
 .text.__vector_24
                0x00000532      0x232 ArduinoLibs/Wire/utility/twi.o
                0x00000532                __vector_24
 .text._ZN5Print13setWriteErrorEi
                0x00000764       0x2a ArduinoLibs/Wire/Wire.o
                0x00000764                _ZN5Print13setWriteErrorEi
 .text._ZN5PrintC2Ev
                0x0000078e       0x30 ArduinoLibs/Wire/Wire.o
                0x0000078e                _ZN5PrintC2Ev
                0x0000078e                _ZN5PrintC1Ev
 .text._ZN6StreamC2Ev
                0x000007be       0x42 ArduinoLibs/Wire/Wire.o
                0x000007be                _ZN6StreamC1Ev
                0x000007be                _ZN6StreamC2Ev
 .text._ZN7TwoWireC2Ev
                0x00000800       0x2c ArduinoLibs/Wire/Wire.o
                0x00000800                _ZN7TwoWireC1Ev
                0x00000800                _ZN7TwoWireC2Ev
 .text._ZN7TwoWire5beginEv
                0x0000082c       0x2a ArduinoLibs/Wire/Wire.o
                0x0000082c                _ZN7TwoWire5beginEv
 .text._ZN7TwoWire5beginEh
                0x00000856       0x30 ArduinoLibs/Wire/Wire.o
                0x00000856                _ZN7TwoWire5beginEh
 .text._ZN7TwoWire5writeEh
                0x00000886       0x6c ArduinoLibs/Wire/Wire.o
                0x00000886                _ZN7TwoWire5writeEh
 .text._ZN7TwoWire5writeEPKhj
                0x000008f2       0x80 ArduinoLibs/Wire/Wire.o
                0x000008f2                _ZN7TwoWire5writeEPKhj
 .text._ZN7TwoWire9availableEv
                0x00000972       0x30 ArduinoLibs/Wire/Wire.o
                0x00000972                _ZN7TwoWire9availableEv
 .text._ZN7TwoWire4readEv
                0x000009a2       0x52 ArduinoLibs/Wire/Wire.o
                0x000009a2                _ZN7TwoWire4readEv
 .text._ZN7TwoWire4peekEv
                0x000009f4       0x48 ArduinoLibs/Wire/Wire.o
                0x000009f4                _ZN7TwoWire4peekEv
 .text._ZN7TwoWire5flushEv
                0x00000a3c       0x18 ArduinoLibs/Wire/Wire.o
                0x00000a3c                _ZN7TwoWire5flushEv
 .text._ZN7TwoWire16onReceiveServiceEPhi
                0x00000a54       0x8c ArduinoLibs/Wire/Wire.o
                0x00000a54                _ZN7TwoWire16onReceiveServiceEPhi
 .text._ZN7TwoWire16onRequestServiceEv
                0x00000ae0       0x34 ArduinoLibs/Wire/Wire.o
                0x00000ae0                _ZN7TwoWire16onRequestServiceEv
 .text._ZN7TwoWire9onReceiveEPFviE
                0x00000b14       0x28 ArduinoLibs/Wire/Wire.o
                0x00000b14                _ZN7TwoWire9onReceiveEPFviE
 .text._ZN7TwoWire9onRequestEPFvvE
                0x00000b3c       0x28 ArduinoLibs/Wire/Wire.o
                0x00000b3c                _ZN7TwoWire9onRequestEPFvvE
 .text._Z41__static_initialization_and_destruction_0ii
                0x00000b64       0x32 ArduinoLibs/Wire/Wire.o
 .text._GLOBAL__sub_I__ZN7TwoWire8rxBufferE
                0x00000b96       0x1c ArduinoLibs/Wire/Wire.o
 .text._Z10DebugPulsehh
                0x00000bb2       0x18 ArduinoLibs/SoftwareSerial/SoftwareSerial.o
                0x00000bb2                _Z10DebugPulsehh
 .text._ZN14SoftwareSerial10tunedDelayEj
                0x00000bca       0x2c ArduinoLibs/SoftwareSerial/SoftwareSerial.o
                0x00000bca                _ZN14SoftwareSerial10tunedDelayEj
 .text._ZN14SoftwareSerial11rx_pin_readEv
                0x00000bf6       0x30 ArduinoLibs/SoftwareSerial/SoftwareSerial.o
                0x00000bf6                _ZN14SoftwareSerial11rx_pin_readEv
 .text.__vector_3
                0x00000c26      0x25c ArduinoLibs/SoftwareSerial/SoftwareSerial.o
                0x00000c26                __vector_5
                0x00000c26                __vector_4
                0x00000c26                __vector_3
 .text._ZN13LiquidCrystalC2Ehhhhhh
                0x00000e82       0x84 ArduinoLibs/LiquidCrystal/LiquidCrystal.o
                0x00000e82                _ZN13LiquidCrystalC1Ehhhhhh
                0x00000e82                _ZN13LiquidCrystalC2Ehhhhhh
 .text._ZN13LiquidCrystal4initEhhhhhhhhhhhh
                0x00000f06       0xe2 ArduinoLibs/LiquidCrystal/LiquidCrystal.o
                0x00000f06                _ZN13LiquidCrystal4initEhhhhhhhhhhhh
 .text._ZN13LiquidCrystal5beginEhhh
                0x00000fe8      0x22a ArduinoLibs/LiquidCrystal/LiquidCrystal.o
                0x00000fe8                _ZN13LiquidCrystal5beginEhhh
 .text._ZN13LiquidCrystal13setRowOffsetsEiiii
                0x00001212       0x50 ArduinoLibs/LiquidCrystal/LiquidCrystal.o
                0x00001212                _ZN13LiquidCrystal13setRowOffsetsEiiii
 .text._ZN13LiquidCrystal5clearEv
                0x00001262       0x28 ArduinoLibs/LiquidCrystal/LiquidCrystal.o
                0x00001262                _ZN13LiquidCrystal5clearEv
 .text._ZN13LiquidCrystal9setCursorEhh
                0x0000128a       0x6c ArduinoLibs/LiquidCrystal/LiquidCrystal.o
                0x0000128a                _ZN13LiquidCrystal9setCursorEhh
 .text._ZN13LiquidCrystal7displayEv
                0x000012f6       0x40 ArduinoLibs/LiquidCrystal/LiquidCrystal.o
                0x000012f6                _ZN13LiquidCrystal7displayEv
 .text._ZN13LiquidCrystal7commandEh
                0x00001336       0x24 ArduinoLibs/LiquidCrystal/LiquidCrystal.o
                0x00001336                _ZN13LiquidCrystal7commandEh
 .text._ZN13LiquidCrystal5writeEh
                0x0000135a       0x28 ArduinoLibs/LiquidCrystal/LiquidCrystal.o
                0x0000135a                _ZN13LiquidCrystal5writeEh
 .text._ZN13LiquidCrystal4sendEhh
                0x00001382       0x8a ArduinoLibs/LiquidCrystal/LiquidCrystal.o
                0x00001382                _ZN13LiquidCrystal4sendEhh
 .text._ZN13LiquidCrystal11pulseEnableEv
                0x0000140c       0x5a ArduinoLibs/LiquidCrystal/LiquidCrystal.o
                0x0000140c                _ZN13LiquidCrystal11pulseEnableEv
 .text._ZN13LiquidCrystal10write4bitsEh
                0x00001466       0x66 ArduinoLibs/LiquidCrystal/LiquidCrystal.o
                0x00001466                _ZN13LiquidCrystal10write4bitsEh
 .text._ZN13LiquidCrystal10write8bitsEh
                0x000014cc       0x66 ArduinoLibs/LiquidCrystal/LiquidCrystal.o
                0x000014cc                _ZN13LiquidCrystal10write8bitsEh
 .text._ZNK4erom6Access4readEj
                0x00001532       0x28 ArduinoLibs/erom/erom.o
                0x00001532                _ZNK4erom6Access4readEj
 .text._ZNK4erom6Access9read_byteEj
                0x0000155a       0x4a ArduinoLibs/erom/erom.o
                0x0000155a                _ZNK4erom6Access9read_byteEj
 .text._ZNK4erom6Access5writeEjh
                0x000015a4       0x2c ArduinoLibs/erom/erom.o
                0x000015a4                _ZNK4erom6Access5writeEjh
 .text._ZNK4erom6Access10write_byteEjh
                0x000015d0       0x50 ArduinoLibs/erom/erom.o
                0x000015d0                _ZNK4erom6Access10write_byteEjh
 .text._ZNK4erom6Access8in_rangeEj
                0x00001620       0x40 ArduinoLibs/erom/erom.o
                0x00001620                _ZNK4erom6Access8in_rangeEj
 .text._ZNK4erom6Access4baseEv
                0x00001660       0x22 ArduinoLibs/erom/erom.o
                0x00001660                _ZNK4erom6Access4baseEv
 .text._ZNK4erom6Access11memory_sizeEv
                0x00001682       0x22 ArduinoLibs/erom/erom.o
                0x00001682                _ZNK4erom6Access11memory_sizeEv
 .text._ZN4erom6Access8instanceEv
                0x000016a4       0x36 ArduinoLibs/erom/erom.o
                0x000016a4                _ZN4erom6Access8instanceEv
 .text._ZN4erom7Storage6OnLoadEv
                0x000016da       0x18 ArduinoLibs/erom/erom.o
                0x000016da                _ZN4erom7Storage6OnLoadEv
 .text._ZN4erom7Storage6OnSaveEv
                0x000016f2       0x18 ArduinoLibs/erom/erom.o
                0x000016f2                _ZN4erom7Storage6OnSaveEv
 .text._ZN4erom7Storage7OnClearEv
                0x0000170a       0x18 ArduinoLibs/erom/erom.o
                0x0000170a                _ZN4erom7Storage7OnClearEv
 .text._ZN4erom7StorageC2Ev
                0x00001722       0x3e ArduinoLibs/erom/erom.o
                0x00001722                _ZN4erom7StorageC1Ev
                0x00001722                _ZN4erom7StorageC2Ev
 .text._ZN4erom7StorageD2Ev
                0x00001760       0x36 ArduinoLibs/erom/erom.o
                0x00001760                _ZN4erom7StorageD2Ev
                0x00001760                _ZN4erom7StorageD1Ev
 .text._ZN4erom7StorageD0Ev
                0x00001796       0x26 ArduinoLibs/erom/erom.o
                0x00001796                _ZN4erom7StorageD0Ev
 .text._ZN4erom6AccessC2Ej
                0x000017bc       0x38 ArduinoLibs/erom/erom.o
                0x000017bc                _ZN4erom6AccessC2Ej
                0x000017bc                _ZN4erom6AccessC1Ej
 .text._ZN4erom6Access18device_memory_sizeEv
                0x000017f4       0x16 ArduinoLibs/erom/erom.o
                0x000017f4                _ZN4erom6Access18device_memory_sizeEv
 .text._ZNK4erom6Access10read_blockIdEEbjRT_
                0x0000180a       0x52 ArduinoLibs/erom/erom.o
                0x0000180a                _ZNK4erom6Access10read_blockIdEEbjRT_
 .text._ZNK4erom6Access11_read_blockIdEEvjRT_
                0x0000185c       0x40 ArduinoLibs/erom/erom.o
                0x0000185c                _ZNK4erom6Access11_read_blockIdEEvjRT_
 .text._Z41__static_initialization_and_destruction_0ii
                0x0000189c       0x36 ArduinoLibs/erom/erom.o
 .text._GLOBAL__sub_I__ZN4erom6accessE
                0x000018d2       0x1c ArduinoLibs/erom/erom.o
 .text._ZL7elapsedv
                0x000018ee       0x1e ArduinoLibs/SimpleTimer/SimpleTimer.o
 .text._ZN11SimpleTimerC2Ev
                0x0000190c       0xcc ArduinoLibs/SimpleTimer/SimpleTimer.o
                0x0000190c                _ZN11SimpleTimerC1Ev
                0x0000190c                _ZN11SimpleTimerC2Ev
 .text._ZN11SimpleTimer3runEv
                0x000019d8      0x31c ArduinoLibs/SimpleTimer/SimpleTimer.o
                0x000019d8                _ZN11SimpleTimer3runEv
 .text._ZN11SimpleTimer17findFirstFreeSlotEv
                0x00001cf4       0x6e ArduinoLibs/SimpleTimer/SimpleTimer.o
                0x00001cf4                _ZN11SimpleTimer17findFirstFreeSlotEv
 .text._ZN11SimpleTimer8setTimerElPFvvEi
                0x00001d62      0x116 ArduinoLibs/SimpleTimer/SimpleTimer.o
                0x00001d62                _ZN11SimpleTimer8setTimerElPFvvEi
 .text._ZN11SimpleTimer11setIntervalElPFvvE
                0x00001e78       0x52 ArduinoLibs/SimpleTimer/SimpleTimer.o
                0x00001e78                _ZN11SimpleTimer11setIntervalElPFvvE
 .text._ZN11SimpleTimer10setTimeoutElPFvvE
                0x00001eca       0x52 ArduinoLibs/SimpleTimer/SimpleTimer.o
                0x00001eca                _ZN11SimpleTimer10setTimeoutElPFvvE
 .text._ZN11SimpleTimer11deleteTimerEi
                0x00001f1c       0xf8 ArduinoLibs/SimpleTimer/SimpleTimer.o
                0x00001f1c                _ZN11SimpleTimer11deleteTimerEi
 .text._ZN11SimpleTimer12restartTimerEi
                0x00002014       0x4e ArduinoLibs/SimpleTimer/SimpleTimer.o
                0x00002014                _ZN11SimpleTimer12restartTimerEi
 .text._ZN11SimpleTimer9isEnabledEi
                0x00002062       0x3c ArduinoLibs/SimpleTimer/SimpleTimer.o
                0x00002062                _ZN11SimpleTimer9isEnabledEi
 .text._ZN11SimpleTimer6enableEi
                0x0000209e       0x3c ArduinoLibs/SimpleTimer/SimpleTimer.o
                0x0000209e                _ZN11SimpleTimer6enableEi
 .text._ZN11SimpleTimer7disableEi
                0x000020da       0x3a ArduinoLibs/SimpleTimer/SimpleTimer.o
                0x000020da                _ZN11SimpleTimer7disableEi
 .text._ZN7LCDBaseC2Ev
                0x00002114       0x58 EALLib/LCDBase.o
                0x00002114                _ZN7LCDBaseC1Ev
                0x00002114                _ZN7LCDBaseC2Ev
 .text._ZN7LCDBase4InitEv
                0x0000216c       0x36 EALLib/LCDBase.o
                0x0000216c                _ZN7LCDBase4InitEv
 .text._ZN7LCDBase9ClearLineEs
                0x000021a2       0x36 EALLib/LCDBase.o
                0x000021a2                _ZN7LCDBase9ClearLineEs
 .text._ZN7LCDBase9PrintLineEs6String
                0x000021d8       0x46 EALLib/LCDBase.o
                0x000021d8                _ZN7LCDBase9PrintLineEs6String
 .text._ZNK6String5c_strEv
                0x0000221e       0x22 EALLib/PHSensor.o
                0x0000221e                _ZNK6String5c_strEv
 .text._ZN15StringSumHelperC2EPKc
                0x00002240       0x2a EALLib/PHSensor.o
                0x00002240                _ZN15StringSumHelperC1EPKc
                0x00002240                _ZN15StringSumHelperC2EPKc
 .text._ZN5PrintC2ERKS_
                0x0000226a       0x3e EALLib/PHSensor.o
                0x0000226a                _ZN5PrintC2ERKS_
                0x0000226a                _ZN5PrintC1ERKS_
 .text._ZN13LiquidCrystalC2ERKS_
                0x000022a8       0xec EALLib/PHSensor.o
                0x000022a8                _ZN13LiquidCrystalC1ERKS_
                0x000022a8                _ZN13LiquidCrystalC2ERKS_
 .text._ZN7LCDBaseC2ERKS_
                0x00002394       0x36 EALLib/PHSensor.o
                0x00002394                _ZN7LCDBaseC2ERKS_
                0x00002394                _ZN7LCDBaseC1ERKS_
 .text._ZN8PHSensorC2Eiib7LCDBase
                0x000023ca       0xba EALLib/PHSensor.o
                0x000023ca                _ZN8PHSensorC2Eiib7LCDBase
                0x000023ca                _ZN8PHSensorC1Eiib7LCDBase
 .text._ZN8PHSensor4InitEv
                0x00002484       0x78 EALLib/PHSensor.o
                0x00002484                _ZN8PHSensor4InitEv
 .text._ZN8PHSensor6UpdateEd
                0x000024fc       0x3e EALLib/PHSensor.o
                0x000024fc                _ZN8PHSensor6UpdateEd
 .text._ZN8PHSensor5GetPHEv
                0x0000253a       0xac EALLib/PHSensor.o
                0x0000253a                _ZN8PHSensor5GetPHEv
 .text._ZN8PHSensor11CalculatePHEv
                0x000025e6       0xf4 EALLib/PHSensor.o
                0x000025e6                _ZN8PHSensor11CalculatePHEv
 .text._ZN8PHSensor10GetPHValueEv
                0x000026da      0x1ce EALLib/PHSensor.o
                0x000026da                _ZN8PHSensor10GetPHValueEv
 .text._ZN15StringSumHelperD2Ev
                0x000028a8       0x20 EALLib/PHSensor.o
                0x000028a8                _ZN15StringSumHelperD1Ev
                0x000028a8                _ZN15StringSumHelperD2Ev
 .text._ZN8PHSensor12PrintPHToLCDEv
                0x000028c8      0x166 EALLib/PHSensor.o
                0x000028c8                _ZN8PHSensor12PrintPHToLCDEv
 .text._ZN8PHSensor16CalculateAverageEPii
                0x00002a2e      0x2c4 EALLib/PHSensor.o
                0x00002a2e                _ZN8PHSensor16CalculateAverageEPii
 .text._ZNK4erom6Access11write_blockIdEEbjRKT_
                0x00002cf2       0x54 EALLib/PHSensor.o
                0x00002cf2                _ZNK4erom6Access11write_blockIdEEbjRKT_
 .text._ZN4erom5EntryIdEC2Ej
                0x00002d46       0x40 EALLib/PHSensor.o
                0x00002d46                _ZN4erom5EntryIdEC1Ej
                0x00002d46                _ZN4erom5EntryIdEC2Ej
 .text._ZN4erom5EntryIdE4loadEv
                0x00002d86       0x4a EALLib/PHSensor.o
                0x00002d86                _ZN4erom5EntryIdE4loadEv
 .text._ZN4erom5EntryIdEcvRdEv
                0x00002dd0       0x1e EALLib/PHSensor.o
                0x00002dd0                _ZN4erom5EntryIdEcvRdEv
 .text._ZN4erom5EntryIdEaSERKd
                0x00002dee       0x3c EALLib/PHSensor.o
                0x00002dee                _ZN4erom5EntryIdEaSERKd
 .text._ZNK4erom5EntryIdE4saveEb
                0x00002e2a       0x74 EALLib/PHSensor.o
                0x00002e2a                _ZNK4erom5EntryIdE4saveEb
 .text._ZNK4erom6Access12_write_blockIdEEvjRKT_
                0x00002e9e       0x42 EALLib/PHSensor.o
                0x00002e9e                _ZNK4erom6Access12_write_blockIdEEvjRKT_
 .text._ZNK4erom5EntryIdE7addressEv
                0x00002ee0       0x22 EALLib/PHSensor.o
                0x00002ee0                _ZNK4erom5EntryIdE7addressEv
 .text._ZNK4erom6Access12update_blockIdEEjjRKT_
                0x00002f02       0xc4 EALLib/PHSensor.o
                0x00002f02                _ZNK4erom6Access12update_blockIdEEjjRKT_
 .text._ZN8PHSensorD2Ev
                0x00002fc6       0x56 EALLib/PHSensor.o
                0x00002fc6                _ZN8PHSensorD1Ev
                0x00002fc6                _ZN8PHSensorD2Ev
 .text._ZN8PHSensorD0Ev
                0x0000301c       0x26 EALLib/PHSensor.o
                0x0000301c                _ZN8PHSensorD0Ev
 .text._ZN9TDSSensorC2Eiib7LCDBase
                0x00003042       0xbc EALLib/TDSSensor.o
                0x00003042                _ZN9TDSSensorC1Eiib7LCDBase
                0x00003042                _ZN9TDSSensorC2Eiib7LCDBase
 .text._ZN9TDSSensor4InitEv
                0x000030fe       0x78 EALLib/TDSSensor.o
                0x000030fe                _ZN9TDSSensor4InitEv
 .text._ZN9TDSSensor6UpdateEd
                0x00003176       0x3e EALLib/TDSSensor.o
                0x00003176                _ZN9TDSSensor6UpdateEd
 .text._ZN9TDSSensor6GetTDSEv
                0x000031b4       0xae EALLib/TDSSensor.o
                0x000031b4                _ZN9TDSSensor6GetTDSEv
 .text._ZN9TDSSensor13PrintTDSToLCDEv
                0x00003262      0x16a EALLib/TDSSensor.o
                0x00003262                _ZN9TDSSensor13PrintTDSToLCDEv
 .text._ZN9TDSSensor12CalculateTDSEv
                0x000033cc       0xf0 EALLib/TDSSensor.o
                0x000033cc                _ZN9TDSSensor12CalculateTDSEv
 .text._ZN9TDSSensor11GetTDSValueEv
                0x000034bc      0x186 EALLib/TDSSensor.o
                0x000034bc                _ZN9TDSSensor11GetTDSValueEv
 .text._ZN9TDSSensor16CalculateAverageEPii
                0x00003642      0x2bc EALLib/TDSSensor.o
                0x00003642                _ZN9TDSSensor16CalculateAverageEPii
 .text._ZN9TDSSensorD2Ev
                0x000038fe       0x54 EALLib/TDSSensor.o
                0x000038fe                _ZN9TDSSensorD2Ev
                0x000038fe                _ZN9TDSSensorD1Ev
 .text._ZN9TDSSensorD0Ev
                0x00003952       0x24 EALLib/TDSSensor.o
                0x00003952                _ZN9TDSSensorD0Ev
 .text._ZNK6String6lengthEv
                0x00003976       0x22 EALLib/WaterSensorWire.o
                0x00003976                _ZNK6String6lengthEv
 .text._ZN6StringpLEPKc
                0x00003998       0x2e EALLib/WaterSensorWire.o
                0x00003998                _ZN6StringpLEPKc
 .text._ZNK6StringeqEPKc
                0x000039c6       0x2a EALLib/WaterSensorWire.o
                0x000039c6                _ZNK6StringeqEPKc
 .text._ZN15WaterSensorWire5SetupEv
                0x000039f0       0x34 EALLib/WaterSensorWire.o
                0x000039f0                _ZN15WaterSensorWire5SetupEv
 .text._ZN15WaterSensorWire7ReceiveEi
                0x00003a24      0x1bc EALLib/WaterSensorWire.o
                0x00003a24                _ZN15WaterSensorWire7ReceiveEi
 .text._ZN15WaterSensorWire7RequestEv
                0x00003be0      0x200 EALLib/WaterSensorWire.o
                0x00003be0                _ZN15WaterSensorWire7RequestEv
 .text._ZN15WaterSensorWire11SplitStringE6Stringci
                0x00003de0      0x106 EALLib/WaterSensorWire.o
                0x00003de0                _ZN15WaterSensorWire11SplitStringE6Stringci
 .text._Z41__static_initialization_and_destruction_0ii
                0x00003ee6       0x96 EALLib/WaterSensorWire.o
 .text._GLOBAL__sub_I__ZN15WaterSensorWire5SetupEv
                0x00003f7c       0x1c EALLib/WaterSensorWire.o
 .text._GLOBAL__sub_D__ZN15WaterSensorWire5SetupEv
                0x00003f98       0x1c EALLib/WaterSensorWire.o
 .text._Z41__static_initialization_and_destruction_0ii
                0x00003fb4       0xa8 EALLib/_globalsWaterSensors.o
 .text._GLOBAL__sub_I__ZN7Globals12_phSensorPinE
                0x0000405c       0x1c EALLib/_globalsWaterSensors.o
 .text._GLOBAL__sub_D__ZN7Globals12_phSensorPinE
                0x00004078       0x1c EALLib/_globalsWaterSensors.o
 .text._ZN14HardwareSerial5beginEm
                0x00004094       0x36 Sketch.o
                0x00004094                _ZN14HardwareSerial5beginEm
 .text._ZN14HardwareSerialcvbEv
                0x000040ca       0x1a Sketch.o
                0x000040ca                _ZN14HardwareSerialcvbEv
 .text.setup    0x000040e4       0x48 Sketch.o
                0x000040e4                setup
 .text.loop     0x0000412c       0x28 Sketch.o
                0x0000412c                loop
 .text._Z11AsyncDoWorkv
                0x00004154       0x20 Sketch.o
                0x00004154                _Z11AsyncDoWorkv
 .text._Z41__static_initialization_and_destruction_0ii
                0x00004174       0x34 Sketch.o
 .text._GLOBAL__sub_I__asyncTimer
                0x000041a8       0x1c Sketch.o
 .text.avr-libc.fplib
                0x000041c4        0xa c:/program files (x86)/atmel/studio/7.0/toolchain/avr8/avr8-gnu-toolchain/bin/../lib/gcc/avr/4.9.2/../../../../avr/lib/avr5\libm.a(addsf3.o)
                0x000041c4                __subsf3
                0x000041c6                __addsf3
 .text.avr-libc.fplib
                0x000041ce       0xc0 c:/program files (x86)/atmel/studio/7.0/toolchain/avr8/avr8-gnu-toolchain/bin/../lib/gcc/avr/4.9.2/../../../../avr/lib/avr5\libm.a(addsf3x.o)
                0x000041e8                __addsf3x
 .text.avr-libc.fplib
                0x0000428e        0x8 c:/program files (x86)/atmel/studio/7.0/toolchain/avr8/avr8-gnu-toolchain/bin/../lib/gcc/avr/4.9.2/../../../../avr/lib/avr5\libm.a(cmpsf2.o)
                0x0000428e                __nesf2
                0x0000428e                __eqsf2
                0x0000428e                __cmpsf2
                0x0000428e                __ltsf2
                0x0000428e                __lesf2
 .text.avr-libc.fplib
                0x00004296        0x4 c:/program files (x86)/atmel/studio/7.0/toolchain/avr8/avr8-gnu-toolchain/bin/../lib/gcc/avr/4.9.2/../../../../avr/lib/avr5\libm.a(divsf3.o)
                0x00004296                __divsf3
 .text.avr-libc.fplib
                0x0000429a       0xcc c:/program files (x86)/atmel/studio/7.0/toolchain/avr8/avr8-gnu-toolchain/bin/../lib/gcc/avr/4.9.2/../../../../avr/lib/avr5\libm.a(divsf3x.o)
                0x000042b0                __divsf3x
                0x000042b4                __divsf3_pse
 .text.avr-libc.fplib
                0x00004366       0x7a c:/program files (x86)/atmel/studio/7.0/toolchain/avr8/avr8-gnu-toolchain/bin/../lib/gcc/avr/4.9.2/../../../../avr/lib/avr5\libm.a(floatsisf.o)
                0x00004366                __floatunsisf
                0x0000436a                __floatsisf
 .text.avr-libc.fplib
                0x000043e0       0x48 c:/program files (x86)/atmel/studio/7.0/toolchain/avr8/avr8-gnu-toolchain/bin/../lib/gcc/avr/4.9.2/../../../../avr/lib/avr5\libm.a(fp_cmp.o)
                0x000043e0                __fp_cmp
 .text.avr-libc.fplib
                0x00004428        0xc c:/program files (x86)/atmel/studio/7.0/toolchain/avr8/avr8-gnu-toolchain/bin/../lib/gcc/avr/4.9.2/../../../../avr/lib/avr5\libm.a(fp_inf.o)
                0x00004428                __fp_inf
 .text.avr-libc.fplib
                0x00004434        0x6 c:/program files (x86)/atmel/studio/7.0/toolchain/avr8/avr8-gnu-toolchain/bin/../lib/gcc/avr/4.9.2/../../../../avr/lib/avr5\libm.a(fp_nan.o)
                0x00004434                __fp_nan
 .text.avr-libc.fplib
                0x0000443a        0xe c:/program files (x86)/atmel/studio/7.0/toolchain/avr8/avr8-gnu-toolchain/bin/../lib/gcc/avr/4.9.2/../../../../avr/lib/avr5\libm.a(fp_pscA.o)
                0x0000443a                __fp_pscA
 .text.avr-libc.fplib
                0x00004448        0xe c:/program files (x86)/atmel/studio/7.0/toolchain/avr8/avr8-gnu-toolchain/bin/../lib/gcc/avr/4.9.2/../../../../avr/lib/avr5\libm.a(fp_pscB.o)
                0x00004448                __fp_pscB
 .text.avr-libc.fplib
                0x00004456       0x22 c:/program files (x86)/atmel/studio/7.0/toolchain/avr8/avr8-gnu-toolchain/bin/../lib/gcc/avr/4.9.2/../../../../avr/lib/avr5\libm.a(fp_round.o)
                0x00004456                __fp_round
 .text.avr-libc.fplib
                0x00004478       0x44 c:/program files (x86)/atmel/studio/7.0/toolchain/avr8/avr8-gnu-toolchain/bin/../lib/gcc/avr/4.9.2/../../../../avr/lib/avr5\libm.a(fp_split3.o)
                0x00004478                __fp_split3
                0x00004488                __fp_splitA
 .text.avr-libc.fplib
                0x000044bc        0xe c:/program files (x86)/atmel/studio/7.0/toolchain/avr8/avr8-gnu-toolchain/bin/../lib/gcc/avr/4.9.2/../../../../avr/lib/avr5\libm.a(fp_zero.o)
                0x000044bc                __fp_zero
                0x000044be                __fp_szero
 .text.avr-libc.fplib
                0x000044ca        0x4 c:/program files (x86)/atmel/studio/7.0/toolchain/avr8/avr8-gnu-toolchain/bin/../lib/gcc/avr/4.9.2/../../../../avr/lib/avr5\libm.a(mulsf3.o)
                0x000044ca                __mulsf3
 .text.avr-libc.fplib
                0x000044ce       0xc2 c:/program files (x86)/atmel/studio/7.0/toolchain/avr8/avr8-gnu-toolchain/bin/../lib/gcc/avr/4.9.2/../../../../avr/lib/avr5\libm.a(mulsf3x.o)
                0x000044e2                __mulsf3x
                0x000044e6                __mulsf3_pse
 .text.avr-libc.fplib
                0x00004590        0x8 c:/program files (x86)/atmel/studio/7.0/toolchain/avr8/avr8-gnu-toolchain/bin/../lib/gcc/avr/4.9.2/../../../../avr/lib/avr5\libm.a(unordsf2.o)
                0x00004590                __unordsf2
 .text.__cxa_pure_virtual
                0x00004598        0x4 C:\AtmelArduinoProjects\EALWaterSensors\EALWaterSensors\ArduinoCore\Debug\libArduinoCore.a(abi.o)
                0x00004598                __cxa_pure_virtual
 .text._ZN14HardwareSerial9availableEv
                0x0000459c       0x18 C:\AtmelArduinoProjects\EALWaterSensors\EALWaterSensors\ArduinoCore\Debug\libArduinoCore.a(HardwareSerial.o)
                0x0000459c                _ZN14HardwareSerial9availableEv
 .text._ZN14HardwareSerial4peekEv
                0x000045b4       0x1c C:\AtmelArduinoProjects\EALWaterSensors\EALWaterSensors\ArduinoCore\Debug\libArduinoCore.a(HardwareSerial.o)
                0x000045b4                _ZN14HardwareSerial4peekEv
 .text._ZN14HardwareSerial4readEv
                0x000045d0       0x28 C:\AtmelArduinoProjects\EALWaterSensors\EALWaterSensors\ArduinoCore\Debug\libArduinoCore.a(HardwareSerial.o)
                0x000045d0                _ZN14HardwareSerial4readEv
 .text._Z14serialEventRunv
                0x000045f8       0x1a C:\AtmelArduinoProjects\EALWaterSensors\EALWaterSensors\ArduinoCore\Debug\libArduinoCore.a(HardwareSerial.o)
                0x000045f8                _Z14serialEventRunv
 .text._ZN14HardwareSerial17_tx_udr_empty_irqEv
                0x00004612       0x42 C:\AtmelArduinoProjects\EALWaterSensors\EALWaterSensors\ArduinoCore\Debug\libArduinoCore.a(HardwareSerial.o)
                0x00004612                _ZN14HardwareSerial17_tx_udr_empty_irqEv
 .text._ZN14HardwareSerial5flushEv
                0x00004654       0x42 C:\AtmelArduinoProjects\EALWaterSensors\EALWaterSensors\ArduinoCore\Debug\libArduinoCore.a(HardwareSerial.o)
                0x00004654                _ZN14HardwareSerial5flushEv
 .text._ZN14HardwareSerial5writeEh
                0x00004696       0x8c C:\AtmelArduinoProjects\EALWaterSensors\EALWaterSensors\ArduinoCore\Debug\libArduinoCore.a(HardwareSerial.o)
                0x00004696                _ZN14HardwareSerial5writeEh
 .text._ZN14HardwareSerial5beginEmh
                0x00004722       0xc6 C:\AtmelArduinoProjects\EALWaterSensors\EALWaterSensors\ArduinoCore\Debug\libArduinoCore.a(HardwareSerial.o)
                0x00004722                _ZN14HardwareSerial5beginEmh
 .text.__vector_18
                0x000047e8       0x64 C:\AtmelArduinoProjects\EALWaterSensors\EALWaterSensors\ArduinoCore\Debug\libArduinoCore.a(HardwareSerial0.o)
                0x000047e8                __vector_18
 .text.__vector_19
                0x0000484c       0x4a C:\AtmelArduinoProjects\EALWaterSensors\EALWaterSensors\ArduinoCore\Debug\libArduinoCore.a(HardwareSerial0.o)
                0x0000484c                __vector_19
 .text._Z17Serial0_availablev
                0x00004896       0x12 C:\AtmelArduinoProjects\EALWaterSensors\EALWaterSensors\ArduinoCore\Debug\libArduinoCore.a(HardwareSerial0.o)
                0x00004896                _Z17Serial0_availablev
 .text.startup._GLOBAL__sub_I___vector_18
                0x000048a8       0x5a C:\AtmelArduinoProjects\EALWaterSensors\EALWaterSensors\ArduinoCore\Debug\libArduinoCore.a(HardwareSerial0.o)
 .text.initVariant
                0x00004902        0x2 C:\AtmelArduinoProjects\EALWaterSensors\EALWaterSensors\ArduinoCore\Debug\libArduinoCore.a(main.o)
                0x00004902                initVariant
 .text.startup.main
                0x00004904       0x14 C:\AtmelArduinoProjects\EALWaterSensors\EALWaterSensors\ArduinoCore\Debug\libArduinoCore.a(main.o)
                0x00004904                main
 .text._ZdlPv   0x00004918        0x2 C:\AtmelArduinoProjects\EALWaterSensors\EALWaterSensors\ArduinoCore\Debug\libArduinoCore.a(new.o)
                0x00004918                _ZdlPv
 .text._ZN5Print5writeEPKhj
                0x0000491a       0x56 C:\AtmelArduinoProjects\EALWaterSensors\EALWaterSensors\ArduinoCore\Debug\libArduinoCore.a(Print.o)
                0x0000491a                _ZN5Print5writeEPKhj
 .text._ZN5Print5writeEPKc
                0x00004970       0x2a C:\AtmelArduinoProjects\EALWaterSensors\EALWaterSensors\ArduinoCore\Debug\libArduinoCore.a(Print.o)
                0x00004970                _ZN5Print5writeEPKc
 .text._ZN5Print5printEPK19__FlashStringHelper
                0x0000499a       0x48 C:\AtmelArduinoProjects\EALWaterSensors\EALWaterSensors\ArduinoCore\Debug\libArduinoCore.a(Print.o)
                0x0000499a                _ZN5Print5printEPK19__FlashStringHelper
 .text._ZN5Print5printERK6String
                0x000049e2       0x1c C:\AtmelArduinoProjects\EALWaterSensors\EALWaterSensors\ArduinoCore\Debug\libArduinoCore.a(Print.o)
                0x000049e2                _ZN5Print5printERK6String
 .text._ZN5Print5printEPKc
                0x000049fe        0x2 C:\AtmelArduinoProjects\EALWaterSensors\EALWaterSensors\ArduinoCore\Debug\libArduinoCore.a(Print.o)
                0x000049fe                _ZN5Print5printEPKc
 .text._ZN5Print5printEc
                0x00004a00        0xe C:\AtmelArduinoProjects\EALWaterSensors\EALWaterSensors\ArduinoCore\Debug\libArduinoCore.a(Print.o)
                0x00004a00                _ZN5Print5printEc
 .text._ZN5Print7printlnEv
                0x00004a0e        0x6 C:\AtmelArduinoProjects\EALWaterSensors\EALWaterSensors\ArduinoCore\Debug\libArduinoCore.a(Print.o)
                0x00004a0e                _ZN5Print7printlnEv
 .text._ZN5Print7printlnEPK19__FlashStringHelper
                0x00004a14       0x20 C:\AtmelArduinoProjects\EALWaterSensors\EALWaterSensors\ArduinoCore\Debug\libArduinoCore.a(Print.o)
                0x00004a14                _ZN5Print7printlnEPK19__FlashStringHelper
 .text._ZN5Print11printNumberEmh
                0x00004a34       0xa4 C:\AtmelArduinoProjects\EALWaterSensors\EALWaterSensors\ArduinoCore\Debug\libArduinoCore.a(Print.o)
                0x00004a34                _ZN5Print11printNumberEmh
 .text._ZN5Print5printEli
                0x00004ad8       0x8e C:\AtmelArduinoProjects\EALWaterSensors\EALWaterSensors\ArduinoCore\Debug\libArduinoCore.a(Print.o)
                0x00004ad8                _ZN5Print5printEli
 .text._ZN5Print7printlnEii
                0x00004b66       0x2a C:\AtmelArduinoProjects\EALWaterSensors\EALWaterSensors\ArduinoCore\Debug\libArduinoCore.a(Print.o)
                0x00004b66                _ZN5Print7printlnEii
 .text.__vector_16
                0x00004b90       0x94 C:\AtmelArduinoProjects\EALWaterSensors\EALWaterSensors\ArduinoCore\Debug\libArduinoCore.a(wiring.o)
                0x00004b90                __vector_16
 .text.millis   0x00004c24       0x18 C:\AtmelArduinoProjects\EALWaterSensors\EALWaterSensors\ArduinoCore\Debug\libArduinoCore.a(wiring.o)
                0x00004c24                millis
 .text.micros   0x00004c3c       0x4a C:\AtmelArduinoProjects\EALWaterSensors\EALWaterSensors\ArduinoCore\Debug\libArduinoCore.a(wiring.o)
                0x00004c3c                micros
 .text.delay    0x00004c86       0x72 C:\AtmelArduinoProjects\EALWaterSensors\EALWaterSensors\ArduinoCore\Debug\libArduinoCore.a(wiring.o)
                0x00004c86                delay
 .text.delayMicroseconds
                0x00004cf8       0x16 C:\AtmelArduinoProjects\EALWaterSensors\EALWaterSensors\ArduinoCore\Debug\libArduinoCore.a(wiring.o)
                0x00004cf8                delayMicroseconds
 .text.init     0x00004d0e       0x76 C:\AtmelArduinoProjects\EALWaterSensors\EALWaterSensors\ArduinoCore\Debug\libArduinoCore.a(wiring.o)
                0x00004d0e                init
 .text.analogRead
                0x00004d84       0x3a C:\AtmelArduinoProjects\EALWaterSensors\EALWaterSensors\ArduinoCore\Debug\libArduinoCore.a(wiring_analog.o)
                0x00004d84                analogRead
 .text.turnOffPWM
                0x00004dbe       0x52 C:\AtmelArduinoProjects\EALWaterSensors\EALWaterSensors\ArduinoCore\Debug\libArduinoCore.a(wiring_digital.o)
 .text.pinMode  0x00004e10       0x78 C:\AtmelArduinoProjects\EALWaterSensors\EALWaterSensors\ArduinoCore\Debug\libArduinoCore.a(wiring_digital.o)
                0x00004e10                pinMode
 .text.digitalWrite
                0x00004e88       0x5e C:\AtmelArduinoProjects\EALWaterSensors\EALWaterSensors\ArduinoCore\Debug\libArduinoCore.a(wiring_digital.o)
                0x00004e88                digitalWrite
 .text.digitalRead
                0x00004ee6       0x50 C:\AtmelArduinoProjects\EALWaterSensors\EALWaterSensors\ArduinoCore\Debug\libArduinoCore.a(wiring_digital.o)
                0x00004ee6                digitalRead
 .text._ZN6StringD2Ev
                0x00004f36        0x8 C:\AtmelArduinoProjects\EALWaterSensors\EALWaterSensors\ArduinoCore\Debug\libArduinoCore.a(WString.o)
                0x00004f36                _ZN6StringD2Ev
                0x00004f36                _ZN6StringD1Ev
 .text._ZN6String10invalidateEv
                0x00004f3e       0x22 C:\AtmelArduinoProjects\EALWaterSensors\EALWaterSensors\ArduinoCore\Debug\libArduinoCore.a(WString.o)
                0x00004f3e                _ZN6String10invalidateEv
 .text._ZN6String12changeBufferEj
                0x00004f60       0x32 C:\AtmelArduinoProjects\EALWaterSensors\EALWaterSensors\ArduinoCore\Debug\libArduinoCore.a(WString.o)
                0x00004f60                _ZN6String12changeBufferEj
 .text._ZN6String7reserveEj
                0x00004f92       0x36 C:\AtmelArduinoProjects\EALWaterSensors\EALWaterSensors\ArduinoCore\Debug\libArduinoCore.a(WString.o)
                0x00004f92                _ZN6String7reserveEj
 .text._ZN6String4copyEPKcj
                0x00004fc8       0x3c C:\AtmelArduinoProjects\EALWaterSensors\EALWaterSensors\ArduinoCore\Debug\libArduinoCore.a(WString.o)
                0x00004fc8                _ZN6String4copyEPKcj
 .text._ZN6StringC2EPKc
                0x00005004       0x28 C:\AtmelArduinoProjects\EALWaterSensors\EALWaterSensors\ArduinoCore\Debug\libArduinoCore.a(WString.o)
                0x00005004                _ZN6StringC2EPKc
                0x00005004                _ZN6StringC1EPKc
 .text._ZN6StringaSERKS_
                0x0000502c       0x2a C:\AtmelArduinoProjects\EALWaterSensors\EALWaterSensors\ArduinoCore\Debug\libArduinoCore.a(WString.o)
                0x0000502c                _ZN6StringaSERKS_
 .text._ZN6StringC2ERKS_
                0x00005056       0x10 C:\AtmelArduinoProjects\EALWaterSensors\EALWaterSensors\ArduinoCore\Debug\libArduinoCore.a(WString.o)
                0x00005056                _ZN6StringC2ERKS_
                0x00005056                _ZN6StringC1ERKS_
 .text._ZN6StringaSEPKc
                0x00005066       0x2a C:\AtmelArduinoProjects\EALWaterSensors\EALWaterSensors\ArduinoCore\Debug\libArduinoCore.a(WString.o)
                0x00005066                _ZN6StringaSEPKc
 .text._ZN6StringC2Efh
                0x00005090       0x5c C:\AtmelArduinoProjects\EALWaterSensors\EALWaterSensors\ArduinoCore\Debug\libArduinoCore.a(WString.o)
                0x00005090                _ZN6StringC2Efh
                0x00005090                _ZN6StringC1Efh
 .text._ZN6StringC2Edh
                0x000050ec       0x5c C:\AtmelArduinoProjects\EALWaterSensors\EALWaterSensors\ArduinoCore\Debug\libArduinoCore.a(WString.o)
                0x000050ec                _ZN6StringC1Edh
                0x000050ec                _ZN6StringC2Edh
 .text._ZN6String6concatEPKcj
                0x00005148       0x58 C:\AtmelArduinoProjects\EALWaterSensors\EALWaterSensors\ArduinoCore\Debug\libArduinoCore.a(WString.o)
                0x00005148                _ZN6String6concatEPKcj
 .text._ZN6String6concatEPKc
                0x000051a0       0x1c C:\AtmelArduinoProjects\EALWaterSensors\EALWaterSensors\ArduinoCore\Debug\libArduinoCore.a(WString.o)
                0x000051a0                _ZN6String6concatEPKc
 .text._ZN6String6concatEc
                0x000051bc       0x24 C:\AtmelArduinoProjects\EALWaterSensors\EALWaterSensors\ArduinoCore\Debug\libArduinoCore.a(WString.o)
                0x000051bc                _ZN6String6concatEc
 .text._ZplRK15StringSumHelperRK6String
                0x000051e0       0x22 C:\AtmelArduinoProjects\EALWaterSensors\EALWaterSensors\ArduinoCore\Debug\libArduinoCore.a(WString.o)
                0x000051e0                _ZplRK15StringSumHelperRK6String
 .text._ZNK6String6equalsEPKc
                0x00005202       0x3c C:\AtmelArduinoProjects\EALWaterSensors\EALWaterSensors\ArduinoCore\Debug\libArduinoCore.a(WString.o)
                0x00005202                _ZNK6String6equalsEPKc
 .text._ZNK6String10startsWithERKS_j
                0x0000523e       0x4a C:\AtmelArduinoProjects\EALWaterSensors\EALWaterSensors\ArduinoCore\Debug\libArduinoCore.a(WString.o)
                0x0000523e                _ZNK6String10startsWithERKS_j
 .text._ZNK6String10startsWithERKS_
                0x00005288       0x1c C:\AtmelArduinoProjects\EALWaterSensors\EALWaterSensors\ArduinoCore\Debug\libArduinoCore.a(WString.o)
                0x00005288                _ZNK6String10startsWithERKS_
 .text._ZNK6StringixEj
                0x000052a4       0x22 C:\AtmelArduinoProjects\EALWaterSensors\EALWaterSensors\ArduinoCore\Debug\libArduinoCore.a(WString.o)
                0x000052a4                _ZNK6StringixEj
 .text._ZNK6String6charAtEj
                0x000052c6        0x2 C:\AtmelArduinoProjects\EALWaterSensors\EALWaterSensors\ArduinoCore\Debug\libArduinoCore.a(WString.o)
                0x000052c6                _ZNK6String6charAtEj
 .text._ZNK6String9substringEjj
                0x000052c8       0x88 C:\AtmelArduinoProjects\EALWaterSensors\EALWaterSensors\ArduinoCore\Debug\libArduinoCore.a(WString.o)
                0x000052c8                _ZNK6String9substringEjj
 .text._ZN6String4trimEv
                0x00005350       0xae C:\AtmelArduinoProjects\EALWaterSensors\EALWaterSensors\ArduinoCore\Debug\libArduinoCore.a(WString.o)
                0x00005350                _ZN6String4trimEv
 .text._ZNK6String7toFloatEv
                0x000053fe       0x14 C:\AtmelArduinoProjects\EALWaterSensors\EALWaterSensors\ArduinoCore\Debug\libArduinoCore.a(WString.o)
                0x000053fe                _ZNK6String7toFloatEv
 .text.__empty  0x00005412        0x2 C:\AtmelArduinoProjects\EALWaterSensors\EALWaterSensors\ArduinoCore\Debug\libArduinoCore.a(hooks.o)
                0x00005412                yield
 .text.libgcc.div
                0x00005414       0x44 c:/program files (x86)/atmel/studio/7.0/toolchain/avr8/avr8-gnu-toolchain/bin/../lib/gcc/avr/4.9.2/avr5\libgcc.a(_udivmodsi4.o)
                0x00005414                __udivmodsi4
 .text.libgcc.div
                0x00005458       0x28 c:/program files (x86)/atmel/studio/7.0/toolchain/avr8/avr8-gnu-toolchain/bin/../lib/gcc/avr/4.9.2/avr5\libgcc.a(_divmodsi4.o)
                0x00005458                __divmodsi4
 .text.libgcc.div
                0x00005480       0x10 c:/program files (x86)/atmel/studio/7.0/toolchain/avr8/avr8-gnu-toolchain/bin/../lib/gcc/avr/4.9.2/avr5\libgcc.a(_negsi2.o)
                0x00005480                __negsi2
 .text.libgcc   0x00005490        0xc c:/program files (x86)/atmel/studio/7.0/toolchain/avr8/avr8-gnu-toolchain/bin/../lib/gcc/avr/4.9.2/avr5\libgcc.a(_tablejump2.o)
                0x00005490                __tablejump2__
 .text.libgcc.mul
                0x0000549c       0x14 c:/program files (x86)/atmel/studio/7.0/toolchain/avr8/avr8-gnu-toolchain/bin/../lib/gcc/avr/4.9.2/avr5\libgcc.a(_muluhisi3.o)
                0x0000549c                __muluhisi3
 .text.libgcc.prologue
                0x000054b0       0x38 c:/program files (x86)/atmel/studio/7.0/toolchain/avr8/avr8-gnu-toolchain/bin/../lib/gcc/avr/4.9.2/avr5\libgcc.a(_prologue.o)
                0x000054b0                __prologue_saves__
 .text.libgcc.prologue
                0x000054e8       0x36 c:/program files (x86)/atmel/studio/7.0/toolchain/avr8/avr8-gnu-toolchain/bin/../lib/gcc/avr/4.9.2/avr5\libgcc.a(_epilogue.o)
                0x000054e8                __epilogue_restores__
 .text.libgcc.mul
                0x0000551e       0x1e c:/program files (x86)/atmel/studio/7.0/toolchain/avr8/avr8-gnu-toolchain/bin/../lib/gcc/avr/4.9.2/avr5\libgcc.a(_umulhisi3.o)
                0x0000551e                __umulhisi3
 .text.avr-libc
                0x0000553c       0x3e c:/program files (x86)/atmel/studio/7.0/toolchain/avr8/avr8-gnu-toolchain/bin/../lib/gcc/avr/4.9.2/../../../../avr/lib/avr5\libc.a(dtostrf.o)
                0x0000553c                dtostrf
 .text.avr-libc
                0x0000557a      0x25a c:/program files (x86)/atmel/studio/7.0/toolchain/avr8/avr8-gnu-toolchain/bin/../lib/gcc/avr/4.9.2/../../../../avr/lib/avr5\libc.a(malloc.o)
                0x0000557a                malloc
                0x000056a4                free
 .text.avr-libc
                0x000057d4      0x186 c:/program files (x86)/atmel/studio/7.0/toolchain/avr8/avr8-gnu-toolchain/bin/../lib/gcc/avr/4.9.2/../../../../avr/lib/avr5\libc.a(realloc.o)
                0x000057d4                realloc
 .text.avr-libc
                0x0000595a      0x2ac c:/program files (x86)/atmel/studio/7.0/toolchain/avr8/avr8-gnu-toolchain/bin/../lib/gcc/avr/4.9.2/../../../../avr/lib/avr5\libc.a(strtod.o)
                0x0000595a                strtod
 .text.avr-libc
                0x00005c06        0x8 c:/program files (x86)/atmel/studio/7.0/toolchain/avr8/avr8-gnu-toolchain/bin/../lib/gcc/avr/4.9.2/../../../../avr/lib/avr5\libc.a(abort.o)
                0x00005c06                abort
 .text.avr-libc
                0x00005c0e        0x6 c:/program files (x86)/atmel/studio/7.0/toolchain/avr8/avr8-gnu-toolchain/bin/../lib/gcc/avr/4.9.2/../../../../avr/lib/avr5\libc.a(atof.o)
                0x00005c0e                atof
 .text.avr-libc
                0x00005c14       0x10 c:/program files (x86)/atmel/studio/7.0/toolchain/avr8/avr8-gnu-toolchain/bin/../lib/gcc/avr/4.9.2/../../../../avr/lib/avr5\libc.a(isspace.o)
                0x00005c14                isspace
 .text.avr-libc
                0x00005c24       0x30 c:/program files (x86)/atmel/studio/7.0/toolchain/avr8/avr8-gnu-toolchain/bin/../lib/gcc/avr/4.9.2/../../../../avr/lib/avr5\libc.a(strncasecmp_P.o)
                0x00005c24                strncasecmp_P
 .text.avr-libc
                0x00005c54       0x12 c:/program files (x86)/atmel/studio/7.0/toolchain/avr8/avr8-gnu-toolchain/bin/../lib/gcc/avr/4.9.2/../../../../avr/lib/avr5\libc.a(memcpy.o)
                0x00005c54                memcpy
 .text.avr-libc
                0x00005c66       0x12 c:/program files (x86)/atmel/studio/7.0/toolchain/avr8/avr8-gnu-toolchain/bin/../lib/gcc/avr/4.9.2/../../../../avr/lib/avr5\libc.a(strcmp.o)
                0x00005c66                strcmp
 .text.avr-libc
                0x00005c78        0xe c:/program files (x86)/atmel/studio/7.0/toolchain/avr8/avr8-gnu-toolchain/bin/../lib/gcc/avr/4.9.2/../../../../avr/lib/avr5\libc.a(strcpy.o)
                0x00005c78                strcpy
 .text.avr-libc
                0x00005c86       0x1c c:/program files (x86)/atmel/studio/7.0/toolchain/avr8/avr8-gnu-toolchain/bin/../lib/gcc/avr/4.9.2/../../../../avr/lib/avr5\libc.a(strncmp.o)
                0x00005c86                strncmp
 .text.avr-libc
                0x00005ca2      0x31a c:/program files (x86)/atmel/studio/7.0/toolchain/avr8/avr8-gnu-toolchain/bin/../lib/gcc/avr/4.9.2/../../../../avr/lib/avr5\libc.a(dtoa_prf.o)
                0x00005ca2                dtoa_prf
 .text.avr-libc
                0x00005fbc      0x1b0 c:/program files (x86)/atmel/studio/7.0/toolchain/avr8/avr8-gnu-toolchain/bin/../lib/gcc/avr/4.9.2/../../../../avr/lib/avr5\libc.a(ftoa_engine.o)
                0x00005fbc                __ftoa_engine
 .text.avr-libc
                0x0000616c        0x6 c:/program files (x86)/atmel/studio/7.0/toolchain/avr8/avr8-gnu-toolchain/bin/../lib/gcc/avr/4.9.2/../../../../avr/lib/avr5\libc.a(cty_isfalse.o)
                0x0000616c                __ctype_isfalse
                0x00006170                __ctype_istrue
 .text.avr-libc
                0x00006172       0x20 C:/Program Files (x86)/Atmel/Studio/7.0/Packs/atmel/ATmega_DFP/1.0.106/gcc/dev/atmega328p/avr5\libatmega328p.a(eerd_block.o)
                0x00006172                eeprom_read_block
                0x00006176                eeprom_read_blraw
 .text.avr-libc
                0x00006192       0x10 C:/Program Files (x86)/Atmel/Studio/7.0/Packs/atmel/ATmega_DFP/1.0.106/gcc/dev/atmega328p/avr5\libatmega328p.a(eerd_byte.o)
                0x00006192                eeprom_read_byte
 .text.avr-libc
                0x000061a2       0x12 C:/Program Files (x86)/Atmel/Studio/7.0/Packs/atmel/ATmega_DFP/1.0.106/gcc/dev/atmega328p/avr5\libatmega328p.a(eewr_block.o)
                0x000061a2                eeprom_write_block
 .text.avr-libc
                0x000061b4       0x1c C:/Program Files (x86)/Atmel/Studio/7.0/Packs/atmel/ATmega_DFP/1.0.106/gcc/dev/atmega328p/avr5\libatmega328p.a(eewr_byte.o)
                0x000061b4                eeprom_write_byte
                0x000061b6                eeprom_write_r18
                0x000061d0                . = ALIGN (0x2)
 *(.fini9)
 .fini9         0x000061d0        0x0 c:/program files (x86)/atmel/studio/7.0/toolchain/avr8/avr8-gnu-toolchain/bin/../lib/gcc/avr/4.9.2/avr5\libgcc.a(_exit.o)
                0x000061d0                _exit
                0x000061d0                exit
 *(.fini9)
 *(.fini8)
 *(.fini8)
 *(.fini7)
 *(.fini7)
 *(.fini6)
 .fini6         0x000061d0       0x14 c:/program files (x86)/atmel/studio/7.0/toolchain/avr8/avr8-gnu-toolchain/bin/../lib/gcc/avr/4.9.2/avr5\libgcc.a(_dtors.o)
                0x000061d0                __do_global_dtors
 *(.fini6)
 *(.fini5)
 *(.fini5)
 *(.fini4)
 *(.fini4)
 *(.fini3)
 *(.fini3)
 *(.fini2)
 *(.fini2)
 *(.fini1)
 *(.fini1)
 *(.fini0)
 .fini0         0x000061e4        0x4 c:/program files (x86)/atmel/studio/7.0/toolchain/avr8/avr8-gnu-toolchain/bin/../lib/gcc/avr/4.9.2/avr5\libgcc.a(_exit.o)
 *(.fini0)
                0x000061e8                _etext = .

.data           0x00800100       0xe6 load address 0x000061e8
                0x00800100                PROVIDE (__data_start, .)
 *(.data)
 .data          0x00800100        0x6 c:/program files (x86)/atmel/studio/7.0/toolchain/avr8/avr8-gnu-toolchain/bin/../lib/gcc/avr/4.9.2/../../../../avr/lib/avr5\libc.a(malloc.o)
                0x00800100                __malloc_heap_end
                0x00800102                __malloc_heap_start
                0x00800104                __malloc_margin
 *(.data*)
 .data._ZL14_responseIndex
                0x00800106        0x2 EALLib/WaterSensorWire.o
 .data._ZN7Globals12_phSensorPinE
                0x00800108        0x2 EALLib/_globalsWaterSensors.o
                0x00800108                _ZN7Globals12_phSensorPinE
 .data._ZN7Globals13_tdsSensorPinE
                0x0080010a        0x2 EALLib/_globalsWaterSensors.o
                0x0080010a                _ZN7Globals13_tdsSensorPinE
 .data.analog_reference
                0x0080010c        0x1 C:\AtmelArduinoProjects\EALWaterSensors\EALWaterSensors\ArduinoCore\Debug\libArduinoCore.a(wiring_analog.o)
                0x0080010c                analog_reference
 *(.rodata)
 .rodata        0x0080010d        0x6 EALLib/PHSensor.o
 .rodata        0x00800113        0x7 EALLib/TDSSensor.o
 .rodata        0x0080011a       0x33 EALLib/WaterSensorWire.o
 *(.rodata*)
 .rodata._ZTV7TwoWire
                0x0080014d       0x10 ArduinoLibs/Wire/Wire.o
                0x0080014d                _ZTV7TwoWire
 .rodata._ZTV6Stream
                0x0080015d       0x10 ArduinoLibs/Wire/Wire.o
                0x0080015d                _ZTV6Stream
 .rodata._ZTV13LiquidCrystal
                0x0080016d        0x8 ArduinoLibs/LiquidCrystal/LiquidCrystal.o
                0x0080016d                _ZTV13LiquidCrystal
 .rodata._ZTVN4erom7StorageE
                0x00800175        0xe ArduinoLibs/erom/erom.o
                0x00800175                _ZTVN4erom7StorageE
 .rodata._ZTV11SimpleTimer
                0x00800183       0x16 ArduinoLibs/SimpleTimer/SimpleTimer.o
                0x00800183                _ZTV11SimpleTimer
 .rodata._ZTV7LCDBase
                0x00800199        0x8 EALLib/LCDBase.o
                0x00800199                _ZTV7LCDBase
 .rodata._ZTV8PHSensor
                0x008001a1        0xe EALLib/PHSensor.o
                0x008001a1                _ZTV8PHSensor
 .rodata._ZTV9TDSSensor
                0x008001af        0xe EALLib/TDSSensor.o
                0x008001af                _ZTV9TDSSensor
 .rodata._ZTV14HardwareSerial
                0x008001bd       0x10 C:\AtmelArduinoProjects\EALWaterSensors\EALWaterSensors\ArduinoCore\Debug\libArduinoCore.a(HardwareSerial.o)
                0x008001bd                _ZTV14HardwareSerial
 .rodata.str1.1
                0x008001cd       0x11 C:\AtmelArduinoProjects\EALWaterSensors\EALWaterSensors\ArduinoCore\Debug\libArduinoCore.a(Print.o)
 .rodata._ZTV5Print
                0x008001de        0x8 C:\AtmelArduinoProjects\EALWaterSensors\EALWaterSensors\ArduinoCore\Debug\libArduinoCore.a(Print.o)
                0x008001de                _ZTV5Print
 .rodata.str1.1
                0x008001e6       0x11 C:\AtmelArduinoProjects\EALWaterSensors\EALWaterSensors\ArduinoCore\Debug\libArduinoCore.a(WString.o)
                                  0x1 (size before relaxing)
 *(.gnu.linkonce.d*)
                0x008001f8                . = ALIGN (0x2)
                0x008001f8                _edata = .
                0x008001f8                PROVIDE (__data_end, .)

.bss            0x008001e6      0x42d
                0x008001e6                PROVIDE (__bss_start, .)
 *(.bss)
 *(.bss*)
 .bss.twi_error
                0x008001e6        0x1 ArduinoLibs/Wire/utility/twi.o
 .bss.twi_rxBufferIndex
                0x008001e7        0x1 ArduinoLibs/Wire/utility/twi.o
 .bss.twi_rxBuffer
                0x008001e8       0x20 ArduinoLibs/Wire/utility/twi.o
 .bss.twi_txBufferLength
                0x00800208        0x1 ArduinoLibs/Wire/utility/twi.o
 .bss.twi_txBufferIndex
                0x00800209        0x1 ArduinoLibs/Wire/utility/twi.o
 .bss.twi_txBuffer
                0x0080020a       0x20 ArduinoLibs/Wire/utility/twi.o
 .bss.twi_masterBufferLength
                0x0080022a        0x1 ArduinoLibs/Wire/utility/twi.o
 .bss.twi_masterBufferIndex
                0x0080022b        0x1 ArduinoLibs/Wire/utility/twi.o
 .bss.twi_masterBuffer
                0x0080022c       0x20 ArduinoLibs/Wire/utility/twi.o
 .bss.twi_onSlaveReceive
                0x0080024c        0x2 ArduinoLibs/Wire/utility/twi.o
 .bss.twi_onSlaveTransmit
                0x0080024e        0x2 ArduinoLibs/Wire/utility/twi.o
 .bss.twi_inRepStart
                0x00800250        0x1 ArduinoLibs/Wire/utility/twi.o
 .bss.twi_sendStop
                0x00800251        0x1 ArduinoLibs/Wire/utility/twi.o
 .bss.twi_slarw
                0x00800252        0x1 ArduinoLibs/Wire/utility/twi.o
 .bss.twi_state
                0x00800253        0x1 ArduinoLibs/Wire/utility/twi.o
 .bss._ZN7TwoWire8rxBufferE
                0x00800254       0x20 ArduinoLibs/Wire/Wire.o
                0x00800254                _ZN7TwoWire8rxBufferE
 .bss._ZN7TwoWire13rxBufferIndexE
                0x00800274        0x1 ArduinoLibs/Wire/Wire.o
                0x00800274                _ZN7TwoWire13rxBufferIndexE
 .bss._ZN7TwoWire14rxBufferLengthE
                0x00800275        0x1 ArduinoLibs/Wire/Wire.o
                0x00800275                _ZN7TwoWire14rxBufferLengthE
 .bss._ZN7TwoWire8txBufferE
                0x00800276       0x20 ArduinoLibs/Wire/Wire.o
                0x00800276                _ZN7TwoWire8txBufferE
 .bss._ZN7TwoWire13txBufferIndexE
                0x00800296        0x1 ArduinoLibs/Wire/Wire.o
                0x00800296                _ZN7TwoWire13txBufferIndexE
 .bss._ZN7TwoWire14txBufferLengthE
                0x00800297        0x1 ArduinoLibs/Wire/Wire.o
                0x00800297                _ZN7TwoWire14txBufferLengthE
 .bss._ZN7TwoWire12transmittingE
                0x00800298        0x1 ArduinoLibs/Wire/Wire.o
                0x00800298                _ZN7TwoWire12transmittingE
 .bss._ZN7TwoWire14user_onRequestE
                0x00800299        0x2 ArduinoLibs/Wire/Wire.o
                0x00800299                _ZN7TwoWire14user_onRequestE
 .bss._ZN7TwoWire14user_onReceiveE
                0x0080029b        0x2 ArduinoLibs/Wire/Wire.o
                0x0080029b                _ZN7TwoWire14user_onReceiveE
 .bss.Wire      0x0080029d        0xc ArduinoLibs/Wire/Wire.o
                0x0080029d                Wire
 .bss._ZN14SoftwareSerial13active_objectE
                0x008002a9        0x2 ArduinoLibs/SoftwareSerial/SoftwareSerial.o
                0x008002a9                _ZN14SoftwareSerial13active_objectE
 .bss._ZN14SoftwareSerial15_receive_bufferE
                0x008002ab       0x40 ArduinoLibs/SoftwareSerial/SoftwareSerial.o
                0x008002ab                _ZN14SoftwareSerial15_receive_bufferE
 .bss._ZN14SoftwareSerial20_receive_buffer_tailE
                0x008002eb        0x1 ArduinoLibs/SoftwareSerial/SoftwareSerial.o
                0x008002eb                _ZN14SoftwareSerial20_receive_buffer_tailE
 .bss._ZN14SoftwareSerial20_receive_buffer_headE
                0x008002ec        0x1 ArduinoLibs/SoftwareSerial/SoftwareSerial.o
                0x008002ec                _ZN14SoftwareSerial20_receive_buffer_headE
 .bss._ZGVZN4erom6Access8instanceEvE6access
                0x008002ed        0x8 ArduinoLibs/erom/erom.o
                0x008002ed                _ZGVZN4erom6Access8instanceEvE6access
 .bss._ZN4erom6accessE
                0x008002f5        0x2 ArduinoLibs/erom/erom.o
                0x008002f5                _ZN4erom6accessE
 .bss._ZZN4erom6Access8instanceEvE6access
                0x008002f7        0x4 ArduinoLibs/erom/erom.o
                0x008002f7                _ZZN4erom6Access8instanceEvE6access
 .bss._ZGVZN8PHSensor10GetPHValueEvE12samplingTime
                0x008002fb        0x8 EALLib/PHSensor.o
 .bss._ZGVZN8PHSensor12PrintPHToLCDEvE9printTime
                0x00800303        0x8 EALLib/PHSensor.o
 .bss._ZZN8PHSensor10GetPHValueEvE12samplingTime
                0x0080030b        0x4 EALLib/PHSensor.o
 .bss._ZZN8PHSensor12PrintPHToLCDEvE9printTime
                0x0080030f        0x4 EALLib/PHSensor.o
 .bss._ZGVZN9TDSSensor13PrintTDSToLCDEvE9printTime
                0x00800313        0x8 EALLib/TDSSensor.o
 .bss._ZGVZN9TDSSensor11GetTDSValueEvE12samplingTime
                0x0080031b        0x8 EALLib/TDSSensor.o
 .bss._ZZN9TDSSensor13PrintTDSToLCDEvE9printTime
                0x00800323        0x4 EALLib/TDSSensor.o
 .bss._ZZN9TDSSensor11GetTDSValueEvE12samplingTime
                0x00800327        0x4 EALLib/TDSSensor.o
 .bss._ZL12_wireRequest
                0x0080032b        0x6 EALLib/WaterSensorWire.o
 .bss._ZL13_wireResponse
                0x00800331        0x6 EALLib/WaterSensorWire.o
 .bss._ZL4_cmd  0x00800337        0x6 EALLib/WaterSensorWire.o
 .bss._ZL8_cmdData
                0x0080033d        0x6 EALLib/WaterSensorWire.o
 .bss._ZL9_response
                0x00800343        0x6 EALLib/WaterSensorWire.o
 .bss._ZN7Globals6TheLCDE
                0x00800349       0x18 EALLib/_globalsWaterSensors.o
                0x00800349                _ZN7Globals6TheLCDE
 .bss._ZN7Globals11ThePHSensorE
                0x00800361       0xc2 EALLib/_globalsWaterSensors.o
                0x00800361                _ZN7Globals11ThePHSensorE
 .bss._ZN7Globals12TheTDSSensorE
                0x00800423       0x96 EALLib/_globalsWaterSensors.o
                0x00800423                _ZN7Globals12TheTDSSensorE
 .bss._asyncTimer
                0x008004b9       0xae Sketch.o
                0x008004b9                _asyncTimer
 .bss.Serial    0x00800567       0x9d C:\AtmelArduinoProjects\EALWaterSensors\EALWaterSensors\ArduinoCore\Debug\libArduinoCore.a(HardwareSerial0.o)
                0x00800567                Serial
 .bss.timer0_fract
                0x00800604        0x1 C:\AtmelArduinoProjects\EALWaterSensors\EALWaterSensors\ArduinoCore\Debug\libArduinoCore.a(wiring.o)
 .bss.timer0_millis
                0x00800605        0x4 C:\AtmelArduinoProjects\EALWaterSensors\EALWaterSensors\ArduinoCore\Debug\libArduinoCore.a(wiring.o)
                0x00800605                timer0_millis
 .bss.timer0_overflow_count
                0x00800609        0x4 C:\AtmelArduinoProjects\EALWaterSensors\EALWaterSensors\ArduinoCore\Debug\libArduinoCore.a(wiring.o)
                0x00800609                timer0_overflow_count
 *(COMMON)
 COMMON         0x0080060d        0x4 c:/program files (x86)/atmel/studio/7.0/toolchain/avr8/avr8-gnu-toolchain/bin/../lib/gcc/avr/4.9.2/../../../../avr/lib/avr5\libc.a(malloc.o)
                0x0080060d                __brkval
                0x0080060f                __flp
 COMMON         0x00800611        0x2 c:/program files (x86)/atmel/studio/7.0/toolchain/avr8/avr8-gnu-toolchain/bin/../lib/gcc/avr/4.9.2/../../../../avr/lib/avr5\libc.a(errno.o)
                0x00800611                errno
                0x00800613                PROVIDE (__bss_end, .)
                0x000061e8                __data_load_start = LOADADDR (.data)
                0x000062ce                __data_load_end = (__data_load_start + SIZEOF (.data))

.noinit         0x00800613        0x0
                [!provide]                PROVIDE (__noinit_start, .)
 *(.noinit*)
                [!provide]                PROVIDE (__noinit_end, .)
                0x00800613                _end = .
                0x00800613                PROVIDE (__heap_start, .)

.eeprom         0x00810000        0x0
 *(.eeprom*)
                0x00810000                __eeprom_end = .

.fuse
 *(.fuse)
 *(.lfuse)
 *(.hfuse)
 *(.efuse)

.lock
 *(.lock*)

.signature
 *(.signature*)

.user_signatures
 *(.user_signatures*)

.stab
 *(.stab)

.stabstr
 *(.stabstr)

.stab.excl
 *(.stab.excl)

.stab.exclstr
 *(.stab.exclstr)

.stab.index
 *(.stab.index)

.stab.indexstr
 *(.stab.indexstr)

.comment        0x00000000       0x5c
 *(.comment)
 .comment       0x00000000       0x30 ArduinoLibs/Wire/utility/twi.o
                                 0x31 (size before relaxing)
 .comment       0x00000030       0x31 ArduinoLibs/Wire/Wire.o
 .comment       0x00000030       0x31 ArduinoLibs/SoftwareSerial/SoftwareSerial.o
 .comment       0x00000030       0x31 ArduinoLibs/LiquidCrystal/LiquidCrystal.o
 .comment       0x00000030       0x31 ArduinoLibs/erom/erom.o
 .comment       0x00000030       0x31 ArduinoLibs/SimpleTimer/SimpleTimer.o
 .comment       0x00000030       0x31 EALLib/LCDBase.o
 .comment       0x00000030       0x31 EALLib/PHSensor.o
 .comment       0x00000030       0x31 EALLib/TDSSensor.o
 .comment       0x00000030       0x31 EALLib/WaterSensorWire.o
 .comment       0x00000030       0x31 EALLib/_globalsWaterSensors.o
 .comment       0x00000030       0x31 Sketch.o
 .comment       0x00000030       0x31 C:\AtmelArduinoProjects\EALWaterSensors\EALWaterSensors\ArduinoCore\Debug\libArduinoCore.a(abi.o)
 .comment       0x00000030       0x31 C:\AtmelArduinoProjects\EALWaterSensors\EALWaterSensors\ArduinoCore\Debug\libArduinoCore.a(HardwareSerial.o)
 .comment       0x00000030       0x31 C:\AtmelArduinoProjects\EALWaterSensors\EALWaterSensors\ArduinoCore\Debug\libArduinoCore.a(HardwareSerial0.o)
 .comment       0x00000030       0x31 C:\AtmelArduinoProjects\EALWaterSensors\EALWaterSensors\ArduinoCore\Debug\libArduinoCore.a(main.o)
 .comment       0x00000030       0x31 C:\AtmelArduinoProjects\EALWaterSensors\EALWaterSensors\ArduinoCore\Debug\libArduinoCore.a(new.o)
 .comment       0x00000030       0x31 C:\AtmelArduinoProjects\EALWaterSensors\EALWaterSensors\ArduinoCore\Debug\libArduinoCore.a(Print.o)
 .comment       0x00000030       0x31 C:\AtmelArduinoProjects\EALWaterSensors\EALWaterSensors\ArduinoCore\Debug\libArduinoCore.a(wiring.o)
 .comment       0x00000030       0x31 C:\AtmelArduinoProjects\EALWaterSensors\EALWaterSensors\ArduinoCore\Debug\libArduinoCore.a(wiring_analog.o)
 .comment       0x00000030       0x31 C:\AtmelArduinoProjects\EALWaterSensors\EALWaterSensors\ArduinoCore\Debug\libArduinoCore.a(wiring_digital.o)
 .comment       0x00000030       0x31 C:\AtmelArduinoProjects\EALWaterSensors\EALWaterSensors\ArduinoCore\Debug\libArduinoCore.a(WString.o)
 .comment       0x00000030       0x31 C:\AtmelArduinoProjects\EALWaterSensors\EALWaterSensors\ArduinoCore\Debug\libArduinoCore.a(hooks.o)
 .comment       0x00000030       0x31 c:/program files (x86)/atmel/studio/7.0/toolchain/avr8/avr8-gnu-toolchain/bin/../lib/gcc/avr/4.9.2/../../../../avr/lib/avr5\libc.a(dtostrf.o)
 .comment       0x00000030       0x31 c:/program files (x86)/atmel/studio/7.0/toolchain/avr8/avr8-gnu-toolchain/bin/../lib/gcc/avr/4.9.2/../../../../avr/lib/avr5\libc.a(malloc.o)
 .comment       0x00000030       0x31 c:/program files (x86)/atmel/studio/7.0/toolchain/avr8/avr8-gnu-toolchain/bin/../lib/gcc/avr/4.9.2/../../../../avr/lib/avr5\libc.a(realloc.o)
 .comment       0x00000030       0x31 c:/program files (x86)/atmel/studio/7.0/toolchain/avr8/avr8-gnu-toolchain/bin/../lib/gcc/avr/4.9.2/../../../../avr/lib/avr5\libc.a(strtod.o)
 .comment       0x00000030       0x2c c:/program files (x86)/atmel/studio/7.0/toolchain/avr8/avr8-gnu-toolchain/bin/../lib/gcc/avr/4.9.2/../../../../avr/lib/avr5\libc.a(errno.o)
                                 0x2d (size before relaxing)
 .comment       0x0000005c       0x31 c:/program files (x86)/atmel/studio/7.0/toolchain/avr8/avr8-gnu-toolchain/bin/../lib/gcc/avr/4.9.2/../../../../avr/lib/avr5\libc.a(dtoa_prf.o)

.note.gnu.avr.deviceinfo
                0x00000000       0x40
 .note.gnu.avr.deviceinfo
                0x00000000       0x40 C:/Program Files (x86)/Atmel/Studio/7.0/Packs/atmel/ATmega_DFP/1.0.106/gcc/dev/atmega328p/avr5/crtatmega328p.o

.note.gnu.build-id
 *(.note.gnu.build-id)

.debug
 *(.debug)

.line
 *(.line)

.debug_srcinfo
 *(.debug_srcinfo)

.debug_sfnames
 *(.debug_sfnames)

.debug_aranges  0x00000000     0x1030
 *(.debug_aranges)
 .debug_aranges
                0x00000000       0x80 ArduinoLibs/Wire/utility/twi.o
 .debug_aranges
                0x00000080      0x108 ArduinoLibs/Wire/Wire.o
 .debug_aranges
                0x00000188       0xc8 ArduinoLibs/SoftwareSerial/SoftwareSerial.o
 .debug_aranges
                0x00000250      0x108 ArduinoLibs/LiquidCrystal/LiquidCrystal.o
 .debug_aranges
                0x00000358      0x248 ArduinoLibs/erom/erom.o
 .debug_aranges
                0x000005a0       0x88 ArduinoLibs/SimpleTimer/SimpleTimer.o
 .debug_aranges
                0x00000628       0x38 EALLib/LCDBase.o
 .debug_aranges
                0x00000660      0x178 EALLib/PHSensor.o
 .debug_aranges
                0x000007d8      0x160 EALLib/TDSSensor.o
 .debug_aranges
                0x00000938       0x78 EALLib/WaterSensorWire.o
 .debug_aranges
                0x000009b0       0x90 EALLib/_globalsWaterSensors.o
 .debug_aranges
                0x00000a40       0x50 Sketch.o
 .debug_aranges
                0x00000a90       0x28 C:\AtmelArduinoProjects\EALWaterSensors\EALWaterSensors\ArduinoCore\Debug\libArduinoCore.a(abi.o)
 .debug_aranges
                0x00000ab8       0x68 C:\AtmelArduinoProjects\EALWaterSensors\EALWaterSensors\ArduinoCore\Debug\libArduinoCore.a(HardwareSerial.o)
 .debug_aranges
                0x00000b20       0x38 C:\AtmelArduinoProjects\EALWaterSensors\EALWaterSensors\ArduinoCore\Debug\libArduinoCore.a(HardwareSerial0.o)
 .debug_aranges
                0x00000b58       0x38 C:\AtmelArduinoProjects\EALWaterSensors\EALWaterSensors\ArduinoCore\Debug\libArduinoCore.a(main.o)
 .debug_aranges
                0x00000b90       0x38 C:\AtmelArduinoProjects\EALWaterSensors\EALWaterSensors\ArduinoCore\Debug\libArduinoCore.a(new.o)
 .debug_aranges
                0x00000bc8       0xf0 C:\AtmelArduinoProjects\EALWaterSensors\EALWaterSensors\ArduinoCore\Debug\libArduinoCore.a(Print.o)
 .debug_aranges
                0x00000cb8       0x48 C:\AtmelArduinoProjects\EALWaterSensors\EALWaterSensors\ArduinoCore\Debug\libArduinoCore.a(wiring.o)
 .debug_aranges
                0x00000d00       0x30 C:\AtmelArduinoProjects\EALWaterSensors\EALWaterSensors\ArduinoCore\Debug\libArduinoCore.a(wiring_analog.o)
 .debug_aranges
                0x00000d30       0x38 C:\AtmelArduinoProjects\EALWaterSensors\EALWaterSensors\ArduinoCore\Debug\libArduinoCore.a(wiring_digital.o)
 .debug_aranges
                0x00000d68      0x2a8 C:\AtmelArduinoProjects\EALWaterSensors\EALWaterSensors\ArduinoCore\Debug\libArduinoCore.a(WString.o)
 .debug_aranges
                0x00001010       0x20 C:\AtmelArduinoProjects\EALWaterSensors\EALWaterSensors\ArduinoCore\Debug\libArduinoCore.a(hooks.o)

.debug_pubnames
 *(.debug_pubnames)

.debug_info     0x00000000    0x22326
 *(.debug_info .gnu.linkonce.wi.*)
 .debug_info    0x00000000      0x728 ArduinoLibs/Wire/utility/twi.o
 .debug_info    0x00000728     0x2323 ArduinoLibs/Wire/Wire.o
 .debug_info    0x00002a4b     0x23a1 ArduinoLibs/SoftwareSerial/SoftwareSerial.o
 .debug_info    0x00004dec     0x1152 ArduinoLibs/LiquidCrystal/LiquidCrystal.o
 .debug_info    0x00005f3e     0x2a46 ArduinoLibs/erom/erom.o
 .debug_info    0x00008984      0x915 ArduinoLibs/SimpleTimer/SimpleTimer.o
 .debug_info    0x00009299     0x1845 EALLib/LCDBase.o
 .debug_info    0x0000aade     0x350b EALLib/PHSensor.o
 .debug_info    0x0000dfe9     0x3328 EALLib/TDSSensor.o
 .debug_info    0x00011311     0x24a3 EALLib/WaterSensorWire.o
 .debug_info    0x000137b4     0x2d26 EALLib/_globalsWaterSensors.o
 .debug_info    0x000164da      0x902 Sketch.o
 .debug_info    0x00016ddc       0x8e C:\AtmelArduinoProjects\EALWaterSensors\EALWaterSensors\ArduinoCore\Debug\libArduinoCore.a(abi.o)
 .debug_info    0x00016e6a     0x1dd1 C:\AtmelArduinoProjects\EALWaterSensors\EALWaterSensors\ArduinoCore\Debug\libArduinoCore.a(HardwareSerial.o)
 .debug_info    0x00018c3b     0x19ca C:\AtmelArduinoProjects\EALWaterSensors\EALWaterSensors\ArduinoCore\Debug\libArduinoCore.a(HardwareSerial0.o)
 .debug_info    0x0001a605      0x231 C:\AtmelArduinoProjects\EALWaterSensors\EALWaterSensors\ArduinoCore\Debug\libArduinoCore.a(main.o)
 .debug_info    0x0001a836      0x18c C:\AtmelArduinoProjects\EALWaterSensors\EALWaterSensors\ArduinoCore\Debug\libArduinoCore.a(new.o)
 .debug_info    0x0001a9c2     0x297b C:\AtmelArduinoProjects\EALWaterSensors\EALWaterSensors\ArduinoCore\Debug\libArduinoCore.a(Print.o)
 .debug_info    0x0001d33d      0x2c8 C:\AtmelArduinoProjects\EALWaterSensors\EALWaterSensors\ArduinoCore\Debug\libArduinoCore.a(wiring.o)
 .debug_info    0x0001d605      0x281 C:\AtmelArduinoProjects\EALWaterSensors\EALWaterSensors\ArduinoCore\Debug\libArduinoCore.a(wiring_analog.o)
 .debug_info    0x0001d886      0x5f9 C:\AtmelArduinoProjects\EALWaterSensors\EALWaterSensors\ArduinoCore\Debug\libArduinoCore.a(wiring_digital.o)
 .debug_info    0x0001de7f     0x4469 C:\AtmelArduinoProjects\EALWaterSensors\EALWaterSensors\ArduinoCore\Debug\libArduinoCore.a(WString.o)
 .debug_info    0x000222e8       0x3e C:\AtmelArduinoProjects\EALWaterSensors\EALWaterSensors\ArduinoCore\Debug\libArduinoCore.a(hooks.o)

.debug_abbrev   0x00000000     0x4859
 *(.debug_abbrev)
 .debug_abbrev  0x00000000      0x254 ArduinoLibs/Wire/utility/twi.o
 .debug_abbrev  0x00000254      0x499 ArduinoLibs/Wire/Wire.o
 .debug_abbrev  0x000006ed      0x57c ArduinoLibs/SoftwareSerial/SoftwareSerial.o
 .debug_abbrev  0x00000c69      0x29f ArduinoLibs/LiquidCrystal/LiquidCrystal.o
 .debug_abbrev  0x00000f08      0x3d7 ArduinoLibs/erom/erom.o
 .debug_abbrev  0x000012df      0x2bb ArduinoLibs/SimpleTimer/SimpleTimer.o
 .debug_abbrev  0x0000159a      0x3e3 EALLib/LCDBase.o
 .debug_abbrev  0x0000197d      0x52a EALLib/PHSensor.o
 .debug_abbrev  0x00001ea7      0x51f EALLib/TDSSensor.o
 .debug_abbrev  0x000023c6      0x471 EALLib/WaterSensorWire.o
 .debug_abbrev  0x00002837      0x4f6 EALLib/_globalsWaterSensors.o
 .debug_abbrev  0x00002d2d      0x31e Sketch.o
 .debug_abbrev  0x0000304b       0x5e C:\AtmelArduinoProjects\EALWaterSensors\EALWaterSensors\ArduinoCore\Debug\libArduinoCore.a(abi.o)
 .debug_abbrev  0x000030a9      0x478 C:\AtmelArduinoProjects\EALWaterSensors\EALWaterSensors\ArduinoCore\Debug\libArduinoCore.a(HardwareSerial.o)
 .debug_abbrev  0x00003521      0x3b1 C:\AtmelArduinoProjects\EALWaterSensors\EALWaterSensors\ArduinoCore\Debug\libArduinoCore.a(HardwareSerial0.o)
 .debug_abbrev  0x000038d2      0x109 C:\AtmelArduinoProjects\EALWaterSensors\EALWaterSensors\ArduinoCore\Debug\libArduinoCore.a(main.o)
 .debug_abbrev  0x000039db       0xd9 C:\AtmelArduinoProjects\EALWaterSensors\EALWaterSensors\ArduinoCore\Debug\libArduinoCore.a(new.o)
 .debug_abbrev  0x00003ab4      0x487 C:\AtmelArduinoProjects\EALWaterSensors\EALWaterSensors\ArduinoCore\Debug\libArduinoCore.a(Print.o)
 .debug_abbrev  0x00003f3b      0x145 C:\AtmelArduinoProjects\EALWaterSensors\EALWaterSensors\ArduinoCore\Debug\libArduinoCore.a(wiring.o)
 .debug_abbrev  0x00004080      0x184 C:\AtmelArduinoProjects\EALWaterSensors\EALWaterSensors\ArduinoCore\Debug\libArduinoCore.a(wiring_analog.o)
 .debug_abbrev  0x00004204      0x15b C:\AtmelArduinoProjects\EALWaterSensors\EALWaterSensors\ArduinoCore\Debug\libArduinoCore.a(wiring_digital.o)
 .debug_abbrev  0x0000435f      0x4d0 C:\AtmelArduinoProjects\EALWaterSensors\EALWaterSensors\ArduinoCore\Debug\libArduinoCore.a(WString.o)
 .debug_abbrev  0x0000482f       0x2a C:\AtmelArduinoProjects\EALWaterSensors\EALWaterSensors\ArduinoCore\Debug\libArduinoCore.a(hooks.o)

.debug_line     0x00000000     0xa5fd
 *(.debug_line .debug_line.* .debug_line_end)
 .debug_line    0x00000000      0x8bd ArduinoLibs/Wire/utility/twi.o
 .debug_line    0x000008bd      0x8ab ArduinoLibs/Wire/Wire.o
 .debug_line    0x00001168      0xaf6 ArduinoLibs/SoftwareSerial/SoftwareSerial.o
 .debug_line    0x00001c5e      0xa9a ArduinoLibs/LiquidCrystal/LiquidCrystal.o
 .debug_line    0x000026f8      0xf8f ArduinoLibs/erom/erom.o
 .debug_line    0x00003687      0x7be ArduinoLibs/SimpleTimer/SimpleTimer.o
 .debug_line    0x00003e45      0x662 EALLib/LCDBase.o
 .debug_line    0x000044a7      0xe11 EALLib/PHSensor.o
 .debug_line    0x000052b8      0xd84 EALLib/TDSSensor.o
 .debug_line    0x0000603c      0xac4 EALLib/WaterSensorWire.o
 .debug_line    0x00006b00      0x871 EALLib/_globalsWaterSensors.o
 .debug_line    0x00007371      0x85a Sketch.o
 .debug_line    0x00007bcb       0xbf C:\AtmelArduinoProjects\EALWaterSensors\EALWaterSensors\ArduinoCore\Debug\libArduinoCore.a(abi.o)
 .debug_line    0x00007c8a      0x426 C:\AtmelArduinoProjects\EALWaterSensors\EALWaterSensors\ArduinoCore\Debug\libArduinoCore.a(HardwareSerial.o)
 .debug_line    0x000080b0      0x257 C:\AtmelArduinoProjects\EALWaterSensors\EALWaterSensors\ArduinoCore\Debug\libArduinoCore.a(HardwareSerial0.o)
 .debug_line    0x00008307      0x175 C:\AtmelArduinoProjects\EALWaterSensors\EALWaterSensors\ArduinoCore\Debug\libArduinoCore.a(main.o)
 .debug_line    0x0000847c      0x15b C:\AtmelArduinoProjects\EALWaterSensors\EALWaterSensors\ArduinoCore\Debug\libArduinoCore.a(new.o)
 .debug_line    0x000085d7      0x63e C:\AtmelArduinoProjects\EALWaterSensors\EALWaterSensors\ArduinoCore\Debug\libArduinoCore.a(Print.o)
 .debug_line    0x00008c15      0x299 C:\AtmelArduinoProjects\EALWaterSensors\EALWaterSensors\ArduinoCore\Debug\libArduinoCore.a(wiring.o)
 .debug_line    0x00008eae      0x20f C:\AtmelArduinoProjects\EALWaterSensors\EALWaterSensors\ArduinoCore\Debug\libArduinoCore.a(wiring_analog.o)
 .debug_line    0x000090bd      0x252 C:\AtmelArduinoProjects\EALWaterSensors\EALWaterSensors\ArduinoCore\Debug\libArduinoCore.a(wiring_digital.o)
 .debug_line    0x0000930f     0x12ad C:\AtmelArduinoProjects\EALWaterSensors\EALWaterSensors\ArduinoCore\Debug\libArduinoCore.a(WString.o)
 .debug_line    0x0000a5bc       0x41 C:\AtmelArduinoProjects\EALWaterSensors\EALWaterSensors\ArduinoCore\Debug\libArduinoCore.a(hooks.o)

.debug_frame    0x00000000     0x31a4
 *(.debug_frame)
 .debug_frame   0x00000000      0x134 ArduinoLibs/Wire/utility/twi.o
 .debug_frame   0x00000134      0x32c ArduinoLibs/Wire/Wire.o
 .debug_frame   0x00000460      0x274 ArduinoLibs/SoftwareSerial/SoftwareSerial.o
 .debug_frame   0x000006d4      0x3a0 ArduinoLibs/LiquidCrystal/LiquidCrystal.o
 .debug_frame   0x00000a74      0x6cc ArduinoLibs/erom/erom.o
 .debug_frame   0x00001140      0x180 ArduinoLibs/SimpleTimer/SimpleTimer.o
 .debug_frame   0x000012c0       0x8c EALLib/LCDBase.o
 .debug_frame   0x0000134c      0x474 EALLib/PHSensor.o
 .debug_frame   0x000017c0      0x424 EALLib/TDSSensor.o
 .debug_frame   0x00001be4      0x13c EALLib/WaterSensorWire.o
 .debug_frame   0x00001d20      0x180 EALLib/_globalsWaterSensors.o
 .debug_frame   0x00001ea0       0xbc Sketch.o
 .debug_frame   0x00001f5c       0x34 C:\AtmelArduinoProjects\EALWaterSensors\EALWaterSensors\ArduinoCore\Debug\libArduinoCore.a(abi.o)
 .debug_frame   0x00001f90      0x110 C:\AtmelArduinoProjects\EALWaterSensors\EALWaterSensors\ArduinoCore\Debug\libArduinoCore.a(HardwareSerial.o)
 .debug_frame   0x000020a0       0xc0 C:\AtmelArduinoProjects\EALWaterSensors\EALWaterSensors\ArduinoCore\Debug\libArduinoCore.a(HardwareSerial0.o)
 .debug_frame   0x00002160       0x54 C:\AtmelArduinoProjects\EALWaterSensors\EALWaterSensors\ArduinoCore\Debug\libArduinoCore.a(main.o)
 .debug_frame   0x000021b4       0x54 C:\AtmelArduinoProjects\EALWaterSensors\EALWaterSensors\ArduinoCore\Debug\libArduinoCore.a(new.o)
 .debug_frame   0x00002208      0x39c C:\AtmelArduinoProjects\EALWaterSensors\EALWaterSensors\ArduinoCore\Debug\libArduinoCore.a(Print.o)
 .debug_frame   0x000025a4       0xc4 C:\AtmelArduinoProjects\EALWaterSensors\EALWaterSensors\ArduinoCore\Debug\libArduinoCore.a(wiring.o)
 .debug_frame   0x00002668       0x54 C:\AtmelArduinoProjects\EALWaterSensors\EALWaterSensors\ArduinoCore\Debug\libArduinoCore.a(wiring_analog.o)
 .debug_frame   0x000026bc       0x7c C:\AtmelArduinoProjects\EALWaterSensors\EALWaterSensors\ArduinoCore\Debug\libArduinoCore.a(wiring_digital.o)
 .debug_frame   0x00002738      0xa48 C:\AtmelArduinoProjects\EALWaterSensors\EALWaterSensors\ArduinoCore\Debug\libArduinoCore.a(WString.o)
 .debug_frame   0x00003180       0x24 C:\AtmelArduinoProjects\EALWaterSensors\EALWaterSensors\ArduinoCore\Debug\libArduinoCore.a(hooks.o)

.debug_str      0x00000000    0x11b52
 *(.debug_str)
 .debug_str     0x00000000     0xae68 ArduinoLibs/Wire/utility/twi.o
                               0xaf98 (size before relaxing)
 .debug_str     0x0000ae68     0x1cac ArduinoLibs/Wire/Wire.o
                               0x9bdc (size before relaxing)
 .debug_str     0x0000cb14      0xdc0 ArduinoLibs/SoftwareSerial/SoftwareSerial.o
                               0xcc6c (size before relaxing)
 .debug_str     0x0000d8d4      0x7e5 ArduinoLibs/LiquidCrystal/LiquidCrystal.o
                               0xc02b (size before relaxing)
 .debug_str     0x0000e0b9     0x1594 ArduinoLibs/erom/erom.o
                               0xcfc2 (size before relaxing)
 .debug_str     0x0000f64d      0x386 ArduinoLibs/SimpleTimer/SimpleTimer.o
                               0xbba9 (size before relaxing)
 .debug_str     0x0000f9d3      0x645 EALLib/LCDBase.o
                               0xc9f3 (size before relaxing)
 .debug_str     0x00010018      0x6b5 EALLib/PHSensor.o
                               0xda6f (size before relaxing)
 .debug_str     0x000106cd      0x1e4 EALLib/TDSSensor.o
                               0xd9ef (size before relaxing)
 .debug_str     0x000108b1      0x238 EALLib/WaterSensorWire.o
                               0xd53c (size before relaxing)
 .debug_str     0x00010ae9       0xd2 EALLib/_globalsWaterSensors.o
                               0xdad5 (size before relaxing)
 .debug_str     0x00010bbb       0xa3 Sketch.o
                               0xc2fb (size before relaxing)
 .debug_str     0x00010c5e      0x18e C:\AtmelArduinoProjects\EALWaterSensors\EALWaterSensors\ArduinoCore\Debug\libArduinoCore.a(abi.o)
                                0x1a4 (size before relaxing)
 .debug_str     0x00010dec      0x322 C:\AtmelArduinoProjects\EALWaterSensors\EALWaterSensors\ArduinoCore\Debug\libArduinoCore.a(HardwareSerial.o)
                               0x12de (size before relaxing)
 .debug_str     0x0001110e       0x47 C:\AtmelArduinoProjects\EALWaterSensors\EALWaterSensors\ArduinoCore\Debug\libArduinoCore.a(HardwareSerial0.o)
                               0x10de (size before relaxing)
 .debug_str     0x00011155       0x43 C:\AtmelArduinoProjects\EALWaterSensors\EALWaterSensors\ArduinoCore\Debug\libArduinoCore.a(main.o)
                                0x2b3 (size before relaxing)
 .debug_str     0x00011198       0x7a C:\AtmelArduinoProjects\EALWaterSensors\EALWaterSensors\ArduinoCore\Debug\libArduinoCore.a(new.o)
                                0x1e7 (size before relaxing)
 .debug_str     0x00011212      0x366 C:\AtmelArduinoProjects\EALWaterSensors\EALWaterSensors\ArduinoCore\Debug\libArduinoCore.a(Print.o)
                                0xf5e (size before relaxing)
 .debug_str     0x00011578      0x143 C:\AtmelArduinoProjects\EALWaterSensors\EALWaterSensors\ArduinoCore\Debug\libArduinoCore.a(wiring.o)
                                0x23d (size before relaxing)
 .debug_str     0x000116bb       0x7a C:\AtmelArduinoProjects\EALWaterSensors\EALWaterSensors\ArduinoCore\Debug\libArduinoCore.a(wiring_analog.o)
                                0x241 (size before relaxing)
 .debug_str     0x00011735       0x4b C:\AtmelArduinoProjects\EALWaterSensors\EALWaterSensors\ArduinoCore\Debug\libArduinoCore.a(wiring_digital.o)
                                0x2a2 (size before relaxing)
 .debug_str     0x00011780      0x3b6 C:\AtmelArduinoProjects\EALWaterSensors\EALWaterSensors\ArduinoCore\Debug\libArduinoCore.a(WString.o)
                                0xf37 (size before relaxing)
 .debug_str     0x00011b36       0x1c C:\AtmelArduinoProjects\EALWaterSensors\EALWaterSensors\ArduinoCore\Debug\libArduinoCore.a(hooks.o)
                                0x132 (size before relaxing)

.debug_loc      0x00000000     0xa030
 *(.debug_loc)
 .debug_loc     0x00000000      0x5d8 ArduinoLibs/Wire/utility/twi.o
 .debug_loc     0x000005d8      0x4c7 ArduinoLibs/Wire/Wire.o
 .debug_loc     0x00000a9f      0x3b2 ArduinoLibs/SoftwareSerial/SoftwareSerial.o
 .debug_loc     0x00000e51      0x5e1 ArduinoLibs/LiquidCrystal/LiquidCrystal.o
 .debug_loc     0x00001432      0x906 ArduinoLibs/erom/erom.o
 .debug_loc     0x00001d38      0x1ce ArduinoLibs/SimpleTimer/SimpleTimer.o
 .debug_loc     0x00001f06       0xd2 EALLib/LCDBase.o
 .debug_loc     0x00001fd8      0x606 EALLib/PHSensor.o
 .debug_loc     0x000025de      0x5a3 EALLib/TDSSensor.o
 .debug_loc     0x00002b81      0x18c EALLib/WaterSensorWire.o
 .debug_loc     0x00002d0d      0x1ef EALLib/_globalsWaterSensors.o
 .debug_loc     0x00002efc       0xe7 Sketch.o
 .debug_loc     0x00002fe3      0x497 C:\AtmelArduinoProjects\EALWaterSensors\EALWaterSensors\ArduinoCore\Debug\libArduinoCore.a(HardwareSerial.o)
 .debug_loc     0x0000347a      0x161 C:\AtmelArduinoProjects\EALWaterSensors\EALWaterSensors\ArduinoCore\Debug\libArduinoCore.a(HardwareSerial0.o)
 .debug_loc     0x000035db       0x98 C:\AtmelArduinoProjects\EALWaterSensors\EALWaterSensors\ArduinoCore\Debug\libArduinoCore.a(new.o)
 .debug_loc     0x00003673     0x1ef5 C:\AtmelArduinoProjects\EALWaterSensors\EALWaterSensors\ArduinoCore\Debug\libArduinoCore.a(Print.o)
 .debug_loc     0x00005568      0x269 C:\AtmelArduinoProjects\EALWaterSensors\EALWaterSensors\ArduinoCore\Debug\libArduinoCore.a(wiring.o)
 .debug_loc     0x000057d1       0xfe C:\AtmelArduinoProjects\EALWaterSensors\EALWaterSensors\ArduinoCore\Debug\libArduinoCore.a(wiring_analog.o)
 .debug_loc     0x000058cf      0x5e3 C:\AtmelArduinoProjects\EALWaterSensors\EALWaterSensors\ArduinoCore\Debug\libArduinoCore.a(wiring_digital.o)
 .debug_loc     0x00005eb2     0x417e C:\AtmelArduinoProjects\EALWaterSensors\EALWaterSensors\ArduinoCore\Debug\libArduinoCore.a(WString.o)

.debug_macinfo
 *(.debug_macinfo)

.debug_weaknames
 *(.debug_weaknames)

.debug_funcnames
 *(.debug_funcnames)

.debug_typenames
 *(.debug_typenames)

.debug_varnames
 *(.debug_varnames)

.debug_pubtypes
 *(.debug_pubtypes)

.debug_ranges   0x00000000      0xf88
 *(.debug_ranges)
 .debug_ranges  0x00000000       0x70 ArduinoLibs/Wire/utility/twi.o
 .debug_ranges  0x00000070       0xf8 ArduinoLibs/Wire/Wire.o