Archive member included to satisfy reference by file (symbol)

c:/program files (x86)/atmel/studio/7.0/toolchain/avr8/avr8-gnu-toolchain/bin/../lib/gcc/avr/4.9.2/../../../../avr/lib/avr5\libm.a(addsf3.o)
                              ArduinoLibs/CmdMessenger/CmdMessenger.o (__subsf3)
c:/program files (x86)/atmel/studio/7.0/toolchain/avr8/avr8-gnu-toolchain/bin/../lib/gcc/avr/4.9.2/../../../../avr/lib/avr5\libm.a(addsf3x.o)
                              c:/program files (x86)/atmel/studio/7.0/toolchain/avr8/avr8-gnu-toolchain/bin/../lib/gcc/avr/4.9.2/../../../../avr/lib/avr5\libm.a(addsf3.o) (__addsf3x)
c:/program files (x86)/atmel/studio/7.0/toolchain/avr8/avr8-gnu-toolchain/bin/../lib/gcc/avr/4.9.2/../../../../avr/lib/avr5\libm.a(cmpsf2.o)
                              ArduinoLibs/CmdMessenger/CmdMessenger.o (__nesf2)
c:/program files (x86)/atmel/studio/7.0/toolchain/avr8/avr8-gnu-toolchain/bin/../lib/gcc/avr/4.9.2/../../../../avr/lib/avr5\libm.a(divsf3.o)
                              ArduinoLibs/CmdMessenger/CmdMessenger.o (__divsf3)
c:/program files (x86)/atmel/studio/7.0/toolchain/avr8/avr8-gnu-toolchain/bin/../lib/gcc/avr/4.9.2/../../../../avr/lib/avr5\libm.a(divsf3x.o)
                              c:/program files (x86)/atmel/studio/7.0/toolchain/avr8/avr8-gnu-toolchain/bin/../lib/gcc/avr/4.9.2/../../../../avr/lib/avr5\libm.a(divsf3.o) (__divsf3x)
c:/program files (x86)/atmel/studio/7.0/toolchain/avr8/avr8-gnu-toolchain/bin/../lib/gcc/avr/4.9.2/../../../../avr/lib/avr5\libm.a(fixsfsi.o)
                              ArduinoLibs/CmdMessenger/CmdMessenger.o (__fixsfsi)
c:/program files (x86)/atmel/studio/7.0/toolchain/avr8/avr8-gnu-toolchain/bin/../lib/gcc/avr/4.9.2/../../../../avr/lib/avr5\libm.a(fixunssfsi.o)
                              c:/program files (x86)/atmel/studio/7.0/toolchain/avr8/avr8-gnu-toolchain/bin/../lib/gcc/avr/4.9.2/../../../../avr/lib/avr5\libm.a(fixsfsi.o) (__fixunssfsi)
c:/program files (x86)/atmel/studio/7.0/toolchain/avr8/avr8-gnu-toolchain/bin/../lib/gcc/avr/4.9.2/../../../../avr/lib/avr5\libm.a(floatsisf.o)
                              ArduinoLibs/CmdMessenger/CmdMessenger.o (__floatunsisf)
c:/program files (x86)/atmel/studio/7.0/toolchain/avr8/avr8-gnu-toolchain/bin/../lib/gcc/avr/4.9.2/../../../../avr/lib/avr5\libm.a(fp_cmp.o)
                              c:/program files (x86)/atmel/studio/7.0/toolchain/avr8/avr8-gnu-toolchain/bin/../lib/gcc/avr/4.9.2/../../../../avr/lib/avr5\libm.a(cmpsf2.o) (__fp_cmp)
c:/program files (x86)/atmel/studio/7.0/toolchain/avr8/avr8-gnu-toolchain/bin/../lib/gcc/avr/4.9.2/../../../../avr/lib/avr5\libm.a(fp_inf.o)
                              c:/program files (x86)/atmel/studio/7.0/toolchain/avr8/avr8-gnu-toolchain/bin/../lib/gcc/avr/4.9.2/../../../../avr/lib/avr5\libm.a(addsf3x.o) (__fp_inf)
c:/program files (x86)/atmel/studio/7.0/toolchain/avr8/avr8-gnu-toolchain/bin/../lib/gcc/avr/4.9.2/../../../../avr/lib/avr5\libm.a(fp_nan.o)
                              c:/program files (x86)/atmel/studio/7.0/toolchain/avr8/avr8-gnu-toolchain/bin/../lib/gcc/avr/4.9.2/../../../../avr/lib/avr5\libm.a(addsf3x.o) (__fp_nan)
c:/program files (x86)/atmel/studio/7.0/toolchain/avr8/avr8-gnu-toolchain/bin/../lib/gcc/avr/4.9.2/../../../../avr/lib/avr5\libm.a(fp_pscA.o)
                              c:/program files (x86)/atmel/studio/7.0/toolchain/avr8/avr8-gnu-toolchain/bin/../lib/gcc/avr/4.9.2/../../../../avr/lib/avr5\libm.a(addsf3x.o) (__fp_pscA)
c:/program files (x86)/atmel/studio/7.0/toolchain/avr8/avr8-gnu-toolchain/bin/../lib/gcc/avr/4.9.2/../../../../avr/lib/avr5\libm.a(fp_pscB.o)
                              c:/program files (x86)/atmel/studio/7.0/toolchain/avr8/avr8-gnu-toolchain/bin/../lib/gcc/avr/4.9.2/../../../../avr/lib/avr5\libm.a(addsf3x.o) (__fp_pscB)
c:/program files (x86)/atmel/studio/7.0/toolchain/avr8/avr8-gnu-toolchain/bin/../lib/gcc/avr/4.9.2/../../../../avr/lib/avr5\libm.a(fp_round.o)
                              c:/program files (x86)/atmel/studio/7.0/toolchain/avr8/avr8-gnu-toolchain/bin/../lib/gcc/avr/4.9.2/../../../../avr/lib/avr5\libm.a(addsf3.o) (__fp_round)
c:/program files (x86)/atmel/studio/7.0/toolchain/avr8/avr8-gnu-toolchain/bin/../lib/gcc/avr/4.9.2/../../../../avr/lib/avr5\libm.a(fp_split3.o)
                              c:/program files (x86)/atmel/studio/7.0/toolchain/avr8/avr8-gnu-toolchain/bin/../lib/gcc/avr/4.9.2/../../../../avr/lib/avr5\libm.a(addsf3x.o) (__fp_split3)
c:/program files (x86)/atmel/studio/7.0/toolchain/avr8/avr8-gnu-toolchain/bin/../lib/gcc/avr/4.9.2/../../../../avr/lib/avr5\libm.a(fp_zero.o)
                              c:/program files (x86)/atmel/studio/7.0/toolchain/avr8/avr8-gnu-toolchain/bin/../lib/gcc/avr/4.9.2/../../../../avr/lib/avr5\libm.a(addsf3x.o) (__fp_zero)
c:/program files (x86)/atmel/studio/7.0/toolchain/avr8/avr8-gnu-toolchain/bin/../lib/gcc/avr/4.9.2/../../../../avr/lib/avr5\libm.a(gesf2.o)
                              ArduinoLibs/CmdMessenger/CmdMessenger.o (__gtsf2)
[...]
Memory Configuration

Name             Origin             Length             Attributes
text             0x00000000         0x00020000         xr
data             0x00800060         0x0000ffa0         rw !x
eeprom           0x00810000         0x00010000         rw !x
fuse             0x00820000         0x00000400         rw !x
lock             0x00830000         0x00000400         rw !x
signature        0x00840000         0x00000400         rw !x
user_signatures  0x00850000         0x00000400         rw !x
*default*        0x00000000         0xffffffff

Linker script and memory map

Address of section .data set to 0x800100
LOAD C:/Program Files (x86)/Atmel/Studio/7.0/Packs/atmel/ATmega_DFP/1.0.106/gcc/dev/atmega328p/avr5/crtatmega328p.o
LOAD ArduinoLibs/Wire/utility/twi.o
LOAD ArduinoLibs/Wire/Wire.o
LOAD ArduinoLibs/SoftwareSerial/SoftwareSerial.o
LOAD ArduinoLibs/SPI/SPI.o
LOAD ArduinoLibs/LiquidCrystal/LiquidCrystal.o
LOAD ArduinoLibs/CmdMessenger/CmdMessenger.o
LOAD ArduinoLibs/erom/erom.o
LOAD ArduinoLibs/RF24/RF24.o
LOAD ArduinoLibs/SimpleTimer/SimpleTimer.o
LOAD EALLib/LCDBase.o
LOAD EALLib/PHSensor.o
LOAD Sketch.o
START GROUP
LOAD c:/program files (x86)/atmel/studio/7.0/toolchain/avr8/avr8-gnu-toolchain/bin/../lib/gcc/avr/4.9.2/../../../../avr/lib/avr5\libm.a
LOAD C:\AtmelArduinoProjects\EALWaterSensors\EALWaterSensors\ArduinoCore\Debug\libArduinoCore.a
END GROUP
LOAD c:/program files (x86)/atmel/studio/7.0/toolchain/avr8/avr8-gnu-toolchain/bin/../lib/gcc/avr/4.9.2/avr5\libgcc.a
LOAD c:/program files (x86)/atmel/studio/7.0/toolchain/avr8/avr8-gnu-toolchain/bin/../lib/gcc/avr/4.9.2/../../../../avr/lib/avr5\libm.a
START GROUP
LOAD c:/program files (x86)/atmel/studio/7.0/toolchain/avr8/avr8-gnu-toolchain/bin/../lib/gcc/avr/4.9.2/avr5\libgcc.a
LOAD c:/program files (x86)/atmel/studio/7.0/toolchain/avr8/avr8-gnu-toolchain/bin/../lib/gcc/avr/4.9.2/../../../../avr/lib/avr5\libm.a
LOAD c:/program files (x86)/atmel/studio/7.0/toolchain/avr8/avr8-gnu-toolchain/bin/../lib/gcc/avr/4.9.2/../../../../avr/lib/avr5\libc.a
LOAD C:/Program Files (x86)/Atmel/Studio/7.0/Packs/atmel/ATmega_DFP/1.0.106/gcc/dev/atmega328p/avr5\libatmega328p.a
END GROUP
                0x00020000                __TEXT_REGION_LENGTH__ = DEFINED (__TEXT_REGION_LENGTH__)?__TEXT_REGION_LENGTH__:0x20000
                0x0000ffa0                __DATA_REGION_LENGTH__ = DEFINED (__DATA_REGION_LENGTH__)?__DATA_REGION_LENGTH__:0xffa0
                0x00010000                __EEPROM_REGION_LENGTH__ = DEFINED (__EEPROM_REGION_LENGTH__)?__EEPROM_REGION_LENGTH__:0x10000
                0x00000400                __FUSE_REGION_LENGTH__ = DEFINED (__FUSE_REGION_LENGTH__)?__FUSE_REGION_LENGTH__:0x400
                0x00000400                __LOCK_REGION_LENGTH__ = DEFINED (__LOCK_REGION_LENGTH__)?__LOCK_REGION_LENGTH__:0x400
                0x00000400                __SIGNATURE_REGION_LENGTH__ = DEFINED (__SIGNATURE_REGION_LENGTH__)?__SIGNATURE_REGION_LENGTH__:0x400
                0x00000400                __USER_SIGNATURE_REGION_LENGTH__ = DEFINED (__USER_SIGNATURE_REGION_LENGTH__)?__USER_SIGNATURE_REGION_LENGTH__:0x400

.hash
 *(.hash)

.dynsym
 *(.dynsym)

.dynstr
 *(.dynstr)

.gnu.version
 *(.gnu.version)

.gnu.version_d
 *(.gnu.version_d)

.gnu.version_r
 *(.gnu.version_r)

.rel.init
 *(.rel.init)

.rela.init
 *(.rela.init)

.rel.text
 *(.rel.text)
 *(.rel.text.*)
 *(.rel.gnu.linkonce.t*)

.rela.text
 *(.rela.text)
 *(.rela.text.*)
 *(.rela.gnu.linkonce.t*)

.rel.fini
 *(.rel.fini)

.rela.fini
 *(.rela.fini)

.rel.rodata
 *(.rel.rodata)
 *(.rel.rodata.*)
 *(.rel.gnu.linkonce.r*)

.rela.rodata
 *(.rela.rodata)
 *(.rela.rodata.*)
 *(.rela.gnu.linkonce.r*)

.rel.data
 *(.rel.data)
 *(.rel.data.*)
 *(.rel.gnu.linkonce.d*)

.rela.data
 *(.rela.data)
 *(.rela.data.*)
 *(.rela.gnu.linkonce.d*)

.rel.ctors
 *(.rel.ctors)

.rela.ctors
 *(.rela.ctors)

.rel.dtors
 *(.rel.dtors)

.rela.dtors
 *(.rela.dtors)

.rel.got
 *(.rel.got)

.rela.got
 *(.rela.got)

.rel.bss
 *(.rel.bss)

.rela.bss
 *(.rela.bss)

.rel.plt
 *(.rel.plt)

.rela.plt
 *(.rela.plt)

.text           0x00000000     0x6486
 *(.vectors)
 .vectors       0x00000000       0x68 C:/Program Files (x86)/Atmel/Studio/7.0/Packs/atmel/ATmega_DFP/1.0.106/gcc/dev/atmega328p/avr5/crtatmega328p.o
                0x00000000                __vector_default
                0x00000000                __vectors
 *(.vectors)
 *(.progmem.gcc*)
 .progmem.gcc_sw_table.__vector_24
                0x00000068      0x192 ArduinoLibs/Wire/utility/twi.o
 .progmem.gcc_fplib
                0x000001fa       0x5a c:/program files (x86)/atmel/studio/7.0/toolchain/avr8/avr8-gnu-toolchain/bin/../lib/gcc/avr/4.9.2/../../../../avr/lib/avr5\libm.a(log.o)
 .progmem.gcc_fplib
                0x00000254       0x28 c:/program files (x86)/atmel/studio/7.0/toolchain/avr8/avr8-gnu-toolchain/bin/../lib/gcc/avr/4.9.2/../../../../avr/lib/avr5\libm.a(exp.o)
                0x0000027c                . = ALIGN (0x2)
                0x0000027c                __trampolines_start = .
 *(.trampolines)
 .trampolines   0x0000027c        0x0 linker stubs
 *(.trampolines*)
                0x0000027c                __trampolines_end = .
 *libprintf_flt.a:*(.progmem.data)
 *libc.a:*(.progmem.data)
 .progmem.data  0x0000027c       0x3b c:/program files (x86)/atmel/studio/7.0/toolchain/avr8/avr8-gnu-toolchain/bin/../lib/gcc/avr/4.9.2/../../../../avr/lib/avr5\libc.a(strtod.o)
 *(.progmem*)
 .progmem.data._ZZN7LCDBase9ClearLineEsE3__c
                0x000002b7       0x11 EALLib/LCDBase.o
 .progmem.data._ZZN8PHSensor12PrintPHToLCDEvE3__c
                0x000002c8        0x5 EALLib/PHSensor.o
 .progmem.data._ZZN8PHSensor16CalculateAverageEPiiE3__c
                0x000002cd       0x2a EALLib/PHSensor.o
 .progmem.data._ZZN15CmdMessengerExt17OnIdentifyRequestEvE3__c
                0x000002f7        0xd Sketch.o
 .progmem.data._ZZN15CmdMessengerExt16OnUnknownCommandEvE3__c
                0x00000304       0x22 Sketch.o
 .progmem.data._ZZN15CmdMessengerExt14OnStartLoggingEvE3__c
                0x00000326        0xe Sketch.o
 .progmem.data.digital_pin_to_timer_PGM
                0x00000334       0x14 C:\AtmelArduinoProjects\EALWaterSensors\EALWaterSensors\ArduinoCore\Debug\libArduinoCore.a(wiring_digital.o)
                0x00000334                digital_pin_to_timer_PGM
 .progmem.data.digital_pin_to_bit_mask_PGM
                0x00000348       0x14 C:\AtmelArduinoProjects\EALWaterSensors\EALWaterSensors\ArduinoCore\Debug\libArduinoCore.a(wiring_digital.o)
                0x00000348                digital_pin_to_bit_mask_PGM
 .progmem.data.digital_pin_to_port_PGM
                0x0000035c       0x14 C:\AtmelArduinoProjects\EALWaterSensors\EALWaterSensors\ArduinoCore\Debug\libArduinoCore.a(wiring_digital.o)
                0x0000035c                digital_pin_to_port_PGM
 .progmem.data.port_to_input_PGM
                0x00000370        0xa C:\AtmelArduinoProjects\EALWaterSensors\EALWaterSensors\ArduinoCore\Debug\libArduinoCore.a(wiring_digital.o)
                0x00000370                port_to_input_PGM
 .progmem.data.port_to_output_PGM
                0x0000037a        0xa C:\AtmelArduinoProjects\EALWaterSensors\EALWaterSensors\ArduinoCore\Debug\libArduinoCore.a(wiring_digital.o)
                0x0000037a                port_to_output_PGM
 .progmem.data.port_to_mode_PGM
                0x00000384        0xa C:\AtmelArduinoProjects\EALWaterSensors\EALWaterSensors\ArduinoCore\Debug\libArduinoCore.a(wiring_digital.o)
                0x00000384                port_to_mode_PGM
                0x0000038e                . = ALIGN (0x2)
 *(.jumptables)
 *(.jumptables*)
 *(.lowtext)
 *(.lowtext*)
                0x0000038e                __ctors_start = .
 *(.ctors)
 .ctors         0x0000038e        0x2 ArduinoLibs/Wire/Wire.o
 .ctors         0x00000390        0x2 ArduinoLibs/erom/erom.o
 .ctors         0x00000392        0x2 Sketch.o
 .ctors         0x00000394        0x2 C:\AtmelArduinoProjects\EALWaterSensors\EALWaterSensors\ArduinoCore\Debug\libArduinoCore.a(HardwareSerial0.o)
                0x00000396                __ctors_end = .
                0x00000396                __dtors_start = .
 *(.dtors)
 .dtors         0x00000396        0x2 Sketch.o
                0x00000398                __dtors_end = .
 SORT(*)(.ctors)
 SORT(*)(.dtors)
 *(.init0)
 .init0         0x00000398        0x0 C:/Program Files (x86)/Atmel/Studio/7.0/Packs/atmel/ATmega_DFP/1.0.106/gcc/dev/atmega328p/avr5/crtatmega328p.o
                0x00000398                __init
 *(.init0)
 *(.init1)
 *(.init1)
 *(.init2)
 .init2         0x00000398        0xc C:/Program Files (x86)/Atmel/Studio/7.0/Packs/atmel/ATmega_DFP/1.0.106/gcc/dev/atmega328p/avr5/crtatmega328p.o
 *(.init2)
 *(.init3)
 *(.init3)
 *(.init4)
 .init4         0x000003a4       0x16 c:/program files (x86)/atmel/studio/7.0/toolchain/avr8/avr8-gnu-toolchain/bin/../lib/gcc/avr/4.9.2/avr5\libgcc.a(_copy_data.o)
                0x000003a4                __do_copy_data
 .init4         0x000003ba       0x10 c:/program files (x86)/atmel/studio/7.0/toolchain/avr8/avr8-gnu-toolchain/bin/../lib/gcc/avr/4.9.2/avr5\libgcc.a(_clear_bss.o)
                0x000003ba                __do_clear_bss
 *(.init4)
 *(.init5)
 *(.init5)
 *(.init6)
 .init6         0x000003ca       0x16 c:/program files (x86)/atmel/studio/7.0/toolchain/avr8/avr8-gnu-toolchain/bin/../lib/gcc/avr/4.9.2/avr5\libgcc.a(_ctors.o)
                0x000003ca                __do_global_ctors
 *(.init6)
 *(.init7)
 *(.init7)
 *(.init8)
 *(.init8)
 *(.init9)
 .init9         0x000003e0        0x8 C:/Program Files (x86)/Atmel/Studio/7.0/Packs/atmel/ATmega_DFP/1.0.106/gcc/dev/atmega328p/avr5/crtatmega328p.o
 *(.init9)
 *(.text)
 .text          0x000003e8        0x2 C:/Program Files (x86)/Atmel/Studio/7.0/Packs/atmel/ATmega_DFP/1.0.106/gcc/dev/atmega328p/avr5/crtatmega328p.o
                0x000003e8                __vector_22
                0x000003e8                __vector_1
                0x000003e8                __vector_12
                0x000003e8                __bad_interrupt
                0x000003e8                __vector_6
                0x000003e8                __vector_23
                0x000003e8                __vector_25
                0x000003e8                __vector_11
                0x000003e8                __vector_13
                0x000003e8                __vector_17
                0x000003e8                __vector_7
                0x000003e8                __vector_9
                0x000003e8                __vector_2
                0x000003e8                __vector_21
                0x000003e8                __vector_15
                0x000003e8                __vector_8
                0x000003e8                __vector_14
                0x000003e8                __vector_10
                0x000003e8                __vector_20
                0x000003ea                . = ALIGN (0x2)
 *(.text.*)
 .text.twi_transmit
                0x000003ea       0x42 ArduinoLibs/Wire/utility/twi.o
                0x000003ea                twi_transmit
 .text.twi_stop
                0x0000042c       0x16 ArduinoLibs/Wire/utility/twi.o
                0x0000042c                twi_stop
 .text.twi_releaseBus
                0x00000442        0xc ArduinoLibs/Wire/utility/twi.o
                0x00000442                twi_releaseBus
 .text.__vector_24
                0x0000044e      0x232 ArduinoLibs/Wire/utility/twi.o
                0x0000044e                __vector_24
 .text._ZN5Print13setWriteErrorEi
                0x00000680       0x2a ArduinoLibs/Wire/Wire.o
                0x00000680                _ZN5Print13setWriteErrorEi
 .text._ZN5PrintC2Ev
                0x000006aa       0x30 ArduinoLibs/Wire/Wire.o
                0x000006aa                _ZN5PrintC2Ev
                0x000006aa                _ZN5PrintC1Ev
 .text._ZN6StreamC2Ev
                0x000006da       0x42 ArduinoLibs/Wire/Wire.o
                0x000006da                _ZN6StreamC1Ev
                0x000006da                _ZN6StreamC2Ev
 .text._ZN7TwoWireC2Ev
                0x0000071c       0x2c ArduinoLibs/Wire/Wire.o
                0x0000071c                _ZN7TwoWireC1Ev
                0x0000071c                _ZN7TwoWireC2Ev
 .text._ZN7TwoWire5writeEh
                0x00000748       0x6c ArduinoLibs/Wire/Wire.o
                0x00000748                _ZN7TwoWire5writeEh
 .text._ZN7TwoWire5writeEPKhj
                0x000007b4       0x80 ArduinoLibs/Wire/Wire.o
                0x000007b4                _ZN7TwoWire5writeEPKhj
 .text._ZN7TwoWire9availableEv
                0x00000834       0x30 ArduinoLibs/Wire/Wire.o
                0x00000834                _ZN7TwoWire9availableEv
 .text._ZN7TwoWire4readEv
                0x00000864       0x52 ArduinoLibs/Wire/Wire.o
                0x00000864                _ZN7TwoWire4readEv
 .text._ZN7TwoWire4peekEv
                0x000008b6       0x48 ArduinoLibs/Wire/Wire.o
                0x000008b6                _ZN7TwoWire4peekEv
 .text._ZN7TwoWire5flushEv
                0x000008fe       0x18 ArduinoLibs/Wire/Wire.o
                0x000008fe                _ZN7TwoWire5flushEv
 .text._Z41__static_initialization_and_destruction_0ii
                0x00000916       0x32 ArduinoLibs/Wire/Wire.o
 .text._GLOBAL__sub_I__ZN7TwoWire8rxBufferE
                0x00000948       0x1c ArduinoLibs/Wire/Wire.o
 .text._Z10DebugPulsehh
                0x00000964       0x18 ArduinoLibs/SoftwareSerial/SoftwareSerial.o
                0x00000964                _Z10DebugPulsehh
 .text._ZN14SoftwareSerial10tunedDelayEj
                0x0000097c       0x2c ArduinoLibs/SoftwareSerial/SoftwareSerial.o
                0x0000097c                _ZN14SoftwareSerial10tunedDelayEj
 .text._ZN14SoftwareSerial11rx_pin_readEv
                0x000009a8       0x30 ArduinoLibs/SoftwareSerial/SoftwareSerial.o
                0x000009a8                _ZN14SoftwareSerial11rx_pin_readEv
 .text.__vector_3
                0x000009d8      0x25c ArduinoLibs/SoftwareSerial/SoftwareSerial.o
                0x000009d8                __vector_5
                0x000009d8                __vector_4
                0x000009d8                __vector_3
 .text._ZN13LiquidCrystalC2Ehhhhhh
                0x00000c34       0x84 ArduinoLibs/LiquidCrystal/LiquidCrystal.o
                0x00000c34                _ZN13LiquidCrystalC1Ehhhhhh
                0x00000c34                _ZN13LiquidCrystalC2Ehhhhhh
 .text._ZN13LiquidCrystal4initEhhhhhhhhhhhh
                0x00000cb8       0xe2 ArduinoLibs/LiquidCrystal/LiquidCrystal.o
                0x00000cb8                _ZN13LiquidCrystal4initEhhhhhhhhhhhh
 .text._ZN13LiquidCrystal5beginEhhh
                0x00000d9a      0x22a ArduinoLibs/LiquidCrystal/LiquidCrystal.o
                0x00000d9a                _ZN13LiquidCrystal5beginEhhh
 .text._ZN13LiquidCrystal13setRowOffsetsEiiii
                0x00000fc4       0x50 ArduinoLibs/LiquidCrystal/LiquidCrystal.o
                0x00000fc4                _ZN13LiquidCrystal13setRowOffsetsEiiii
 .text._ZN13LiquidCrystal5clearEv
                0x00001014       0x28 ArduinoLibs/LiquidCrystal/LiquidCrystal.o
                0x00001014                _ZN13LiquidCrystal5clearEv
 .text._ZN13LiquidCrystal9setCursorEhh
                0x0000103c       0x6c ArduinoLibs/LiquidCrystal/LiquidCrystal.o
                0x0000103c                _ZN13LiquidCrystal9setCursorEhh
 .text._ZN13LiquidCrystal7displayEv
                0x000010a8       0x40 ArduinoLibs/LiquidCrystal/LiquidCrystal.o
                0x000010a8                _ZN13LiquidCrystal7displayEv
 .text._ZN13LiquidCrystal7commandEh
                0x000010e8       0x24 ArduinoLibs/LiquidCrystal/LiquidCrystal.o
                0x000010e8                _ZN13LiquidCrystal7commandEh
 .text._ZN13LiquidCrystal5writeEh
                0x0000110c       0x28 ArduinoLibs/LiquidCrystal/LiquidCrystal.o
                0x0000110c                _ZN13LiquidCrystal5writeEh
 .text._ZN13LiquidCrystal4sendEhh
                0x00001134       0x8a ArduinoLibs/LiquidCrystal/LiquidCrystal.o
                0x00001134                _ZN13LiquidCrystal4sendEhh
 .text._ZN13LiquidCrystal11pulseEnableEv
                0x000011be       0x5a ArduinoLibs/LiquidCrystal/LiquidCrystal.o
                0x000011be                _ZN13LiquidCrystal11pulseEnableEv
 .text._ZN13LiquidCrystal10write4bitsEh
                0x00001218       0x66 ArduinoLibs/LiquidCrystal/LiquidCrystal.o
                0x00001218                _ZN13LiquidCrystal10write4bitsEh
 .text._ZN13LiquidCrystal10write8bitsEh
                0x0000127e       0x66 ArduinoLibs/LiquidCrystal/LiquidCrystal.o
                0x0000127e                _ZN13LiquidCrystal10write8bitsEh
 .text._ZN12CmdMessengerC2ER6Streamccc
                0x000012e4       0x48 ArduinoLibs/CmdMessenger/CmdMessenger.o
                0x000012e4                _ZN12CmdMessengerC2ER6Streamccc
                0x000012e4                _ZN12CmdMessengerC1ER6Streamccc
 .text._ZN12CmdMessenger4initER6Streamccc
                0x0000132c       0xec ArduinoLibs/CmdMessenger/CmdMessenger.o
                0x0000132c                _ZN12CmdMessenger4initER6Streamccc
 .text._ZN12CmdMessenger5resetEv
                0x00001418       0x4a ArduinoLibs/CmdMessenger/CmdMessenger.o
                0x00001418                _ZN12CmdMessenger5resetEv
 .text._ZN12CmdMessenger6attachEPFvvE
                0x00001462       0x2e ArduinoLibs/CmdMessenger/CmdMessenger.o
                0x00001462                _ZN12CmdMessenger6attachEPFvvE
 .text._ZN12CmdMessenger6attachEhPFvvE
                0x00001490       0x44 ArduinoLibs/CmdMessenger/CmdMessenger.o
                0x00001490                _ZN12CmdMessenger6attachEhPFvvE
 .text._ZN12CmdMessenger16feedinSerialDataEv
                0x000014d4      0x2ea ArduinoLibs/CmdMessenger/CmdMessenger.o
                0x000014d4                _ZN12CmdMessenger16feedinSerialDataEv
 .text._ZN12CmdMessenger4nextEv
                0x000017be       0xb8 ArduinoLibs/CmdMessenger/CmdMessenger.o
                0x000017be                _ZN12CmdMessenger4nextEv
 .text._ZN12CmdMessenger12sendCmdStartEh
                0x00001876       0x56 ArduinoLibs/CmdMessenger/CmdMessenger.o
                0x00001876                _ZN12CmdMessenger12sendCmdStartEh
 .text._ZN12CmdMessenger13sendCmdSciArgEdj
                0x000018cc       0x68 ArduinoLibs/CmdMessenger/CmdMessenger.o
                0x000018cc                _ZN12CmdMessenger13sendCmdSciArgEdj
 .text._ZN12CmdMessenger10sendCmdEndEbhj
                0x00001934      0x2d6 ArduinoLibs/CmdMessenger/CmdMessenger.o
                0x00001934                _ZN12CmdMessenger10sendCmdEndEbhj
 .text._ZN12CmdMessenger8findNextEPcc
                0x00001c0a       0xb8 ArduinoLibs/CmdMessenger/CmdMessenger.o
                0x00001c0a                _ZN12CmdMessenger8findNextEPcc
 .text._ZN12CmdMessenger12readInt16ArgEv
                0x00001cc2       0x62 ArduinoLibs/CmdMessenger/CmdMessenger.o
                0x00001cc2                _ZN12CmdMessenger12readInt16ArgEv
 .text._ZN12CmdMessenger12readFloatArgEv
                0x00001d24       0x70 ArduinoLibs/CmdMessenger/CmdMessenger.o
                0x00001d24                _ZN12CmdMessenger12readFloatArgEv
 .text._ZN12CmdMessenger7split_rEPccPS0_
                0x00001d94       0xd2 ArduinoLibs/CmdMessenger/CmdMessenger.o
                0x00001d94                _ZN12CmdMessenger7split_rEPccPS0_
 .text._ZN12CmdMessenger9isEscapedEPccS0_
                0x00001e66       0x6e ArduinoLibs/CmdMessenger/CmdMessenger.o
                0x00001e66                _ZN12CmdMessenger9isEscapedEPccS0_
 .text._ZN12CmdMessenger8printSciEdj
                0x00001ed4      0x3cc ArduinoLibs/CmdMessenger/CmdMessenger.o
                0x00001ed4                _ZN12CmdMessenger8printSciEdj
 .text._ZNK4erom6Access4readEj
                0x000022a0       0x28 ArduinoLibs/erom/erom.o
                0x000022a0                _ZNK4erom6Access4readEj
 .text._ZNK4erom6Access9read_byteEj
                0x000022c8       0x4a ArduinoLibs/erom/erom.o
                0x000022c8                _ZNK4erom6Access9read_byteEj
 .text._ZNK4erom6Access5writeEjh
                0x00002312       0x2c ArduinoLibs/erom/erom.o
                0x00002312                _ZNK4erom6Access5writeEjh
 .text._ZNK4erom6Access10write_byteEjh
                0x0000233e       0x50 ArduinoLibs/erom/erom.o
                0x0000233e                _ZNK4erom6Access10write_byteEjh
 .text._ZNK4erom6Access8in_rangeEj
                0x0000238e       0x40 ArduinoLibs/erom/erom.o
                0x0000238e                _ZNK4erom6Access8in_rangeEj
 .text._ZNK4erom6Access4baseEv
                0x000023ce       0x22 ArduinoLibs/erom/erom.o
                0x000023ce                _ZNK4erom6Access4baseEv
 .text._ZNK4erom6Access11memory_sizeEv
                0x000023f0       0x22 ArduinoLibs/erom/erom.o
                0x000023f0                _ZNK4erom6Access11memory_sizeEv
 .text._ZN4erom6Access8instanceEv
                0x00002412       0x36 ArduinoLibs/erom/erom.o
                0x00002412                _ZN4erom6Access8instanceEv
 .text._ZN4erom7Storage14_advance_issueEj
                0x00002448       0x66 ArduinoLibs/erom/erom.o
                0x00002448                _ZN4erom7Storage14_advance_issueEj
 .text._ZN4erom7Storage6OnLoadEv
                0x000024ae       0x18 ArduinoLibs/erom/erom.o
                0x000024ae                _ZN4erom7Storage6OnLoadEv
 .text._ZN4erom7Storage6OnSaveEv
                0x000024c6       0x18 ArduinoLibs/erom/erom.o
                0x000024c6                _ZN4erom7Storage6OnSaveEv
 .text._ZN4erom7Storage7OnClearEv
                0x000024de       0x18 ArduinoLibs/erom/erom.o
                0x000024de                _ZN4erom7Storage7OnClearEv
 .text._ZN4erom7StorageC2Ev
                0x000024f6       0x3e ArduinoLibs/erom/erom.o
                0x000024f6                _ZN4erom7StorageC1Ev
                0x000024f6                _ZN4erom7StorageC2Ev
 .text._ZN4erom7StorageD2Ev
                0x00002534       0x36 ArduinoLibs/erom/erom.o
                0x00002534                _ZN4erom7StorageD2Ev
                0x00002534                _ZN4erom7StorageD1Ev
 .text._ZN4erom7StorageD0Ev
                0x0000256a       0x26 ArduinoLibs/erom/erom.o
                0x0000256a                _ZN4erom7StorageD0Ev
 .text._ZN4erom7Storage4saveEv
                0x00002590       0x32 ArduinoLibs/erom/erom.o
                0x00002590                _ZN4erom7Storage4saveEv
 .text._ZN4erom7Storage6accessEv
                0x000025c2       0x22 ArduinoLibs/erom/erom.o
                0x000025c2                _ZN4erom7Storage6accessEv
 .text._ZN4erom6AccessC2Ej
                0x000025e4       0x38 ArduinoLibs/erom/erom.o
                0x000025e4                _ZN4erom6AccessC2Ej
                0x000025e4                _ZN4erom6AccessC1Ej
 .text._ZN4erom6Access18device_memory_sizeEv
                0x0000261c       0x16 ArduinoLibs/erom/erom.o
                0x0000261c                _ZN4erom6Access18device_memory_sizeEv
 .text._ZNK4erom6Access10read_blockIdEEbjRT_
                0x00002632       0x52 ArduinoLibs/erom/erom.o
                0x00002632                _ZNK4erom6Access10read_blockIdEEbjRT_
 .text._ZNK4erom6Access11_read_blockIdEEvjRT_
                0x00002684       0x40 ArduinoLibs/erom/erom.o
                0x00002684                _ZNK4erom6Access11_read_blockIdEEvjRT_
 .text._Z41__static_initialization_and_destruction_0ii
                0x000026c4       0x36 ArduinoLibs/erom/erom.o
 .text._GLOBAL__sub_I__ZN4erom6accessE
                0x000026fa       0x1c ArduinoLibs/erom/erom.o
 .text._ZL7elapsedv
                0x00002716       0x1e ArduinoLibs/SimpleTimer/SimpleTimer.o
 .text._ZN11SimpleTimerC2Ev
                0x00002734       0xcc ArduinoLibs/SimpleTimer/SimpleTimer.o
                0x00002734                _ZN11SimpleTimerC1Ev
                0x00002734                _ZN11SimpleTimerC2Ev
 .text._ZN11SimpleTimer3runEv
                0x00002800      0x31c ArduinoLibs/SimpleTimer/SimpleTimer.o
                0x00002800                _ZN11SimpleTimer3runEv
 .text._ZN11SimpleTimer17findFirstFreeSlotEv
                0x00002b1c       0x6e ArduinoLibs/SimpleTimer/SimpleTimer.o
                0x00002b1c                _ZN11SimpleTimer17findFirstFreeSlotEv
 .text._ZN11SimpleTimer8setTimerElPFvvEi
                0x00002b8a      0x116 ArduinoLibs/SimpleTimer/SimpleTimer.o
                0x00002b8a                _ZN11SimpleTimer8setTimerElPFvvEi
 .text._ZN11SimpleTimer11setIntervalElPFvvE
                0x00002ca0       0x52 ArduinoLibs/SimpleTimer/SimpleTimer.o
                0x00002ca0                _ZN11SimpleTimer11setIntervalElPFvvE
 .text._ZN11SimpleTimer10setTimeoutElPFvvE
                0x00002cf2       0x52 ArduinoLibs/SimpleTimer/SimpleTimer.o
                0x00002cf2                _ZN11SimpleTimer10setTimeoutElPFvvE
 .text._ZN11SimpleTimer11deleteTimerEi
                0x00002d44       0xf8 ArduinoLibs/SimpleTimer/SimpleTimer.o
                0x00002d44                _ZN11SimpleTimer11deleteTimerEi
 .text._ZN11SimpleTimer12restartTimerEi
                0x00002e3c       0x4e ArduinoLibs/SimpleTimer/SimpleTimer.o
                0x00002e3c                _ZN11SimpleTimer12restartTimerEi
 .text._ZN11SimpleTimer9isEnabledEi
                0x00002e8a       0x3c ArduinoLibs/SimpleTimer/SimpleTimer.o
                0x00002e8a                _ZN11SimpleTimer9isEnabledEi
 .text._ZN11SimpleTimer6enableEi
                0x00002ec6       0x3c ArduinoLibs/SimpleTimer/SimpleTimer.o
                0x00002ec6                _ZN11SimpleTimer6enableEi
 .text._ZN11SimpleTimer7disableEi
                0x00002f02       0x3a ArduinoLibs/SimpleTimer/SimpleTimer.o
                0x00002f02                _ZN11SimpleTimer7disableEi
 .text._ZN7LCDBaseC2Ev
                0x00002f3c       0x58 EALLib/LCDBase.o
                0x00002f3c                _ZN7LCDBaseC1Ev
                0x00002f3c                _ZN7LCDBaseC2Ev
 .text._ZN7LCDBase4InitEv
                0x00002f94       0x3a EALLib/LCDBase.o
                0x00002f94                _ZN7LCDBase4InitEv
 .text._ZN7LCDBase9ClearLineEs
                0x00002fce       0x38 EALLib/LCDBase.o
                0x00002fce                _ZN7LCDBase9ClearLineEs
 .text._ZN4erom7Storage4loadEv
                0x00003006       0x30 EALLib/PHSensor.o
                0x00003006                _ZN4erom7Storage4loadEv
 .text._ZN15PHSensorStorage6OnLoadEv
                0x00003036       0x20 EALLib/PHSensor.o
                0x00003036                _ZN15PHSensorStorage6OnLoadEv
 .text._ZN15PHSensorStorage6OnSaveEv
                0x00003056       0x22 EALLib/PHSensor.o
                0x00003056                _ZN15PHSensorStorage6OnSaveEv
 .text._ZN15PHSensorStorageC2Ev
                0x00003078       0x46 EALLib/PHSensor.o
                0x00003078                _ZN15PHSensorStorageC2Ev
                0x00003078                _ZN15PHSensorStorageC1Ev
 .text._ZN5PrintC2ERKS_
                0x000030be       0x3e EALLib/PHSensor.o
                0x000030be                _ZN5PrintC2ERKS_
                0x000030be                _ZN5PrintC1ERKS_
 .text._ZN13LiquidCrystalC2ERKS_
                0x000030fc       0xec EALLib/PHSensor.o
                0x000030fc                _ZN13LiquidCrystalC1ERKS_
                0x000030fc                _ZN13LiquidCrystalC2ERKS_
 .text._ZN7LCDBaseC2ERKS_
                0x000031e8       0x36 EALLib/PHSensor.o
                0x000031e8                _ZN7LCDBaseC2ERKS_
                0x000031e8                _ZN7LCDBaseC1ERKS_
 .text._ZN8PHSensorC2Eiib7LCDBase
                0x0000321e       0xa6 EALLib/PHSensor.o
                0x0000321e                _ZN8PHSensorC2Eiib7LCDBase
                0x0000321e                _ZN8PHSensorC1Eiib7LCDBase
 .text._ZN8PHSensor4InitEv
                0x000032c4       0x9e EALLib/PHSensor.o
                0x000032c4                _ZN8PHSensor4InitEv
 .text._ZN8PHSensor6UpdateEd
                0x00003362       0x5c EALLib/PHSensor.o
                0x00003362                _ZN8PHSensor6UpdateEd
 .text._ZN8PHSensor5GetPHEv
                0x000033be       0x5c EALLib/PHSensor.o
                0x000033be                _ZN8PHSensor5GetPHEv
 .text._ZN8PHSensor11CalculatePHEv
                0x0000341a       0xf6 EALLib/PHSensor.o
                0x0000341a                _ZN8PHSensor11CalculatePHEv
 .text._ZN8PHSensor10GetPHValueEv
                0x00003510      0x1de EALLib/PHSensor.o
                0x00003510                _ZN8PHSensor10GetPHValueEv
 .text._ZN8PHSensor10GetVoltageEv
                0x000036ee       0x2e EALLib/PHSensor.o
                0x000036ee                _ZN8PHSensor10GetVoltageEv
 .text._ZN8PHSensor12PrintPHToLCDEv
                0x0000371c      0x110 EALLib/PHSensor.o
                0x0000371c                _ZN8PHSensor12PrintPHToLCDEv
 .text._ZN8PHSensor16CalculateAverageEPii
                0x0000382c      0x2bc EALLib/PHSensor.o
                0x0000382c                _ZN8PHSensor16CalculateAverageEPii
 .text._ZNK4erom6Access11write_blockIdEEbjRKT_
                0x00003ae8       0x54 EALLib/PHSensor.o
                0x00003ae8                _ZNK4erom6Access11write_blockIdEEbjRKT_
 .text._ZN4erom5EntryIdE4loadEv
                0x00003b3c       0x4a EALLib/PHSensor.o
                0x00003b3c                _ZN4erom5EntryIdE4loadEv
 .text._ZNK4erom5EntryIdE4saveEb
                0x00003b86       0x74 EALLib/PHSensor.o
                0x00003b86                _ZNK4erom5EntryIdE4saveEb
 .text._ZN4erom5EntryIdEC2Ev
                0x00003bfa       0x22 EALLib/PHSensor.o
                0x00003bfa                _ZN4erom5EntryIdEC1Ev
                0x00003bfa                _ZN4erom5EntryIdEC2Ev
 .text._ZN4erom7Storage5issueIdEERNS_5EntryIT_EES5_
                0x00003c1c       0x50 EALLib/PHSensor.o
                0x00003c1c                _ZN4erom7Storage5issueIdEERNS_5EntryIT_EES5_
 .text._ZN4erom5EntryIdEcvRdEv
                0x00003c6c       0x1e EALLib/PHSensor.o
                0x00003c6c                _ZN4erom5EntryIdEcvRdEv
 .text._ZN4erom5EntryIdEaSERKd
                0x00003c8a       0x3c EALLib/PHSensor.o
                0x00003c8a                _ZN4erom5EntryIdEaSERKd
 .text._ZNK4erom6Access12_write_blockIdEEvjRKT_
                0x00003cc6       0x42 EALLib/PHSensor.o
                0x00003cc6                _ZNK4erom6Access12_write_blockIdEEvjRKT_
 .text._ZNK4erom5EntryIdE7addressEv
                0x00003d08       0x22 EALLib/PHSensor.o
                0x00003d08                _ZNK4erom5EntryIdE7addressEv
 .text._ZNK4erom6Access12update_blockIdEEjjRKT_
                0x00003d2a       0xc4 EALLib/PHSensor.o
                0x00003d2a                _ZNK4erom6Access12update_blockIdEEjjRKT_
 .text._ZN4erom5EntryIdE10set_accessEPNS_6AccessE
                0x00003dee       0x2a EALLib/PHSensor.o
                0x00003dee                _ZN4erom5EntryIdE10set_accessEPNS_6AccessE
 .text._ZN4erom5EntryIdE11set_addressEj
                0x00003e18       0x2a EALLib/PHSensor.o
                0x00003e18                _ZN4erom5EntryIdE11set_addressEj
 .text._ZN15PHSensorStorageD2Ev
                0x00003e42       0x3e EALLib/PHSensor.o
                0x00003e42                _ZN15PHSensorStorageD2Ev
                0x00003e42                _ZN15PHSensorStorageD1Ev
 .text._ZN15PHSensorStorageD0Ev
                0x00003e80       0x26 EALLib/PHSensor.o
                0x00003e80                _ZN15PHSensorStorageD0Ev
 .text._ZN14HardwareSerial5beginEm
                0x00003ea6       0x36 Sketch.o
                0x00003ea6                _ZN14HardwareSerial5beginEm
 .text._ZN14HardwareSerialcvbEv
                0x00003edc       0x1a Sketch.o
                0x00003edc                _ZN14HardwareSerialcvbEv
 .text._ZN15CmdMessengerExt4InitEv
                0x00003ef6       0x14 Sketch.o
                0x00003ef6                _ZN15CmdMessengerExt4InitEv
 .text._ZN15CmdMessengerExt4LoopEv
                0x00003f0a       0x36 Sketch.o
                0x00003f0a                _ZN15CmdMessengerExt4LoopEv
 .text._ZN15CmdMessengerExt22AttachCommandCallbacksEv
                0x00003f40       0x48 Sketch.o
                0x00003f40                _ZN15CmdMessengerExt22AttachCommandCallbacksEv
 .text._ZN15CmdMessengerExt17OnIdentifyRequestEv
                0x00003f88       0x38 Sketch.o
                0x00003f88                _ZN15CmdMessengerExt17OnIdentifyRequestEv
 .text._ZN15CmdMessengerExt6SendPHEv
                0x00003fc0       0xe4 Sketch.o
                0x00003fc0                _ZN15CmdMessengerExt6SendPHEv
 .text._ZN15CmdMessengerExt13OnSetPHOffsetEv
                0x000040a4       0x66 Sketch.o
                0x000040a4                _ZN15CmdMessengerExt13OnSetPHOffsetEv
 .text._ZN15CmdMessengerExt16OnUnknownCommandEv
                0x0000410a       0x38 Sketch.o
                0x0000410a                _ZN15CmdMessengerExt16OnUnknownCommandEv
 .text._ZN15CmdMessengerExt14OnStartLoggingEv
                0x00004142       0x56 Sketch.o
                0x00004142                _ZN15CmdMessengerExt14OnStartLoggingEv
 .text._ZN15CmdMessengerExt10HasExpiredERmm
                0x00004198       0x74 Sketch.o
                0x00004198                _ZN15CmdMessengerExt10HasExpiredERmm
 .text.setup    0x0000420c       0x60 Sketch.o
                0x0000420c                setup
 .text.loop     0x0000426c       0x22 Sketch.o
                0x0000426c                loop
 .text._Z11AsyncDoWorkv
                0x0000428e       0x18 Sketch.o
                0x0000428e                _Z11AsyncDoWorkv
 .text._ZN12CmdMessenger7sendCmdIPK19__FlashStringHelperEEbhT_bhj
                0x000042a6       0x7e Sketch.o
                0x000042a6                _ZN12CmdMessenger7sendCmdIPK19__FlashStringHelperEEbhT_bhj
 .text._ZN12CmdMessenger10sendCmdArgIfEEvT_j
                0x00004324       0x74 Sketch.o
                0x00004324                _ZN12CmdMessenger10sendCmdArgIfEEvT_j
 .text._ZN12CmdMessenger10sendCmdArgIfEEvT_
                0x00004398       0x6e Sketch.o
                0x00004398                _ZN12CmdMessenger10sendCmdArgIfEEvT_
 .text._ZN12CmdMessenger10sendCmdArgIPK19__FlashStringHelperEEvT_
                0x00004406       0x60 Sketch.o
                0x00004406                _ZN12CmdMessenger10sendCmdArgIPK19__FlashStringHelperEEvT_
 .text._ZN8PHSensorD2Ev
                0x00004466       0x22 Sketch.o
                0x00004466                _ZN8PHSensorD1Ev
                0x00004466                _ZN8PHSensorD2Ev
 .text._Z41__static_initialization_and_destruction_0ii
                0x00004488       0x90 Sketch.o
 .text._GLOBAL__sub_I__ZN7Globals6TheLCDE
                0x00004518       0x1c Sketch.o
 .text._GLOBAL__sub_D__ZN7Globals6TheLCDE
                0x00004534       0x1c Sketch.o
 .text.avr-libc.fplib
                0x00004550        0xa c:/program files (x86)/atmel/studio/7.0/toolchain/avr8/avr8-gnu-toolchain/bin/../lib/gcc/avr/4.9.2/../../../../avr/lib/avr5\libm.a(addsf3.o)
                0x00004550                __subsf3
                0x00004552                __addsf3
 .text.avr-libc.fplib
                0x0000455a       0xc0 c:/program files (x86)/atmel/studio/7.0/toolchain/avr8/avr8-gnu-toolchain/bin/../lib/gcc/avr/4.9.2/../../../../avr/lib/avr5\libm.a(addsf3x.o)
                0x00004574                __addsf3x
 .text.avr-libc.fplib
                0x0000461a        0x8 c:/program files (x86)/atmel/studio/7.0/toolchain/avr8/avr8-gnu-toolchain/bin/../lib/gcc/avr/4.9.2/../../../../avr/lib/avr5\libm.a(cmpsf2.o)
                0x0000461a                __nesf2
                0x0000461a                __eqsf2
                0x0000461a                __cmpsf2
                0x0000461a                __ltsf2
                0x0000461a                __lesf2
 .text.avr-libc.fplib
                0x00004622        0x4 c:/program files (x86)/atmel/studio/7.0/toolchain/avr8/avr8-gnu-toolchain/bin/../lib/gcc/avr/4.9.2/../../../../avr/lib/avr5\libm.a(divsf3.o)
                0x00004622                __divsf3
 .text.avr-libc.fplib
                0x00004626       0xcc c:/program files (x86)/atmel/studio/7.0/toolchain/avr8/avr8-gnu-toolchain/bin/../lib/gcc/avr/4.9.2/../../../../avr/lib/avr5\libm.a(divsf3x.o)
                0x0000463c                __divsf3x
                0x00004640                __divsf3_pse
 .text.avr-libc.fplib
                0x000046f2        0xa c:/program files (x86)/atmel/studio/7.0/toolchain/avr8/avr8-gnu-toolchain/bin/../lib/gcc/avr/4.9.2/../../../../avr/lib/avr5\libm.a(fixsfsi.o)
                0x000046f2                __fixsfsi
 .text.avr-libc.fplib
                0x000046fc       0x58 c:/program files (x86)/atmel/studio/7.0/toolchain/avr8/avr8-gnu-toolchain/bin/../lib/gcc/avr/4.9.2/../../../../avr/lib/avr5\libm.a(fixunssfsi.o)
                0x000046fc                __fixunssfsi
 .text.avr-libc.fplib
                0x00004754       0x7a c:/program files (x86)/atmel/studio/7.0/toolchain/avr8/avr8-gnu-toolchain/bin/../lib/gcc/avr/4.9.2/../../../../avr/lib/avr5\libm.a(floatsisf.o)
                0x00004754                __floatunsisf
                0x00004758                __floatsisf
 .text.avr-libc.fplib
                0x000047ce       0x48 c:/program files (x86)/atmel/studio/7.0/toolchain/avr8/avr8-gnu-toolchain/bin/../lib/gcc/avr/4.9.2/../../../../avr/lib/avr5\libm.a(fp_cmp.o)
                0x000047ce                __fp_cmp
 .text.avr-libc.fplib
                0x00004816        0xc c:/program files (x86)/atmel/studio/7.0/toolchain/avr8/avr8-gnu-toolchain/bin/../lib/gcc/avr/4.9.2/../../../../avr/lib/avr5\libm.a(fp_inf.o)
                0x00004816                __fp_inf
 .text.avr-libc.fplib
                0x00004822        0x6 c:/program files (x86)/atmel/studio/7.0/toolchain/avr8/avr8-gnu-toolchain/bin/../lib/gcc/avr/4.9.2/../../../../avr/lib/avr5\libm.a(fp_nan.o)
                0x00004822                __fp_nan
 .text.avr-libc.fplib
                0x00004828        0xe c:/program files (x86)/atmel/studio/7.0/toolchain/avr8/avr8-gnu-toolchain/bin/../lib/gcc/avr/4.9.2/../../../../avr/lib/avr5\libm.a(fp_pscA.o)
                0x00004828                __fp_pscA
 .text.avr-libc.fplib
                0x00004836        0xe c:/program files (x86)/atmel/studio/7.0/toolchain/avr8/avr8-gnu-toolchain/bin/../lib/gcc/avr/4.9.2/../../../../avr/lib/avr5\libm.a(fp_pscB.o)
                0x00004836                __fp_pscB
 .text.avr-libc.fplib
                0x00004844       0x22 c:/program files (x86)/atmel/studio/7.0/toolchain/avr8/avr8-gnu-toolchain/bin/../lib/gcc/avr/4.9.2/../../../../avr/lib/avr5\libm.a(fp_round.o)
                0x00004844                __fp_round
 .text.avr-libc.fplib
                0x00004866       0x44 c:/program files (x86)/atmel/studio/7.0/toolchain/avr8/avr8-gnu-toolchain/bin/../lib/gcc/avr/4.9.2/../../../../avr/lib/avr5\libm.a(fp_split3.o)
                0x00004866                __fp_split3
                0x00004876                __fp_splitA
 .text.avr-libc.fplib
                0x000048aa        0xe c:/program files (x86)/atmel/studio/7.0/toolchain/avr8/avr8-gnu-toolchain/bin/../lib/gcc/avr/4.9.2/../../../../avr/lib/avr5\libm.a(fp_zero.o)
                0x000048aa                __fp_zero
                0x000048ac                __fp_szero
 .text.avr-libc.fplib
                0x000048b8        0x8 c:/program files (x86)/atmel/studio/7.0/toolchain/avr8/avr8-gnu-toolchain/bin/../lib/gcc/avr/4.9.2/../../../../avr/lib/avr5\libm.a(gesf2.o)
                0x000048b8                __gesf2
                0x000048b8                __gtsf2
 .text.avr-libc.fplib
                0x000048c0        0xc c:/program files (x86)/atmel/studio/7.0/toolchain/avr8/avr8-gnu-toolchain/bin/../lib/gcc/avr/4.9.2/../../../../avr/lib/avr5\libm.a(log10.o)
                0x000048c0                log10
 .text.avr-libc.fplib
                0x000048cc       0x8a c:/program files (x86)/atmel/studio/7.0/toolchain/avr8/avr8-gnu-toolchain/bin/../lib/gcc/avr/4.9.2/../../../../avr/lib/avr5\libm.a(log.o)
                0x000048d6                log
 .text.avr-libc.fplib
                0x00004956        0x4 c:/program files (x86)/atmel/studio/7.0/toolchain/avr8/avr8-gnu-toolchain/bin/../lib/gcc/avr/4.9.2/../../../../avr/lib/avr5\libm.a(mulsf3.o)
                0x00004956                __mulsf3
 .text.avr-libc.fplib
                0x0000495a       0xc2 c:/program files (x86)/atmel/studio/7.0/toolchain/avr8/avr8-gnu-toolchain/bin/../lib/gcc/avr/4.9.2/../../../../avr/lib/avr5\libm.a(mulsf3x.o)
                0x0000496e                __mulsf3x
                0x00004972                __mulsf3_pse
 .text.avr-libc.fplib
                0x00004a1c       0x98 c:/program files (x86)/atmel/studio/7.0/toolchain/avr8/avr8-gnu-toolchain/bin/../lib/gcc/avr/4.9.2/../../../../avr/lib/avr5\libm.a(pow.o)
                0x00004a1c                pow
 .text.avr-libc.fplib
                0x00004ab4        0x8 c:/program files (x86)/atmel/studio/7.0/toolchain/avr8/avr8-gnu-toolchain/bin/../lib/gcc/avr/4.9.2/../../../../avr/lib/avr5\libm.a(unordsf2.o)
                0x00004ab4                __unordsf2
 .text.avr-libc.fplib
                0x00004abc       0x62 c:/program files (x86)/atmel/studio/7.0/toolchain/avr8/avr8-gnu-toolchain/bin/../lib/gcc/avr/4.9.2/../../../../avr/lib/avr5\libm.a(exp.o)
                0x00004ac6                exp
 .text.avr-libc.fplib
                0x00004b1e       0x1c c:/program files (x86)/atmel/studio/7.0/toolchain/avr8/avr8-gnu-toolchain/bin/../lib/gcc/avr/4.9.2/../../../../avr/lib/avr5\libm.a(fp_mpack.o)
                0x00004b1e                __fp_mpack
                0x00004b22                __fp_mpack_finite
 .text.avr-libc.fplib
                0x00004b3a       0x4a c:/program files (x86)/atmel/studio/7.0/toolchain/avr8/avr8-gnu-toolchain/bin/../lib/gcc/avr/4.9.2/../../../../avr/lib/avr5\libm.a(fp_powser.o)
                0x00004b3a                __fp_powser
 .text.avr-libc.fplib
                0x00004b84        0xe c:/program files (x86)/atmel/studio/7.0/toolchain/avr8/avr8-gnu-toolchain/bin/../lib/gcc/avr/4.9.2/../../../../avr/lib/avr5\libm.a(inverse.o)
                0x00004b84                inverse
 .text.avr-libc.fplib
                0x00004b92       0x6c c:/program files (x86)/atmel/studio/7.0/toolchain/avr8/avr8-gnu-toolchain/bin/../lib/gcc/avr/4.9.2/../../../../avr/lib/avr5\libm.a(ldexp.o)
                0x00004b96                ldexp
 .text.avr-libc.fplib
                0x00004bfe       0x66 c:/program files (x86)/atmel/studio/7.0/toolchain/avr8/avr8-gnu-toolchain/bin/../lib/gcc/avr/4.9.2/../../../../avr/lib/avr5\libm.a(modf.o)
                0x00004bfe                modf
                0x00004bfe                modff
 .text.__cxa_pure_virtual
                0x00004c64        0x4 C:\AtmelArduinoProjects\EALWaterSensors\EALWaterSensors\ArduinoCore\Debug\libArduinoCore.a(abi.o)
                0x00004c64                __cxa_pure_virtual
 .text._ZN14HardwareSerial9availableEv
                0x00004c68       0x18 C:\AtmelArduinoProjects\EALWaterSensors\EALWaterSensors\ArduinoCore\Debug\libArduinoCore.a(HardwareSerial.o)
                0x00004c68                _ZN14HardwareSerial9availableEv
 .text._ZN14HardwareSerial4peekEv
                0x00004c80       0x1c C:\AtmelArduinoProjects\EALWaterSensors\EALWaterSensors\ArduinoCore\Debug\libArduinoCore.a(HardwareSerial.o)
                0x00004c80                _ZN14HardwareSerial4peekEv
 .text._ZN14HardwareSerial4readEv
                0x00004c9c       0x28 C:\AtmelArduinoProjects\EALWaterSensors\EALWaterSensors\ArduinoCore\Debug\libArduinoCore.a(HardwareSerial.o)
                0x00004c9c                _ZN14HardwareSerial4readEv
 .text._Z14serialEventRunv
                0x00004cc4       0x1a C:\AtmelArduinoProjects\EALWaterSensors\EALWaterSensors\ArduinoCore\Debug\libArduinoCore.a(HardwareSerial.o)
                0x00004cc4                _Z14serialEventRunv
 .text._ZN14HardwareSerial17_tx_udr_empty_irqEv
                0x00004cde       0x42 C:\AtmelArduinoProjects\EALWaterSensors\EALWaterSensors\ArduinoCore\Debug\libArduinoCore.a(HardwareSerial.o)
                0x00004cde                _ZN14HardwareSerial17_tx_udr_empty_irqEv
 .text._ZN14HardwareSerial5flushEv
                0x00004d20       0x42 C:\AtmelArduinoProjects\EALWaterSensors\EALWaterSensors\ArduinoCore\Debug\libArduinoCore.a(HardwareSerial.o)
                0x00004d20                _ZN14HardwareSerial5flushEv
 .text._ZN14HardwareSerial5writeEh
                0x00004d62       0x8c C:\AtmelArduinoProjects\EALWaterSensors\EALWaterSensors\ArduinoCore\Debug\libArduinoCore.a(HardwareSerial.o)
                0x00004d62                _ZN14HardwareSerial5writeEh
 .text._ZN14HardwareSerial5beginEmh
                0x00004dee       0xc6 C:\AtmelArduinoProjects\EALWaterSensors\EALWaterSensors\ArduinoCore\Debug\libArduinoCore.a(HardwareSerial.o)
                0x00004dee                _ZN14HardwareSerial5beginEmh
 .text.__vector_18
                0x00004eb4       0x64 C:\AtmelArduinoProjects\EALWaterSensors\EALWaterSensors\ArduinoCore\Debug\libArduinoCore.a(HardwareSerial0.o)
                0x00004eb4                __vector_18
 .text.__vector_19
                0x00004f18       0x4a C:\AtmelArduinoProjects\EALWaterSensors\EALWaterSensors\ArduinoCore\Debug\libArduinoCore.a(HardwareSerial0.o)
                0x00004f18                __vector_19
 .text._Z17Serial0_availablev
                0x00004f62       0x12 C:\AtmelArduinoProjects\EALWaterSensors\EALWaterSensors\ArduinoCore\Debug\libArduinoCore.a(HardwareSerial0.o)
                0x00004f62                _Z17Serial0_availablev
 .text.startup._GLOBAL__sub_I___vector_18
                0x00004f74       0x5a C:\AtmelArduinoProjects\EALWaterSensors\EALWaterSensors\ArduinoCore\Debug\libArduinoCore.a(HardwareSerial0.o)
 .text.initVariant
                0x00004fce        0x2 C:\AtmelArduinoProjects\EALWaterSensors\EALWaterSensors\ArduinoCore\Debug\libArduinoCore.a(main.o)
                0x00004fce                initVariant
 .text.startup.main
                0x00004fd0       0x14 C:\AtmelArduinoProjects\EALWaterSensors\EALWaterSensors\ArduinoCore\Debug\libArduinoCore.a(main.o)
                0x00004fd0                main
 .text._ZdlPv   0x00004fe4        0x2 C:\AtmelArduinoProjects\EALWaterSensors\EALWaterSensors\ArduinoCore\Debug\libArduinoCore.a(new.o)
                0x00004fe4                _ZdlPv
 .text._ZN5Print5writeEPKhj
                0x00004fe6       0x56 C:\AtmelArduinoProjects\EALWaterSensors\EALWaterSensors\ArduinoCore\Debug\libArduinoCore.a(Print.o)
                0x00004fe6                _ZN5Print5writeEPKhj
 .text._ZN5Print5writeEPKc
                0x0000503c       0x2a C:\AtmelArduinoProjects\EALWaterSensors\EALWaterSensors\ArduinoCore\Debug\libArduinoCore.a(Print.o)
                0x0000503c                _ZN5Print5writeEPKc
 .text._ZN5Print5printEPK19__FlashStringHelper
                0x00005066       0x48 C:\AtmelArduinoProjects\EALWaterSensors\EALWaterSensors\ArduinoCore\Debug\libArduinoCore.a(Print.o)
                0x00005066                _ZN5Print5printEPK19__FlashStringHelper
 .text._ZN5Print5printEPKc
                0x000050ae        0x2 C:\AtmelArduinoProjects\EALWaterSensors\EALWaterSensors\ArduinoCore\Debug\libArduinoCore.a(Print.o)
                0x000050ae                _ZN5Print5printEPKc
 .text._ZN5Print5printEc
                0x000050b0        0xe C:\AtmelArduinoProjects\EALWaterSensors\EALWaterSensors\ArduinoCore\Debug\libArduinoCore.a(Print.o)
                0x000050b0                _ZN5Print5printEc
 .text._ZN5Print7printlnEv
                0x000050be        0x6 C:\AtmelArduinoProjects\EALWaterSensors\EALWaterSensors\ArduinoCore\Debug\libArduinoCore.a(Print.o)
                0x000050be                _ZN5Print7printlnEv
 .text._ZN5Print7printlnEPK19__FlashStringHelper
                0x000050c4       0x20 C:\AtmelArduinoProjects\EALWaterSensors\EALWaterSensors\ArduinoCore\Debug\libArduinoCore.a(Print.o)
                0x000050c4                _ZN5Print7printlnEPK19__FlashStringHelper
 .text._ZN5Print11printNumberEmh
                0x000050e4       0xa4 C:\AtmelArduinoProjects\EALWaterSensors\EALWaterSensors\ArduinoCore\Debug\libArduinoCore.a(Print.o)
                0x000050e4                _ZN5Print11printNumberEmh
 .text._ZN5Print5printEli
                0x00005188       0x8e C:\AtmelArduinoProjects\EALWaterSensors\EALWaterSensors\ArduinoCore\Debug\libArduinoCore.a(Print.o)
                0x00005188                _ZN5Print5printEli
 .text._ZN5Print5printEmi
                0x00005216       0x18 C:\AtmelArduinoProjects\EALWaterSensors\EALWaterSensors\ArduinoCore\Debug\libArduinoCore.a(Print.o)
                0x00005216                _ZN5Print5printEmi
 .text._ZN5Print5printEhi
                0x0000522e        0xc C:\AtmelArduinoProjects\EALWaterSensors\EALWaterSensors\ArduinoCore\Debug\libArduinoCore.a(Print.o)
                0x0000522e                _ZN5Print5printEhi
 .text._ZN5Print10printFloatEdh
                0x0000523a      0x1a2 C:\AtmelArduinoProjects\EALWaterSensors\EALWaterSensors\ArduinoCore\Debug\libArduinoCore.a(Print.o)
                0x0000523a                _ZN5Print10printFloatEdh
 .text._ZN5Print5printEdi
                0x000053dc        0x2 C:\AtmelArduinoProjects\EALWaterSensors\EALWaterSensors\ArduinoCore\Debug\libArduinoCore.a(Print.o)
                0x000053dc                _ZN5Print5printEdi
 .text._ZN6Stream9timedReadEv
                0x000053de       0x5c C:\AtmelArduinoProjects\EALWaterSensors\EALWaterSensors\ArduinoCore\Debug\libArduinoCore.a(Stream.o)
                0x000053de                _ZN6Stream9timedReadEv
 .text._ZN6Stream9readBytesEPcj
                0x0000543a       0x4a C:\AtmelArduinoProjects\EALWaterSensors\EALWaterSensors\ArduinoCore\Debug\libArduinoCore.a(Stream.o)
                0x0000543a                _ZN6Stream9readBytesEPcj
 .text.__vector_16
                0x00005484       0x94 C:\AtmelArduinoProjects\EALWaterSensors\EALWaterSensors\ArduinoCore\Debug\libArduinoCore.a(wiring.o)
                0x00005484                __vector_16
 .text.millis   0x00005518       0x18 C:\AtmelArduinoProjects\EALWaterSensors\EALWaterSensors\ArduinoCore\Debug\libArduinoCore.a(wiring.o)
                0x00005518                millis
 .text.micros   0x00005530       0x4a C:\AtmelArduinoProjects\EALWaterSensors\EALWaterSensors\ArduinoCore\Debug\libArduinoCore.a(wiring.o)
                0x00005530                micros
 .text.delay    0x0000557a       0x72 C:\AtmelArduinoProjects\EALWaterSensors\EALWaterSensors\ArduinoCore\Debug\libArduinoCore.a(wiring.o)
                0x0000557a                delay
 .text.delayMicroseconds
                0x000055ec       0x16 C:\AtmelArduinoProjects\EALWaterSensors\EALWaterSensors\ArduinoCore\Debug\libArduinoCore.a(wiring.o)
                0x000055ec                delayMicroseconds
 .text.init     0x00005602       0x76 C:\AtmelArduinoProjects\EALWaterSensors\EALWaterSensors\ArduinoCore\Debug\libArduinoCore.a(wiring.o)
                0x00005602                init
 .text.analogRead
                0x00005678       0x3a C:\AtmelArduinoProjects\EALWaterSensors\EALWaterSensors\ArduinoCore\Debug\libArduinoCore.a(wiring_analog.o)
                0x00005678                analogRead
 .text.turnOffPWM
                0x000056b2       0x52 C:\AtmelArduinoProjects\EALWaterSensors\EALWaterSensors\ArduinoCore\Debug\libArduinoCore.a(wiring_digital.o)
 .text.pinMode  0x00005704       0x78 C:\AtmelArduinoProjects\EALWaterSensors\EALWaterSensors\ArduinoCore\Debug\libArduinoCore.a(wiring_digital.o)
                0x00005704                pinMode
 .text.digitalWrite
                0x0000577c       0x5e C:\AtmelArduinoProjects\EALWaterSensors\EALWaterSensors\ArduinoCore\Debug\libArduinoCore.a(wiring_digital.o)
                0x0000577c                digitalWrite
 .text.digitalRead
                0x000057da       0x50 C:\AtmelArduinoProjects\EALWaterSensors\EALWaterSensors\ArduinoCore\Debug\libArduinoCore.a(wiring_digital.o)
                0x000057da                digitalRead
 .text.__empty  0x0000582a        0x2 C:\AtmelArduinoProjects\EALWaterSensors\EALWaterSensors\ArduinoCore\Debug\libArduinoCore.a(hooks.o)
                0x0000582a                yield
 .text.libgcc.div
                0x0000582c       0x44 c:/program files (x86)/atmel/studio/7.0/toolchain/avr8/avr8-gnu-toolchain/bin/../lib/gcc/avr/4.9.2/avr5\libgcc.a(_udivmodsi4.o)
                0x0000582c                __udivmodsi4
 .text.libgcc.div
                0x00005870       0x28 c:/program files (x86)/atmel/studio/7.0/toolchain/avr8/avr8-gnu-toolchain/bin/../lib/gcc/avr/4.9.2/avr5\libgcc.a(_divmodsi4.o)
                0x00005870                __divmodsi4
 .text.libgcc.div
                0x00005898       0x10 c:/program files (x86)/atmel/studio/7.0/toolchain/avr8/avr8-gnu-toolchain/bin/../lib/gcc/avr/4.9.2/avr5\libgcc.a(_negsi2.o)
                0x00005898                __negsi2
 .text.libgcc   0x000058a8        0xc c:/program files (x86)/atmel/studio/7.0/toolchain/avr8/avr8-gnu-toolchain/bin/../lib/gcc/avr/4.9.2/avr5\libgcc.a(_tablejump2.o)
                0x000058a8                __tablejump2__
 .text.libgcc.mul
                0x000058b4       0x14 c:/program files (x86)/atmel/studio/7.0/toolchain/avr8/avr8-gnu-toolchain/bin/../lib/gcc/avr/4.9.2/avr5\libgcc.a(_muluhisi3.o)
                0x000058b4                __muluhisi3
 .text.libgcc.prologue
                0x000058c8       0x38 c:/program files (x86)/atmel/studio/7.0/toolchain/avr8/avr8-gnu-toolchain/bin/../lib/gcc/avr/4.9.2/avr5\libgcc.a(_prologue.o)
                0x000058c8                __prologue_saves__
 .text.libgcc.prologue
                0x00005900       0x36 c:/program files (x86)/atmel/studio/7.0/toolchain/avr8/avr8-gnu-toolchain/bin/../lib/gcc/avr/4.9.2/avr5\libgcc.a(_epilogue.o)
                0x00005900                __epilogue_restores__
 .text.libgcc.mul
                0x00005936       0x1e c:/program files (x86)/atmel/studio/7.0/toolchain/avr8/avr8-gnu-toolchain/bin/../lib/gcc/avr/4.9.2/avr5\libgcc.a(_umulhisi3.o)
                0x00005936                __umulhisi3
 .text.avr-libc
                0x00005954      0x25a c:/program files (x86)/atmel/studio/7.0/toolchain/avr8/avr8-gnu-toolchain/bin/../lib/gcc/avr/4.9.2/../../../../avr/lib/avr5\libc.a(malloc.o)
                0x00005954                malloc
                0x00005a7e                free
 .text.avr-libc
                0x00005bae      0x2ac c:/program files (x86)/atmel/studio/7.0/toolchain/avr8/avr8-gnu-toolchain/bin/../lib/gcc/avr/4.9.2/../../../../avr/lib/avr5\libc.a(strtod.o)
                0x00005bae                strtod
 .text.avr-libc
                0x00005e5a        0x8 c:/program files (x86)/atmel/studio/7.0/toolchain/avr8/avr8-gnu-toolchain/bin/../lib/gcc/avr/4.9.2/../../../../avr/lib/avr5\libc.a(abort.o)
                0x00005e5a                abort
 .text.avr-libc
                0x00005e62       0x3a c:/program files (x86)/atmel/studio/7.0/toolchain/avr8/avr8-gnu-toolchain/bin/../lib/gcc/avr/4.9.2/../../../../avr/lib/avr5\libc.a(atoi.o)
                0x00005e62                atoi
 .text.avr-libc
                0x00005e9c       0x10 c:/program files (x86)/atmel/studio/7.0/toolchain/avr8/avr8-gnu-toolchain/bin/../lib/gcc/avr/4.9.2/../../../../avr/lib/avr5\libc.a(isspace.o)
                0x00005e9c                isspace
 .text.avr-libc
                0x00005eac       0x30 c:/program files (x86)/atmel/studio/7.0/toolchain/avr8/avr8-gnu-toolchain/bin/../lib/gcc/avr/4.9.2/../../../../avr/lib/avr5\libc.a(strncasecmp_P.o)
                0x00005eac                strncasecmp_P
 .text.avr-libc
                0x00005edc       0x10 c:/program files (x86)/atmel/studio/7.0/toolchain/avr8/avr8-gnu-toolchain/bin/../lib/gcc/avr/4.9.2/../../../../avr/lib/avr5\libc.a(mul10.o)
                0x00005edc                __mulhi_const_10
 .text.avr-libc
                0x00005eec       0x40 c:/program files (x86)/atmel/studio/7.0/toolchain/avr8/avr8-gnu-toolchain/bin/../lib/gcc/avr/4.9.2/../../../../avr/lib/avr5\libc.a(sprintf.o)
                0x00005eec                sprintf
 .text.avr-libc
                0x00005f2c      0x386 c:/program files (x86)/atmel/studio/7.0/toolchain/avr8/avr8-gnu-toolchain/bin/../lib/gcc/avr/4.9.2/../../../../avr/lib/avr5\libc.a(vfprintf_std.o)
                0x00005f2c                vfprintf
 .text.avr-libc
                0x000062b2        0x6 c:/program files (x86)/atmel/studio/7.0/toolchain/avr8/avr8-gnu-toolchain/bin/../lib/gcc/avr/4.9.2/../../../../avr/lib/avr5\libc.a(cty_isfalse.o)
                0x000062b2                __ctype_isfalse
                0x000062b6                __ctype_istrue
 .text.avr-libc
                0x000062b8       0x16 c:/program files (x86)/atmel/studio/7.0/toolchain/avr8/avr8-gnu-toolchain/bin/../lib/gcc/avr/4.9.2/../../../../avr/lib/avr5\libc.a(strnlen_P.o)
                0x000062b8                strnlen_P
 .text.avr-libc
                0x000062ce       0x16 c:/program files (x86)/atmel/studio/7.0/toolchain/avr8/avr8-gnu-toolchain/bin/../lib/gcc/avr/4.9.2/../../../../avr/lib/avr5\libc.a(strnlen.o)
                0x000062ce                strnlen
 .text.avr-libc
                0x000062e4       0x70 c:/program files (x86)/atmel/studio/7.0/toolchain/avr8/avr8-gnu-toolchain/bin/../lib/gcc/avr/4.9.2/../../../../avr/lib/avr5\libc.a(fputc.o)
                0x000062e4                fputc
 .text.avr-libc
                0x00006354       0xbc c:/program files (x86)/atmel/studio/7.0/toolchain/avr8/avr8-gnu-toolchain/bin/../lib/gcc/avr/4.9.2/../../../../avr/lib/avr5\libc.a(ultoa_invert.o)
                0x00006354                __ultoa_invert
 .text.avr-libc
                0x00006410       0x20 C:/Program Files (x86)/Atmel/Studio/7.0/Packs/atmel/ATmega_DFP/1.0.106/gcc/dev/atmega328p/avr5\libatmega328p.a(eerd_block.o)
                0x00006410                eeprom_read_block
                0x00006414                eeprom_read_blraw
 .text.avr-libc
                0x00006430       0x10 C:/Program Files (x86)/Atmel/Studio/7.0/Packs/atmel/ATmega_DFP/1.0.106/gcc/dev/atmega328p/avr5\libatmega328p.a(eerd_byte.o)
                0x00006430                eeprom_read_byte
 .text.avr-libc
                0x00006440       0x12 C:/Program Files (x86)/Atmel/Studio/7.0/Packs/atmel/ATmega_DFP/1.0.106/gcc/dev/atmega328p/avr5\libatmega328p.a(eewr_block.o)
                0x00006440                eeprom_write_block
 .text.avr-libc
                0x00006452       0x1c C:/Program Files (x86)/Atmel/Studio/7.0/Packs/atmel/ATmega_DFP/1.0.106/gcc/dev/atmega328p/avr5\libatmega328p.a(eewr_byte.o)
                0x00006452                eeprom_write_byte
                0x00006454                eeprom_write_r18
                0x0000646e                . = ALIGN (0x2)
 *(.fini9)
 .fini9         0x0000646e        0x0 c:/program files (x86)/atmel/studio/7.0/toolchain/avr8/avr8-gnu-toolchain/bin/../lib/gcc/avr/4.9.2/avr5\libgcc.a(_exit.o)
                0x0000646e                _exit
                0x0000646e                exit
 *(.fini9)
 *(.fini8)
 *(.fini8)
 *(.fini7)
 *(.fini7)
 *(.fini6)
 .fini6         0x0000646e       0x14 c:/program files (x86)/atmel/studio/7.0/toolchain/avr8/avr8-gnu-toolchain/bin/../lib/gcc/avr/4.9.2/avr5\libgcc.a(_dtors.o)
                0x0000646e                __do_global_dtors
 *(.fini6)
 *(.fini5)
 *(.fini5)
 *(.fini4)
 *(.fini4)
 *(.fini3)
 *(.fini3)
 *(.fini2)
 *(.fini2)
 *(.fini1)
 *(.fini1)
 *(.fini0)
 .fini0         0x00006482        0x4 c:/program files (x86)/atmel/studio/7.0/toolchain/avr8/avr8-gnu-toolchain/bin/../lib/gcc/avr/4.9.2/avr5\libgcc.a(_exit.o)
 *(.fini0)
                0x00006486                _etext = .

.data           0x00800100       0xae load address 0x00006486
                0x00800100                PROVIDE (__data_start, .)
 *(.data)
 .data          0x00800100        0x6 c:/program files (x86)/atmel/studio/7.0/toolchain/avr8/avr8-gnu-toolchain/bin/../lib/gcc/avr/4.9.2/../../../../avr/lib/avr5\libc.a(malloc.o)
                0x00800100                __malloc_heap_end
                0x00800102                __malloc_heap_start
                0x00800104                __malloc_margin
 *(.data*)
 .data._ZN7Globals12_phSensorPinE
                0x00800106        0x2 Sketch.o
                0x00800106                _ZN7Globals12_phSensorPinE
 .data.analog_reference
                0x00800108        0x1 C:\AtmelArduinoProjects\EALWaterSensors\EALWaterSensors\ArduinoCore\Debug\libArduinoCore.a(wiring_analog.o)
                0x00800108                analog_reference
 *(.rodata)
 .rodata        0x00800109       0x1a ArduinoLibs/CmdMessenger/CmdMessenger.o
 *(.rodata*)
 .rodata._ZTV7TwoWire
                0x00800123       0x10 ArduinoLibs/Wire/Wire.o
                0x00800123                _ZTV7TwoWire
 .rodata._ZTV6Stream
                0x00800133       0x10 ArduinoLibs/Wire/Wire.o
                0x00800133                _ZTV6Stream
 .rodata._ZTV13LiquidCrystal
                0x00800143        0x8 ArduinoLibs/LiquidCrystal/LiquidCrystal.o
                0x00800143                _ZTV13LiquidCrystal
 .rodata._ZTVN4erom7StorageE
                0x0080014b        0xe ArduinoLibs/erom/erom.o
                0x0080014b                _ZTVN4erom7StorageE
 .rodata._ZTV11SimpleTimer
                0x00800159       0x16 ArduinoLibs/SimpleTimer/SimpleTimer.o
                0x00800159                _ZTV11SimpleTimer
 .rodata._ZTV7LCDBase
                0x0080016f        0x8 EALLib/LCDBase.o
                0x0080016f                _ZTV7LCDBase
 .rodata._ZTV15PHSensorStorage
                0x00800177        0xe EALLib/PHSensor.o
                0x00800177                _ZTV15PHSensorStorage
 .rodata._ZTV14HardwareSerial
                0x00800185       0x10 C:\AtmelArduinoProjects\EALWaterSensors\EALWaterSensors\ArduinoCore\Debug\libArduinoCore.a(HardwareSerial.o)
                0x00800185                _ZTV14HardwareSerial
 .rodata.str1.1
                0x00800195       0x11 C:\AtmelArduinoProjects\EALWaterSensors\EALWaterSensors\ArduinoCore\Debug\libArduinoCore.a(Print.o)
 .rodata._ZTV5Print
                0x008001a6        0x8 C:\AtmelArduinoProjects\EALWaterSensors\EALWaterSensors\ArduinoCore\Debug\libArduinoCore.a(Print.o)
                0x008001a6                _ZTV5Print
 *(.gnu.linkonce.d*)
                0x008001ae                . = ALIGN (0x2)
                0x008001ae                _edata = .
                0x008001ae                PROVIDE (__data_end, .)

.bss            0x008001ae      0x642
                0x008001ae                PROVIDE (__bss_start, .)
 *(.bss)
 *(.bss*)
 .bss.twi_error
                0x008001ae        0x1 ArduinoLibs/Wire/utility/twi.o
 .bss.twi_rxBufferIndex
                0x008001af        0x1 ArduinoLibs/Wire/utility/twi.o
 .bss.twi_rxBuffer
                0x008001b0       0x20 ArduinoLibs/Wire/utility/twi.o
 .bss.twi_txBufferLength
                0x008001d0        0x1 ArduinoLibs/Wire/utility/twi.o
 .bss.twi_txBufferIndex
                0x008001d1        0x1 ArduinoLibs/Wire/utility/twi.o
 .bss.twi_txBuffer
                0x008001d2       0x20 ArduinoLibs/Wire/utility/twi.o
 .bss.twi_masterBufferLength
                0x008001f2        0x1 ArduinoLibs/Wire/utility/twi.o
 .bss.twi_masterBufferIndex
                0x008001f3        0x1 ArduinoLibs/Wire/utility/twi.o
 .bss.twi_masterBuffer
                0x008001f4       0x20 ArduinoLibs/Wire/utility/twi.o
 .bss.twi_onSlaveReceive
                0x00800214        0x2 ArduinoLibs/Wire/utility/twi.o
 .bss.twi_onSlaveTransmit
                0x00800216        0x2 ArduinoLibs/Wire/utility/twi.o
 .bss.twi_inRepStart
                0x00800218        0x1 ArduinoLibs/Wire/utility/twi.o
 .bss.twi_sendStop
                0x00800219        0x1 ArduinoLibs/Wire/utility/twi.o
 .bss.twi_slarw
                0x0080021a        0x1 ArduinoLibs/Wire/utility/twi.o
 .bss.twi_state
                0x0080021b        0x1 ArduinoLibs/Wire/utility/twi.o
 .bss._ZN7TwoWire8rxBufferE
                0x0080021c       0x20 ArduinoLibs/Wire/Wire.o
                0x0080021c                _ZN7TwoWire8rxBufferE
 .bss._ZN7TwoWire13rxBufferIndexE
                0x0080023c        0x1 ArduinoLibs/Wire/Wire.o
                0x0080023c                _ZN7TwoWire13rxBufferIndexE
 .bss._ZN7TwoWire14rxBufferLengthE
                0x0080023d        0x1 ArduinoLibs/Wire/Wire.o
                0x0080023d                _ZN7TwoWire14rxBufferLengthE
 .bss._ZN7TwoWire8txBufferE
                0x0080023e       0x20 ArduinoLibs/Wire/Wire.o
                0x0080023e                _ZN7TwoWire8txBufferE
 .bss._ZN7TwoWire13txBufferIndexE
                0x0080025e        0x1 ArduinoLibs/Wire/Wire.o
                0x0080025e                _ZN7TwoWire13txBufferIndexE
 .bss._ZN7TwoWire14txBufferLengthE
                0x0080025f        0x1 ArduinoLibs/Wire/Wire.o
                0x0080025f                _ZN7TwoWire14txBufferLengthE
 .bss._ZN7TwoWire12transmittingE
                0x00800260        0x1 ArduinoLibs/Wire/Wire.o
                0x00800260                _ZN7TwoWire12transmittingE
 .bss.Wire      0x00800261        0xc ArduinoLibs/Wire/Wire.o
                0x00800261                Wire
 .bss._ZN14SoftwareSerial13active_objectE
                0x0080026d        0x2 ArduinoLibs/SoftwareSerial/SoftwareSerial.o
                0x0080026d                _ZN14SoftwareSerial13active_objectE
 .bss._ZN14SoftwareSerial15_receive_bufferE
                0x0080026f       0x40 ArduinoLibs/SoftwareSerial/SoftwareSerial.o
                0x0080026f                _ZN14SoftwareSerial15_receive_bufferE
 .bss._ZN14SoftwareSerial20_receive_buffer_tailE
                0x008002af        0x1 ArduinoLibs/SoftwareSerial/SoftwareSerial.o
                0x008002af                _ZN14SoftwareSerial20_receive_buffer_tailE
 .bss._ZN14SoftwareSerial20_receive_buffer_headE
                0x008002b0        0x1 ArduinoLibs/SoftwareSerial/SoftwareSerial.o
                0x008002b0                _ZN14SoftwareSerial20_receive_buffer_headE
 .bss._ZGVZN4erom6Access8instanceEvE6access
                0x008002b1        0x8 ArduinoLibs/erom/erom.o
                0x008002b1                _ZGVZN4erom6Access8instanceEvE6access
 .bss._ZN4erom6accessE
                0x008002b9        0x2 ArduinoLibs/erom/erom.o
                0x008002b9                _ZN4erom6accessE
 .bss._ZZN4erom6Access8instanceEvE6access
                0x008002bb        0x4 ArduinoLibs/erom/erom.o
                0x008002bb                _ZZN4erom6Access8instanceEvE6access
 .bss._ZGVZN8PHSensor10GetPHValueEvE12samplingTime
                0x008002bf        0x8 EALLib/PHSensor.o
 .bss._ZGVZN8PHSensor12PrintPHToLCDEvE9printTime
                0x008002c7        0x8 EALLib/PHSensor.o
 .bss._ZZN8PHSensor10GetPHValueEvE12samplingTime
                0x008002cf        0x4 EALLib/PHSensor.o
 .bss._ZZN8PHSensor12PrintPHToLCDEvE9printTime
                0x008002d3        0x4 EALLib/PHSensor.o
 .bss._ZN7Globals6TheLCDE
                0x008002d7       0x18 Sketch.o
                0x008002d7                _ZN7Globals6TheLCDE
 .bss._ZN7Globals11ThePHSensorE
                0x008002ef       0xe2 Sketch.o
                0x008002ef                _ZN7Globals11ThePHSensorE
 .bss._ZN15CmdMessengerExt13_cmdMessengerE
                0x008003d1      0x2bc Sketch.o
                0x008003d1                _ZN15CmdMessengerExt13_cmdMessengerE
 .bss._ZN15CmdMessengerExt12_acquireDataE
                0x0080068d        0x1 Sketch.o
                0x0080068d                _ZN15CmdMessengerExt12_acquireDataE
 .bss._ZN15CmdMessengerExt21_previousSampleMillisE
                0x0080068e        0x4 Sketch.o
                0x0080068e                _ZN15CmdMessengerExt21_previousSampleMillisE
 .bss._ZN15CmdMessengerExt15_startAcqMillisE
                0x00800692        0x4 Sketch.o
                0x00800692                _ZN15CmdMessengerExt15_startAcqMillisE
 .bss._asyncTimer
                0x00800696       0xae Sketch.o
                0x00800696                _asyncTimer
 .bss.Serial    0x00800744       0x9d C:\AtmelArduinoProjects\EALWaterSensors\EALWaterSensors\ArduinoCore\Debug\libArduinoCore.a(HardwareSerial0.o)
                0x00800744                Serial
 .bss.timer0_fract
                0x008007e1        0x1 C:\AtmelArduinoProjects\EALWaterSensors\EALWaterSensors\ArduinoCore\Debug\libArduinoCore.a(wiring.o)
 .bss.timer0_millis
                0x008007e2        0x4 C:\AtmelArduinoProjects\EALWaterSensors\EALWaterSensors\ArduinoCore\Debug\libArduinoCore.a(wiring.o)
                0x008007e2                timer0_millis
 .bss.timer0_overflow_count
                0x008007e6        0x4 C:\AtmelArduinoProjects\EALWaterSensors\EALWaterSensors\ArduinoCore\Debug\libArduinoCore.a(wiring.o)
                0x008007e6                timer0_overflow_count
 *(COMMON)
 COMMON         0x008007ea        0x4 c:/program files (x86)/atmel/studio/7.0/toolchain/avr8/avr8-gnu-toolchain/bin/../lib/gcc/avr/4.9.2/../../../../avr/lib/avr5\libc.a(malloc.o)
                0x008007ea                __brkval
                0x008007ec                __flp
 COMMON         0x008007ee        0x2 c:/program files (x86)/atmel/studio/7.0/toolchain/avr8/avr8-gnu-toolchain/bin/../lib/gcc/avr/4.9.2/../../../../avr/lib/avr5\libc.a(errno.o)
                0x008007ee                errno
                0x008007f0                PROVIDE (__bss_end, .)
                0x00006486                __data_load_start = LOADADDR (.data)
                0x00006534                __data_load_end = (__data_load_start + SIZEOF (.data))

.noinit         0x008007f0        0x0
                [!provide]                PROVIDE (__noinit_start, .)
 *(.noinit*)
                [!provide]                PROVIDE (__noinit_end, .)
                0x008007f0                _end = .
                0x008007f0                PROVIDE (__heap_start, .)

.eeprom         0x00810000        0x0
 *(.eeprom*)
                0x00810000                __eeprom_end = .

.fuse
 *(.fuse)
 *(.lfuse)
 *(.hfuse)
 *(.efuse)

.lock
 *(.lock*)

.signature
 *(.signature*)

.user_signatures
 *(.user_signatures*)

.stab
 *(.stab)

.stabstr
 *(.stabstr)

.stab.excl
 *(.stab.excl)

.stab.exclstr
 *(.stab.exclstr)

.stab.index
 *(.stab.index)

.stab.indexstr
 *(.stab.indexstr)

.comment        0x00000000       0x5c
 *(.comment)
 .comment       0x00000000       0x30 ArduinoLibs/Wire/utility/twi.o
                                 0x31 (size before relaxing)
 .comment       0x00000030       0x31 ArduinoLibs/Wire/Wire.o
 .comment       0x00000030       0x31 ArduinoLibs/SoftwareSerial/SoftwareSerial.o
 .comment       0x00000030       0x31 ArduinoLibs/LiquidCrystal/LiquidCrystal.o
 .comment       0x00000030       0x31 ArduinoLibs/CmdMessenger/CmdMessenger.o
 .comment       0x00000030       0x31 ArduinoLibs/erom/erom.o
 .comment       0x00000030       0x31 ArduinoLibs/SimpleTimer/SimpleTimer.o
 .comment       0x00000030       0x31 EALLib/LCDBase.o
 .comment       0x00000030       0x31 EALLib/PHSensor.o
 .comment       0x00000030       0x31 Sketch.o
 .comment       0x00000030       0x31 C:\AtmelArduinoProjects\EALWaterSensors\EALWaterSensors\ArduinoCore\Debug\libArduinoCore.a(abi.o)
 .comment       0x00000030       0x31 C:\AtmelArduinoProjects\EALWaterSensors\EALWaterSensors\ArduinoCore\Debug\libArduinoCore.a(HardwareSerial.o)
 .comment       0x00000030       0x31 C:\AtmelArduinoProjects\EALWaterSensors\EALWaterSensors\ArduinoCore\Debug\libArduinoCore.a(HardwareSerial0.o)
 .comment       0x00000030       0x31 C:\AtmelArduinoProjects\EALWaterSensors\EALWaterSensors\ArduinoCore\Debug\libArduinoCore.a(main.o)
 .comment       0x00000030       0x31 C:\AtmelArduinoProjects\EALWaterSensors\EALWaterSensors\ArduinoCore\Debug\libArduinoCore.a(new.o)
 .comment       0x00000030       0x31 C:\AtmelArduinoProjects\EALWaterSensors\EALWaterSensors\ArduinoCore\Debug\libArduinoCore.a(Print.o)
 .comment       0x00000030       0x31 C:\AtmelArduinoProjects\EALWaterSensors\EALWaterSensors\ArduinoCore\Debug\libArduinoCore.a(Stream.o)
 .comment       0x00000030       0x31 C:\AtmelArduinoProjects\EALWaterSensors\EALWaterSensors\ArduinoCore\Debug\libArduinoCore.a(wiring.o)
 .comment       0x00000030       0x31 C:\AtmelArduinoProjects\EALWaterSensors\EALWaterSensors\ArduinoCore\Debug\libArduinoCore.a(wiring_analog.o)
 .comment       0x00000030       0x31 C:\AtmelArduinoProjects\EALWaterSensors\EALWaterSensors\ArduinoCore\Debug\libArduinoCore.a(wiring_digital.o)
 .comment       0x00000030       0x31 C:\AtmelArduinoProjects\EALWaterSensors\EALWaterSensors\ArduinoCore\Debug\libArduinoCore.a(hooks.o)
 .comment       0x00000030       0x31 c:/program files (x86)/atmel/studio/7.0/toolchain/avr8/avr8-gnu-toolchain/bin/../lib/gcc/avr/4.9.2/../../../../avr/lib/avr5\libc.a(malloc.o)
 .comment       0x00000030       0x31 c:/program files (x86)/atmel/studio/7.0/toolchain/avr8/avr8-gnu-toolchain/bin/../lib/gcc/avr/4.9.2/../../../../avr/lib/avr5\libc.a(strtod.o)
 .comment       0x00000030       0x31 c:/program files (x86)/atmel/studio/7.0/toolchain/avr8/avr8-gnu-toolchain/bin/../lib/gcc/avr/4.9.2/../../../../avr/lib/avr5\libc.a(sprintf.o)
 .comment       0x00000030       0x2c c:/program files (x86)/atmel/studio/7.0/toolchain/avr8/avr8-gnu-toolchain/bin/../lib/gcc/avr/4.9.2/../../../../avr/lib/avr5\libc.a(vfprintf_std.o)
                                 0x2d (size before relaxing)
 .comment       0x0000005c       0x2d c:/program files (x86)/atmel/studio/7.0/toolchain/avr8/avr8-gnu-toolchain/bin/../lib/gcc/avr/4.9.2/../../../../avr/lib/avr5\libc.a(errno.o)
 .comment       0x0000005c       0x31 c:/program files (x86)/atmel/studio/7.0/toolchain/avr8/avr8-gnu-toolchain/bin/../lib/gcc/avr/4.9.2/../../../../avr/lib/avr5\libc.a(fputc.o)

.note.gnu.avr.deviceinfo
                0x00000000       0x40
 .note.gnu.avr.deviceinfo
                0x00000000       0x40 C:/Program Files (x86)/Atmel/Studio/7.0/Packs/atmel/ATmega_DFP/1.0.106/gcc/dev/atmega328p/avr5/crtatmega328p.o

.note.gnu.build-id
 *(.note.gnu.build-id)

.debug
 *(.debug)

.line
 *(.line)

.debug_srcinfo
 *(.debug_srcinfo)

.debug_sfnames
 *(.debug_sfnames)

.debug_aranges  0x00000000      0xe68
 *(.debug_aranges)
 .debug_aranges
                0x00000000       0x80 ArduinoLibs/Wire/utility/twi.o
 .debug_aranges
                0x00000080      0x108 ArduinoLibs/Wire/Wire.o
 .debug_aranges
                0x00000188       0xc8 ArduinoLibs/SoftwareSerial/SoftwareSerial.o
 .debug_aranges
                0x00000250      0x108 ArduinoLibs/LiquidCrystal/LiquidCrystal.o
 .debug_aranges
                0x00000358      0x128 ArduinoLibs/CmdMessenger/CmdMessenger.o
 .debug_aranges
                0x00000480      0x248 ArduinoLibs/erom/erom.o
 .debug_aranges
                0x000006c8       0x88 ArduinoLibs/SimpleTimer/SimpleTimer.o
 .debug_aranges
                0x00000750       0x30 EALLib/LCDBase.o
 .debug_aranges
                0x00000780      0x1b0 EALLib/PHSensor.o
 .debug_aranges
                0x00000930      0x1a8 Sketch.o
 .debug_aranges
                0x00000ad8       0x28 C:\AtmelArduinoProjects\EALWaterSensors\EALWaterSensors\ArduinoCore\Debug\libArduinoCore.a(abi.o)
 .debug_aranges
                0x00000b00       0x68 C:\AtmelArduinoProjects\EALWaterSensors\EALWaterSensors\ArduinoCore\Debug\libArduinoCore.a(HardwareSerial.o)
 .debug_aranges
                0x00000b68       0x38 C:\AtmelArduinoProjects\EALWaterSensors\EALWaterSensors\ArduinoCore\Debug\libArduinoCore.a(HardwareSerial0.o)
 .debug_aranges
                0x00000ba0       0x38 C:\AtmelArduinoProjects\EALWaterSensors\EALWaterSensors\ArduinoCore\Debug\libArduinoCore.a(main.o)
 .debug_aranges
                0x00000bd8       0x38 C:\AtmelArduinoProjects\EALWaterSensors\EALWaterSensors\ArduinoCore\Debug\libArduinoCore.a(new.o)
 .debug_aranges
                0x00000c10       0xf0 C:\AtmelArduinoProjects\EALWaterSensors\EALWaterSensors\ArduinoCore\Debug\libArduinoCore.a(Print.o)
 .debug_aranges
                0x00000d00       0x98 C:\AtmelArduinoProjects\EALWaterSensors\EALWaterSensors\ArduinoCore\Debug\libArduinoCore.a(Stream.o)
 .debug_aranges
                0x00000d98       0x48 C:\AtmelArduinoProjects\EALWaterSensors\EALWaterSensors\ArduinoCore\Debug\libArduinoCore.a(wiring.o)
 .debug_aranges
                0x00000de0       0x30 C:\AtmelArduinoProjects\EALWaterSensors\EALWaterSensors\ArduinoCore\Debug\libArduinoCore.a(wiring_analog.o)
 .debug_aranges
                0x00000e10       0x38 C:\AtmelArduinoProjects\EALWaterSensors\EALWaterSensors\ArduinoCore\Debug\libArduinoCore.a(wiring_digital.o)
 .debug_aranges
                0x00000e48       0x20 C:\AtmelArduinoProjects\EALWaterSensors\EALWaterSensors\ArduinoCore\Debug\libArduinoCore.a(hooks.o)

.debug_pubnames
 *(.debug_pubnames)

.debug_info     0x00000000    0x1c1ab
 *(.debug_info .gnu.linkonce.wi.*)
 .debug_info    0x00000000      0x728 ArduinoLibs/Wire/utility/twi.o
 .debug_info    0x00000728     0x2323 ArduinoLibs/Wire/Wire.o
 .debug_info    0x00002a4b     0x23a1 ArduinoLibs/SoftwareSerial/SoftwareSerial.o
 .debug_info    0x00004dec     0x1152 ArduinoLibs/LiquidCrystal/LiquidCrystal.o
 .debug_info    0x00005f3e     0x2a0f ArduinoLibs/CmdMessenger/CmdMessenger.o
 .debug_info    0x0000894d     0x2a46 ArduinoLibs/erom/erom.o
 .debug_info    0x0000b393      0x915 ArduinoLibs/SimpleTimer/SimpleTimer.o
 .debug_info    0x0000bca8      0x887 EALLib/LCDBase.o
 .debug_info    0x0000c52f     0x2781 EALLib/PHSensor.o
 .debug_info    0x0000ecb0     0x432e Sketch.o
 .debug_info    0x00012fde       0x8e C:\AtmelArduinoProjects\EALWaterSensors\EALWaterSensors\ArduinoCore\Debug\libArduinoCore.a(abi.o)
 .debug_info    0x0001306c     0x1dd1 C:\AtmelArduinoProjects\EALWaterSensors\EALWaterSensors\ArduinoCore\Debug\libArduinoCore.a(HardwareSerial.o)
 .debug_info    0x00014e3d     0x19ca C:\AtmelArduinoProjects\EALWaterSensors\EALWaterSensors\ArduinoCore\Debug\libArduinoCore.a(HardwareSerial0.o)
 .debug_info    0x00016807      0x231 C:\AtmelArduinoProjects\EALWaterSensors\EALWaterSensors\ArduinoCore\Debug\libArduinoCore.a(main.o)
 .debug_info    0x00016a38      0x18c C:\AtmelArduinoProjects\EALWaterSensors\EALWaterSensors\ArduinoCore\Debug\libArduinoCore.a(new.o)
 .debug_info    0x00016bc4     0x297b C:\AtmelArduinoProjects\EALWaterSensors\EALWaterSensors\ArduinoCore\Debug\libArduinoCore.a(Print.o)
 .debug_info    0x0001953f     0x20ec C:\AtmelArduinoProjects\EALWaterSensors\EALWaterSensors\ArduinoCore\Debug\libArduinoCore.a(Stream.o)
 .debug_info    0x0001b62b      0x2c8 C:\AtmelArduinoProjects\EALWaterSensors\EALWaterSensors\ArduinoCore\Debug\libArduinoCore.a(wiring.o)
 .debug_info    0x0001b8f3      0x281 C:\AtmelArduinoProjects\EALWaterSensors\EALWaterSensors\ArduinoCore\Debug\libArduinoCore.a(wiring_analog.o)
 .debug_info    0x0001bb74      0x5f9 C:\AtmelArduinoProjects\EALWaterSensors\EALWaterSensors\ArduinoCore\Debug\libArduinoCore.a(wiring_digital.o)
 .debug_info    0x0001c16d       0x3e C:\AtmelArduinoProjects\EALWaterSensors\EALWaterSensors\ArduinoCore\Debug\libArduinoCore.a(hooks.o)

.debug_abbrev   0x00000000     0x40c4
 *(.debug_abbrev)
 .debug_abbrev  0x00000000      0x254 ArduinoLibs/Wire/utility/twi.o
 .debug_abbrev  0x00000254      0x499 ArduinoLibs/Wire/Wire.o
 .debug_abbrev  0x000006ed      0x57c ArduinoLibs/SoftwareSerial/SoftwareSerial.o
 .debug_abbrev  0x00000c69      0x29f ArduinoLibs/LiquidCrystal/LiquidCrystal.o
 .debug_abbrev  0x00000f08      0x49e ArduinoLibs/CmdMessenger/CmdMessenger.o
 .debug_abbrev  0x000013a6      0x3d7 ArduinoLibs/erom/erom.o
 .debug_abbrev  0x0000177d      0x2bb ArduinoLibs/SimpleTimer/SimpleTimer.o
 .debug_abbrev  0x00001a38      0x2f1 EALLib/LCDBase.o
 .debug_abbrev  0x00001d29      0x515 EALLib/PHSensor.o
 .debug_abbrev  0x0000223e      0x69b Sketch.o
 .debug_abbrev  0x000028d9       0x5e C:\AtmelArduinoProjects\EALWaterSensors\EALWaterSensors\ArduinoCore\Debug\libArduinoCore.a(abi.o)
 .debug_abbrev  0x00002937      0x478 C:\AtmelArduinoProjects\EALWaterSensors\EALWaterSensors\ArduinoCore\Debug\libArduinoCore.a(HardwareSerial.o)
 .debug_abbrev  0x00002daf      0x3b1 C:\AtmelArduinoProjects\EALWaterSensors\EALWaterSensors\ArduinoCore\Debug\libArduinoCore.a(HardwareSerial0.o)
 .debug_abbrev  0x00003160      0x109 C:\AtmelArduinoProjects\EALWaterSensors\EALWaterSensors\ArduinoCore\Debug\libArduinoCore.a(main.o)
 .debug_abbrev  0x00003269       0xd9 C:\AtmelArduinoProjects\EALWaterSensors\EALWaterSensors\ArduinoCore\Debug\libArduinoCore.a(new.o)
 .debug_abbrev  0x00003342      0x487 C:\AtmelArduinoProjects\EALWaterSensors\EALWaterSensors\ArduinoCore\Debug\libArduinoCore.a(Print.o)
 .debug_abbrev  0x000037c9      0x4ad C:\AtmelArduinoProjects\EALWaterSensors\EALWaterSensors\ArduinoCore\Debug\libArduinoCore.a(Stream.o)
 .debug_abbrev  0x00003c76      0x145 C:\AtmelArduinoProjects\EALWaterSensors\EALWaterSensors\ArduinoCore\Debug\libArduinoCore.a(wiring.o)
 .debug_abbrev  0x00003dbb      0x184 C:\AtmelArduinoProjects\EALWaterSensors\EALWaterSensors\ArduinoCore\Debug\libArduinoCore.a(wiring_analog.o)
 .debug_abbrev  0x00003f3f      0x15b C:\AtmelArduinoProjects\EALWaterSensors\EALWaterSensors\ArduinoCore\Debug\libArduinoCore.a(wiring_digital.o)
 .debug_abbrev  0x0000409a       0x2a C:\AtmelArduinoProjects\EALWaterSensors\EALWaterSensors\ArduinoCore\Debug\libArduinoCore.a(hooks.o)

.debug_line     0x00000000     0x8ec5
 *(.debug_line .debug_line.* .debug_line_end)
 .debug_line    0x00000000      0x8bd ArduinoLibs/Wire/utility/twi.o
 .debug_line    0x000008bd      0x8ab ArduinoLibs/Wire/Wire.o
 .debug_line    0x00001168      0xaf6 ArduinoLibs/SoftwareSerial/SoftwareSerial.o
 .debug_line    0x00001c5e      0xa9a ArduinoLibs/LiquidCrystal/LiquidCrystal.o
 .debug_line    0x000026f8      0xee8 ArduinoLibs/CmdMessenger/CmdMessenger.o
 .debug_line    0x000035e0      0xf8f ArduinoLibs/erom/erom.o
 .debug_line    0x0000456f      0x7be ArduinoLibs/SimpleTimer/SimpleTimer.o
 .debug_line    0x00004d2d      0x63a EALLib/LCDBase.o
 .debug_line    0x00005367      0xf01 EALLib/PHSensor.o
 .debug_line    0x00006268      0xed5 Sketch.o
 .debug_line    0x0000713d       0xbf C:\AtmelArduinoProjects\EALWaterSensors\EALWaterSensors\ArduinoCore\Debug\libArduinoCore.a(abi.o)
 .debug_line    0x000071fc      0x426 C:\AtmelArduinoProjects\EALWaterSensors\EALWaterSensors\ArduinoCore\Debug\libArduinoCore.a(HardwareSerial.o)
 .debug_line    0x00007622      0x257 C:\AtmelArduinoProjects\EALWaterSensors\EALWaterSensors\ArduinoCore\Debug\libArduinoCore.a(HardwareSerial0.o)
 .debug_line    0x00007879      0x175 C:\AtmelArduinoProjects\EALWaterSensors\EALWaterSensors\ArduinoCore\Debug\libArduinoCore.a(main.o)
 .debug_line    0x000079ee      0x15b C:\AtmelArduinoProjects\EALWaterSensors\EALWaterSensors\ArduinoCore\Debug\libArduinoCore.a(new.o)
 .debug_line    0x00007b49      0x63e C:\AtmelArduinoProjects\EALWaterSensors\EALWaterSensors\ArduinoCore\Debug\libArduinoCore.a(Print.o)
 .debug_line    0x00008187      0x603 C:\AtmelArduinoProjects\EALWaterSensors\EALWaterSensors\ArduinoCore\Debug\libArduinoCore.a(Stream.o)
 .debug_line    0x0000878a      0x299 C:\AtmelArduinoProjects\EALWaterSensors\EALWaterSensors\ArduinoCore\Debug\libArduinoCore.a(wiring.o)
 .debug_line    0x00008a23      0x20f C:\AtmelArduinoProjects\EALWaterSensors\EALWaterSensors\ArduinoCore\Debug\libArduinoCore.a(wiring_analog.o)
 .debug_line    0x00008c32      0x252 C:\AtmelArduinoProjects\EALWaterSensors\EALWaterSensors\ArduinoCore\Debug\libArduinoCore.a(wiring_digital.o)
 .debug_line    0x00008e84       0x41 C:\AtmelArduinoProjects\EALWaterSensors\EALWaterSensors\ArduinoCore\Debug\libArduinoCore.a(hooks.o)

.debug_frame    0x00000000     0x2c14
 *(.debug_frame)
 .debug_frame   0x00000000      0x134 ArduinoLibs/Wire/utility/twi.o
 .debug_frame   0x00000134      0x32c ArduinoLibs/Wire/Wire.o
 .debug_frame   0x00000460      0x274 ArduinoLibs/SoftwareSerial/SoftwareSerial.o
 .debug_frame   0x000006d4      0x3a0 ArduinoLibs/LiquidCrystal/LiquidCrystal.o
 .debug_frame   0x00000a74      0x38c ArduinoLibs/CmdMessenger/CmdMessenger.o
 .debug_frame   0x00000e00      0x6cc ArduinoLibs/erom/erom.o
 .debug_frame   0x000014cc      0x180 ArduinoLibs/SimpleTimer/SimpleTimer.o
 .debug_frame   0x0000164c       0x74 EALLib/LCDBase.o
 .debug_frame   0x000016c0      0x51c EALLib/PHSensor.o
 .debug_frame   0x00001bdc      0x544 Sketch.o
 .debug_frame   0x00002120       0x34 C:\AtmelArduinoProjects\EALWaterSensors\EALWaterSensors\ArduinoCore\Debug\libArduinoCore.a(abi.o)
 .debug_frame   0x00002154      0x110 C:\AtmelArduinoProjects\EALWaterSensors\EALWaterSensors\ArduinoCore\Debug\libArduinoCore.a(HardwareSerial.o)
 .debug_frame   0x00002264       0xc0 C:\AtmelArduinoProjects\EALWaterSensors\EALWaterSensors\ArduinoCore\Debug\libArduinoCore.a(HardwareSerial0.o)
 .debug_frame   0x00002324       0x54 C:\AtmelArduinoProjects\EALWaterSensors\EALWaterSensors\ArduinoCore\Debug\libArduinoCore.a(main.o)
 .debug_frame   0x00002378       0x54 C:\AtmelArduinoProjects\EALWaterSensors\EALWaterSensors\ArduinoCore\Debug\libArduinoCore.a(new.o)
 .debug_frame   0x000023cc      0x39c C:\AtmelArduinoProjects\EALWaterSensors\EALWaterSensors\ArduinoCore\Debug\libArduinoCore.a(Print.o)
 .debug_frame   0x00002768      0x2f4 C:\AtmelArduinoProjects\EALWaterSensors\EALWaterSensors\ArduinoCore\Debug\libArduinoCore.a(Stream.o)
 .debug_frame   0x00002a5c       0xc4 C:\AtmelArduinoProjects\EALWaterSensors\EALWaterSensors\ArduinoCore\Debug\libArduinoCore.a(wiring.o)
 .debug_frame   0x00002b20       0x54 C:\AtmelArduinoProjects\EALWaterSensors\EALWaterSensors\ArduinoCore\Debug\libArduinoCore.a(wiring_analog.o)
 .debug_frame   0x00002b74       0x7c C:\AtmelArduinoProjects\EALWaterSensors\EALWaterSensors\ArduinoCore\Debug\libArduinoCore.a(wiring_digital.o)
 .debug_frame   0x00002bf0       0x24 C:\AtmelArduinoProjects\EALWaterSensors\EALWaterSensors\ArduinoCore\Debug\libArduinoCore.a(hooks.o)

.debug_str      0x00000000    0x122cf
 *(.debug_str)
 .debug_str     0x00000000     0xae68 ArduinoLibs/Wire/utility/twi.o
                               0xaf98 (size before relaxing)
 .debug_str     0x0000ae68     0x1cac ArduinoLibs/Wire/Wire.o
                               0x9bdc (size before relaxing)
 .debug_str     0x0000cb14      0xdc0 ArduinoLibs/SoftwareSerial/SoftwareSerial.o
                               0xcc6c (size before relaxing)
 .debug_str     0x0000d8d4      0x7e5 ArduinoLibs/LiquidCrystal/LiquidCrystal.o
                               0xc02b (size before relaxing)
 .debug_str     0x0000e0b9      0xa35 ArduinoLibs/CmdMessenger/CmdMessenger.o
                               0xcf76 (size before relaxing)
 .debug_str     0x0000eaee     0x158e ArduinoLibs/erom/erom.o
                               0xcfc2 (size before relaxing)
 .debug_str     0x0001007c      0x386 ArduinoLibs/SimpleTimer/SimpleTimer.o
                               0xbba9 (size before relaxing)
 .debug_str     0x00010402      0x608 EALLib/LCDBase.o
                               0xc0c3 (size before relaxing)
 .debug_str     0x00010a0a      0x710 EALLib/PHSensor.o
                               0xd21b (size before relaxing)
 .debug_str     0x0001111a      0x5ed Sketch.o
                               0xec12 (size before relaxing)
 .debug_str     0x00011707      0x18e C:\AtmelArduinoProjects\EALWaterSensors\EALWaterSensors\ArduinoCore\Debug\libArduinoCore.a(abi.o)
                                0x1a4 (size before relaxing)
 .debug_str     0x00011895      0x322 C:\AtmelArduinoProjects\EALWaterSensors\EALWaterSensors\ArduinoCore\Debug\libArduinoCore.a(HardwareSerial.o)
                               0x12de (size before relaxing)
 .debug_str     0x00011bb7       0x47 C:\AtmelArduinoProjects\EALWaterSensors\EALWaterSensors\ArduinoCore\Debug\libArduinoCore.a(HardwareSerial0.o)
                               0x10de (size before relaxing)
 .debug_str     0x00011bfe       0x43 C:\AtmelArduinoProjects\EALWaterSensors\EALWaterSensors\ArduinoCore\Debug\libArduinoCore.a(main.o)
                                0x2b3 (size before relaxing)
 .debug_str     0x00011c41       0x7a C:\AtmelArduinoProjects\EALWaterSensors\EALWaterSensors\ArduinoCore\Debug\libArduinoCore.a(new.o)
                                0x1e7 (size before relaxing)
 .debug_str     0x00011cbb      0x35f C:\AtmelArduinoProjects\EALWaterSensors\EALWaterSensors\ArduinoCore\Debug\libArduinoCore.a(Print.o)
                                0xf5e (size before relaxing)
 .debug_str     0x0001201a       0x97 C:\AtmelArduinoProjects\EALWaterSensors\EALWaterSensors\ArduinoCore\Debug\libArduinoCore.a(Stream.o)
                                0xfee (size before relaxing)
 .debug_str     0x000120b1      0x13d C:\AtmelArduinoProjects\EALWaterSensors\EALWaterSensors\ArduinoCore\Debug\libArduinoCore.a(wiring.o)
                                0x23d (size before relaxing)
 .debug_str     0x000121ee       0x7a C:\AtmelArduinoProjects\EALWaterSensors\EALWaterSensors\ArduinoCore\Debug\libArduinoCore.a(wiring_analog.o)
                                0x241 (size before relaxing)
 .debug_str     0x00012268       0x4b C:\AtmelArduinoProjects\EALWaterSensors\EALWaterSensors\ArduinoCore\Debug\libArduinoCore.a(wiring_digital.o)
                                0x2a2 (size before relaxing)
 .debug_str     0x000122b3       0x1c C:\AtmelArduinoProjects\EALWaterSensors\EALWaterSensors\ArduinoCore\Debug\libArduinoCore.a(hooks.o)
                                0x132 (size before relaxing)

.debug_loc      0x00000000     0x768b
 *(.debug_loc)
 .debug_loc     0x00000000      0x5d8 ArduinoLibs/Wire/utility/twi.o
 .debug_loc     0x000005d8      0x4c7 ArduinoLibs/Wire/Wire.o
 .debug_loc     0x00000a9f      0x3b2 ArduinoLibs/SoftwareSerial/SoftwareSerial.o
 .debug_loc     0x00000e51      0x5e1 ArduinoLibs/LiquidCrystal/LiquidCrystal.o
 .debug_loc     0x00001432      0x531 ArduinoLibs/CmdMessenger/CmdMessenger.o
 .debug_loc     0x00001963      0x906 ArduinoLibs/erom/erom.o
 .debug_loc     0x00002269      0x1ce ArduinoLibs/SimpleTimer/SimpleTimer.o
 .debug_loc     0x00002437       0xb1 EALLib/LCDBase.o
 .debug_loc     0x000024e8      0x6ed EALLib/PHSensor.o
 .debug_loc     0x00002bd5      0x7c3 Sketch.o
 .debug_loc     0x00003398      0x497 C:\AtmelArduinoProjects\EALWaterSensors\EALWaterSensors\ArduinoCore\Debug\libArduinoCore.a(HardwareSerial.o)
 .debug_loc     0x0000382f      0x161 C:\AtmelArduinoProjects\EALWaterSensors\EALWaterSensors\ArduinoCore\Debug\libArduinoCore.a(HardwareSerial0.o)
 .debug_loc     0x00003990       0x98 C:\AtmelArduinoProjects\EALWaterSensors\EALWaterSensors\ArduinoCore\Debug\libArduinoCore.a(new.o)
 .debug_loc     0x00003a28     0x1ef5 C:\AtmelArduinoProjects\EALWaterSensors\EALWaterSensors\ArduinoCore\Debug\libArduinoCore.a(Print.o)
 .debug_loc     0x0000591d     0x1424 C:\AtmelArduinoProjects\EALWaterSensors\EALWaterSensors\ArduinoCore\Debug\libArduinoCore.a(Stream.o)
 .debug_loc     0x00006d41      0x269 C:\AtmelArduinoProjects\EALWaterSensors\EALWaterSensors\ArduinoCore\Debug\libArduinoCore.a(wiring.o)
 .debug_loc     0x00006faa       0xfe C:\AtmelArduinoProjects\EALWaterSensors\EALWaterSensors\ArduinoCore\Debug\libArduinoCore.a(wiring_analog.o)
 .debug_loc     0x000070a8      0x5e3 C:\AtmelArduinoProjects\EALWaterSensors\EALWaterSensors\ArduinoCore\Debug\libArduinoCore.a(wiring_digital.o)

.debug_macinfo
 *(.debug_macinfo)

.debug_weaknames
 *(.debug_weaknames)

.debug_funcnames
 *(.debug_funcnames)

.debug_typenames
 *(.debug_typenames)

.debug_varnames
 *(.debug_varnames)

.debug_pubtypes
 *(.debug_pubtypes)

.debug_ranges   0x00000000      0xdf0
 *(.debug_ranges)
 .debug_ranges  0x00000000       0x70 ArduinoLibs/Wire/utility/twi.o
 .debug_ranges  0x00000070       0xf8 ArduinoLibs/Wire/Wire.o
 .debug_ranges  0x00000168       0xb8 ArduinoLibs/SoftwareSerial/SoftwareSerial.o
 .debug_ranges  0x00000220       0xf8 ArduinoLibs/LiquidCrystal/LiquidCrystal.o
 .debug_ranges  0x00000318      0x130 ArduinoLibs/CmdMessenger/CmdMessenger.o
 .debug_ranges  0x00000448      0x238 ArduinoLibs/erom/erom.o
 .debug_ranges  0x00000680       0x78 ArduinoLibs/SimpleTimer/SimpleTimer.o
 .debug_ranges  0x000006f8       0x20 EALLib/LCDBase.o
 .debug_ranges  0x00000718      0x1a0 EALLib/PHSensor.o
 .debug_ranges  0x000008b8      0x198 Sketch.o
 .debug_ranges  0x00000a50       0x18 C:\AtmelArduinoProjects\EALWaterSensors\EALWaterSensors\ArduinoCore\Debug\libArduinoCore.a(abi.o)
 .debug_ranges  0x00000a68       0x70 C:\AtmelArduinoProjects\EALWaterSensors\EALWaterSensors\ArduinoCore\Debug\libArduinoCore.a(HardwareSerial.o)
 .debug_ranges  0x00000ad8       0x28 C:\AtmelArduinoProjects\EALWaterSensors\EALWaterSensors\ArduinoCore\Debug\libArduinoCore.a(HardwareSerial0.o)
 .debug_ranges  0x00000b00       0x28 C:\AtmelArduinoProjects\EALWaterSensors\EALWaterSensors\ArduinoCore\Debug\libArduinoCore.a(main.o)
 .debug_ranges  0x00000b28       0x28 C:\AtmelArduinoProjects\EALWaterSensors\EALWaterSensors\ArduinoCore\Debug\libArduinoCore.a(new.o)
 .debug_ranges  0x00000b50      0x128 C:\AtmelArduinoProjects\EALWaterSensors\EALWaterSensors\ArduinoCore\Debug\libArduinoCore.a(Print.o)
 .debug_ranges  0x00000c78       0xe8 C:\AtmelArduinoProjects\EALWaterSensors\EALWaterSensors\ArduinoCore\Debug\libArduinoCore.a(Stream.o)
 .debug_ranges  0x00000d60       0x38 C:\AtmelArduinoProjects\EALWaterSensors\EALWaterSensors\ArduinoCore\Debug\libArduinoCore.a(wiring.o)
 .debug_ranges  0x00000d98       0x20 C:\AtmelArduinoProjects\EALWaterSensors\EALWaterSensors\ArduinoCore\Debug\libArduinoCore.a(wiring_analog.o)
 .debug_ranges  0x00000db8       0x28 C:\AtmelArduinoProjects\EALWaterSensors\EALWaterSensors\ArduinoCore\Debug\libArduinoCore.a(wiring_digital.o)
 .debug_ranges  0x00000de0       0x10 C:\AtmelArduinoProjects\EALWaterSensors\EALWaterSensors\ArduinoCore\Debug\libArduinoCore.a(hooks.o)

.debug_macro    0x00000000     0x894a
 *(.debug_macro)
 .debug_macro   0x00000000      0x12d ArduinoLibs/Wire/utility/twi.o
 .debug_macro   0x0000012d      0xa78 ArduinoLibs/Wire/utility/twi.o
 .debug_macro   0x00000ba5      0x166 ArduinoLibs/Wire/utility/twi.o