Archive member included to satisfy reference by file (symbol)

c:/program files (x86)/atmel/studio/7.0/toolchain/avr8/avr8-gnu-toolchain/bin/../lib/gcc/avr/4.9.2/../../../../avr/lib/avr5\libm.a(addsf3.o)
                              ArduinoLibs/CmdMessenger/CmdMessenger.o (__subsf3)
c:/program files (x86)/atmel/studio/7.0/toolchain/avr8/avr8-gnu-toolchain/bin/../lib/gcc/avr/4.9.2/../../../../avr/lib/avr5\libm.a(addsf3x.o)
                              c:/program files (x86)/atmel/studio/7.0/toolchain/avr8/avr8-gnu-toolchain/bin/../lib/gcc/avr/4.9.2/../../../../avr/lib/avr5\libm.a(addsf3.o) (__addsf3x)
c:/program files (x86)/atmel/studio/7.0/toolchain/avr8/avr8-gnu-toolchain/bin/../lib/gcc/avr/4.9.2/../../../../avr/lib/avr5\libm.a(cmpsf2.o)
                              ArduinoLibs/CmdMessenger/CmdMessenger.o (__nesf2)
c:/program files (x86)/atmel/studio/7.0/toolchain/avr8/avr8-gnu-toolchain/bin/../lib/gcc/avr/4.9.2/../../../../avr/lib/avr5\libm.a(divsf3.o)
                              ArduinoLibs/CmdMessenger/CmdMessenger.o (__divsf3)
c:/program files (x86)/atmel/studio/7.0/toolchain/avr8/avr8-gnu-toolchain/bin/../lib/gcc/avr/4.9.2/../../../../avr/lib/avr5\libm.a(divsf3x.o)
                              c:/program files (x86)/atmel/studio/7.0/toolchain/avr8/avr8-gnu-toolchain/bin/../lib/gcc/avr/4.9.2/../../../../avr/lib/avr5\libm.a(divsf3.o) (__divsf3x)
c:/program files (x86)/atmel/studio/7.0/toolchain/avr8/avr8-gnu-toolchain/bin/../lib/gcc/avr/4.9.2/../../../../avr/lib/avr5\libm.a(fixsfsi.o)
                              ArduinoLibs/CmdMessenger/CmdMessenger.o (__fixsfsi)
c:/program files (x86)/atmel/studio/7.0/toolchain/avr8/avr8-gnu-toolchain/bin/../lib/gcc/avr/4.9.2/../../../../avr/lib/avr5\libm.a(fixunssfsi.o)
                              c:/program files (x86)/atmel/studio/7.0/toolchain/avr8/avr8-gnu-toolchain/bin/../lib/gcc/avr/4.9.2/../../../../avr/lib/avr5\libm.a(fixsfsi.o) (__fixunssfsi)
c:/program files (x86)/atmel/studio/7.0/toolchain/avr8/avr8-gnu-toolchain/bin/../lib/gcc/avr/4.9.2/../../../../avr/lib/avr5\libm.a(floatsisf.o)
                              ArduinoLibs/CmdMessenger/CmdMessenger.o (__floatunsisf)
c:/program files (x86)/atmel/studio/7.0/toolchain/avr8/avr8-gnu-toolchain/bin/../lib/gcc/avr/4.9.2/../../../../avr/lib/avr5\libm.a(fp_cmp.o)
                              c:/program files (x86)/atmel/studio/7.0/toolchain/avr8/avr8-gnu-toolchain/bin/../lib/gcc/avr/4.9.2/../../../../avr/lib/avr5\libm.a(cmpsf2.o) (__fp_cmp)
c:/program files (x86)/atmel/studio/7.0/toolchain/avr8/avr8-gnu-toolchain/bin/../lib/gcc/avr/4.9.2/../../../../avr/lib/avr5\libm.a(fp_inf.o)
                              c:/program files (x86)/atmel/studio/7.0/toolchain/avr8/avr8-gnu-toolchain/bin/../lib/gcc/avr/4.9.2/../../../../avr/lib/avr5\libm.a(addsf3x.o) (__fp_inf)
c:/program files (x86)/atmel/studio/7.0/toolchain/avr8/avr8-gnu-toolchain/bin/../lib/gcc/avr/4.9.2/../../../../avr/lib/avr5\libm.a(fp_nan.o)
                              c:/program files (x86)/atmel/studio/7.0/toolchain/avr8/avr8-gnu-toolchain/bin/../lib/gcc/avr/4.9.2/../../../../avr/lib/avr5\libm.a(addsf3x.o) (__fp_nan)
c:/program files (x86)/atmel/studio/7.0/toolchain/avr8/avr8-gnu-toolchain/bin/../lib/gcc/avr/4.9.2/../../../../avr/lib/avr5\libm.a(fp_pscA.o)
                              c:/program files (x86)/atmel/studio/7.0/toolchain/avr8/avr8-gnu-toolchain/bin/../lib/gcc/avr/4.9.2/../../../../avr/lib/avr5\libm.a(addsf3x.o) (__fp_pscA)
c:/program files (x86)/atmel/studio/7.0/toolchain/avr8/avr8-gnu-toolchain/bin/../lib/gcc/avr/4.9.2/../../../../avr/lib/avr5\libm.a(fp_pscB.o)
                              c:/program files (x86)/atmel/studio/7.0/toolchain/avr8/avr8-gnu-toolchain/bin/../lib/gcc/avr/4.9.2/../../../../avr/lib/avr5\libm.a(addsf3x.o) (__fp_pscB)
c:/program files (x86)/atmel/studio/7.0/toolchain/avr8/avr8-gnu-toolchain/bin/../lib/gcc/avr/4.9.2/../../../../avr/lib/avr5\libm.a(fp_round.o)
                              c:/program files (x86)/atmel/studio/7.0/toolchain/avr8/avr8-gnu-toolchain/bin/../lib/gcc/avr/4.9.2/../../../../avr/lib/avr5\libm.a(addsf3.o) (__fp_round)
c:/program files (x86)/atmel/studio/7.0/toolchain/avr8/avr8-gnu-toolchain/bin/../lib/gcc/avr/4.9.2/../../../../avr/lib/avr5\libm.a(fp_split3.o)
                              c:/program files (x86)/atmel/studio/7.0/toolchain/avr8/avr8-gnu-toolchain/bin/../lib/gcc/avr/4.9.2/../../../../avr/lib/avr5\libm.a(addsf3x.o) (__fp_split3)
c:/program files (x86)/atmel/studio/7.0/toolchain/avr8/avr8-gnu-toolchain/bin/../lib/gcc/avr/4.9.2/../../../../avr/lib/avr5\libm.a(fp_zero.o)
                              c:/program files (x86)/atmel/studio/7.0/toolchain/avr8/avr8-gnu-toolchain/bin/../lib/gcc/avr/4.9.2/../../../../avr/lib/avr5\libm.a(addsf3x.o) (__fp_zero)
c:/program files (x86)/atmel/studio/7.0/toolchain/avr8/avr8-gnu-toolchain/bin/../lib/gcc/avr/4.9.2/../../../../avr/lib/avr5\libm.a(gesf2.o)
                              ArduinoLibs/CmdMessenger/CmdMessenger.o (__gtsf2)
[...]
Memory Configuration

Name             Origin             Length             Attributes
text             0x00000000         0x00020000         xr
data             0x00800060         0x0000ffa0         rw !x
eeprom           0x00810000         0x00010000         rw !x
fuse             0x00820000         0x00000400         rw !x
lock             0x00830000         0x00000400         rw !x
signature        0x00840000         0x00000400         rw !x
user_signatures  0x00850000         0x00000400         rw !x
*default*        0x00000000         0xffffffff

Linker script and memory map

Address of section .data set to 0x800100
LOAD C:/Program Files (x86)/Atmel/Studio/7.0/Packs/atmel/ATmega_DFP/1.0.106/gcc/dev/atmega328p/avr5/crtatmega328p.o
LOAD ArduinoLibs/Wire/utility/twi.o
LOAD ArduinoLibs/Wire/Wire.o
LOAD ArduinoLibs/SoftwareSerial/SoftwareSerial.o
LOAD ArduinoLibs/SPI/SPI.o
LOAD ArduinoLibs/LiquidCrystal/LiquidCrystal.o
LOAD ArduinoLibs/CmdMessenger/CmdMessenger.o
LOAD ArduinoLibs/erom/erom.o
LOAD ArduinoLibs/RF24/RF24.o
LOAD ArduinoLibs/SimpleTimer/SimpleTimer.o
LOAD EALLib/LCDBase.o
LOAD EALLib/PHSensor.o
LOAD EALLib/TDSSensor.o
LOAD EALLib/WaterSensorWire.o
LOAD EALLib/_globalsWaterSensors.o
LOAD Sketch.o
START GROUP
LOAD c:/program files (x86)/atmel/studio/7.0/toolchain/avr8/avr8-gnu-toolchain/bin/../lib/gcc/avr/4.9.2/../../../../avr/lib/avr5\libm.a
LOAD C:\AtmelArduinoProjects\EALWaterSensors\EALWaterSensors\ArduinoCore\Release\libArduinoCore.a
END GROUP
LOAD c:/program files (x86)/atmel/studio/7.0/toolchain/avr8/avr8-gnu-toolchain/bin/../lib/gcc/avr/4.9.2/avr5\libgcc.a
LOAD c:/program files (x86)/atmel/studio/7.0/toolchain/avr8/avr8-gnu-toolchain/bin/../lib/gcc/avr/4.9.2/../../../../avr/lib/avr5\libm.a
START GROUP
LOAD c:/program files (x86)/atmel/studio/7.0/toolchain/avr8/avr8-gnu-toolchain/bin/../lib/gcc/avr/4.9.2/avr5\libgcc.a
LOAD c:/program files (x86)/atmel/studio/7.0/toolchain/avr8/avr8-gnu-toolchain/bin/../lib/gcc/avr/4.9.2/../../../../avr/lib/avr5\libm.a
LOAD c:/program files (x86)/atmel/studio/7.0/toolchain/avr8/avr8-gnu-toolchain/bin/../lib/gcc/avr/4.9.2/../../../../avr/lib/avr5\libc.a
LOAD C:/Program Files (x86)/Atmel/Studio/7.0/Packs/atmel/ATmega_DFP/1.0.106/gcc/dev/atmega328p/avr5\libatmega328p.a
END GROUP
                0x00020000                __TEXT_REGION_LENGTH__ = DEFINED (__TEXT_REGION_LENGTH__)?__TEXT_REGION_LENGTH__:0x20000
                0x0000ffa0                __DATA_REGION_LENGTH__ = DEFINED (__DATA_REGION_LENGTH__)?__DATA_REGION_LENGTH__:0xffa0
                0x00010000                __EEPROM_REGION_LENGTH__ = DEFINED (__EEPROM_REGION_LENGTH__)?__EEPROM_REGION_LENGTH__:0x10000
                0x00000400                __FUSE_REGION_LENGTH__ = DEFINED (__FUSE_REGION_LENGTH__)?__FUSE_REGION_LENGTH__:0x400
                0x00000400                __LOCK_REGION_LENGTH__ = DEFINED (__LOCK_REGION_LENGTH__)?__LOCK_REGION_LENGTH__:0x400
                0x00000400                __SIGNATURE_REGION_LENGTH__ = DEFINED (__SIGNATURE_REGION_LENGTH__)?__SIGNATURE_REGION_LENGTH__:0x400
                0x00000400                __USER_SIGNATURE_REGION_LENGTH__ = DEFINED (__USER_SIGNATURE_REGION_LENGTH__)?__USER_SIGNATURE_REGION_LENGTH__:0x400

.hash
 *(.hash)

.dynsym
 *(.dynsym)

.dynstr
 *(.dynstr)

.gnu.version
 *(.gnu.version)

.gnu.version_d
 *(.gnu.version_d)

.gnu.version_r
 *(.gnu.version_r)

.rel.init
 *(.rel.init)

.rela.init
 *(.rela.init)

.rel.text
 *(.rel.text)
 *(.rel.text.*)
 *(.rel.gnu.linkonce.t*)

.rela.text
 *(.rela.text)
 *(.rela.text.*)
 *(.rela.gnu.linkonce.t*)

.rel.fini
 *(.rel.fini)

.rela.fini
 *(.rela.fini)

.rel.rodata
 *(.rel.rodata)
 *(.rel.rodata.*)
 *(.rel.gnu.linkonce.r*)

.rela.rodata
 *(.rela.rodata)
 *(.rela.rodata.*)
 *(.rela.gnu.linkonce.r*)

.rel.data
 *(.rel.data)
 *(.rel.data.*)
 *(.rel.gnu.linkonce.d*)

.rela.data
 *(.rela.data)
 *(.rela.data.*)
 *(.rela.gnu.linkonce.d*)

.rel.ctors
 *(.rel.ctors)

.rela.ctors
 *(.rela.ctors)

.rel.dtors
 *(.rel.dtors)

.rela.dtors
 *(.rela.dtors)

.rel.got
 *(.rel.got)

.rela.got
 *(.rela.got)

.rel.bss
 *(.rel.bss)

.rela.bss
 *(.rela.bss)

.rel.plt
 *(.rel.plt)

.rela.plt
 *(.rela.plt)

.text           0x00000000     0x6c1c
 *(.vectors)
 .vectors       0x00000000       0x68 C:/Program Files (x86)/Atmel/Studio/7.0/Packs/atmel/ATmega_DFP/1.0.106/gcc/dev/atmega328p/avr5/crtatmega328p.o
                0x00000000                __vector_default
                0x00000000                __vectors
 *(.vectors)
 *(.progmem.gcc*)
 .progmem.gcc_sw_table.__vector_24
                0x00000068      0x1f2 ArduinoLibs/Wire/utility/twi.o
                0x0000025a                . = ALIGN (0x2)
                0x0000025a                __trampolines_start = .
 *(.trampolines)
 .trampolines   0x0000025a        0x0 linker stubs
 *(.trampolines*)
                0x0000025a                __trampolines_end = .
 *libprintf_flt.a:*(.progmem.data)
 *libc.a:*(.progmem.data)
 .progmem.data  0x0000025a       0x3b c:/program files (x86)/atmel/studio/7.0/toolchain/avr8/avr8-gnu-toolchain/bin/../lib/gcc/avr/4.9.2/../../../../avr/lib/avr5\libc.a(strtod.o)
 .progmem.data  0x00000295       0xfa c:/program files (x86)/atmel/studio/7.0/toolchain/avr8/avr8-gnu-toolchain/bin/../lib/gcc/avr/4.9.2/../../../../avr/lib/avr5\libc.a(ftoa_engine.o)
 *(.progmem*)
 .progmem.data._ZZN7LCDBase9ClearLineEsE3__c
                0x0000038f       0x11 EALLib/LCDBase.o
 .progmem.data._ZZN8PHSensor16CalculateAverageEPiiE3__c
                0x000003a0       0x2a EALLib/PHSensor.o
 .progmem.data._ZZN9TDSSensor16CalculateAverageEPiiE3__c
                0x000003ca       0x2a EALLib/TDSSensor.o
 .progmem.data._ZZN15WaterSensorWire7ReceiveEiE3__c
                0x000003f4       0x26 EALLib/WaterSensorWire.o
 .progmem.data.digital_pin_to_timer_PGM
                0x0000041a       0x14 C:\AtmelArduinoProjects\EALWaterSensors\EALWaterSensors\ArduinoCore\Release\libArduinoCore.a(wiring_digital.o)
                0x0000041a                digital_pin_to_timer_PGM
 .progmem.data.digital_pin_to_bit_mask_PGM
                0x0000042e       0x14 C:\AtmelArduinoProjects\EALWaterSensors\EALWaterSensors\ArduinoCore\Release\libArduinoCore.a(wiring_digital.o)
                0x0000042e                digital_pin_to_bit_mask_PGM
 .progmem.data.digital_pin_to_port_PGM
                0x00000442       0x14 C:\AtmelArduinoProjects\EALWaterSensors\EALWaterSensors\ArduinoCore\Release\libArduinoCore.a(wiring_digital.o)
                0x00000442                digital_pin_to_port_PGM
 .progmem.data.port_to_input_PGM
                0x00000456        0xa C:\AtmelArduinoProjects\EALWaterSensors\EALWaterSensors\ArduinoCore\Release\libArduinoCore.a(wiring_digital.o)
                0x00000456                port_to_input_PGM
 .progmem.data.port_to_output_PGM
                0x00000460        0xa C:\AtmelArduinoProjects\EALWaterSensors\EALWaterSensors\ArduinoCore\Release\libArduinoCore.a(wiring_digital.o)
                0x00000460                port_to_output_PGM
 .progmem.data.port_to_mode_PGM
                0x0000046a        0xa C:\AtmelArduinoProjects\EALWaterSensors\EALWaterSensors\ArduinoCore\Release\libArduinoCore.a(wiring_digital.o)
                0x0000046a                port_to_mode_PGM
                0x00000474                . = ALIGN (0x2)
 *(.jumptables)
 *(.jumptables*)
 *(.lowtext)
 *(.lowtext*)
                0x00000474                __ctors_start = .
 *(.ctors)
 .ctors         0x00000474        0x2 ArduinoLibs/Wire/Wire.o
 .ctors         0x00000476        0x2 ArduinoLibs/erom/erom.o
 .ctors         0x00000478        0x2 EALLib/WaterSensorWire.o
 .ctors         0x0000047a        0x2 EALLib/_globalsWaterSensors.o
 .ctors         0x0000047c        0x2 Sketch.o
 .ctors         0x0000047e        0x2 C:\AtmelArduinoProjects\EALWaterSensors\EALWaterSensors\ArduinoCore\Release\libArduinoCore.a(HardwareSerial0.o)
                0x00000480                __ctors_end = .
                0x00000480                __dtors_start = .
 *(.dtors)
 .dtors         0x00000480        0x2 EALLib/WaterSensorWire.o
 .dtors         0x00000482        0x2 EALLib/_globalsWaterSensors.o
                0x00000484                __dtors_end = .
 SORT(*)(.ctors)
 SORT(*)(.dtors)
 *(.init0)
 .init0         0x00000484        0x0 C:/Program Files (x86)/Atmel/Studio/7.0/Packs/atmel/ATmega_DFP/1.0.106/gcc/dev/atmega328p/avr5/crtatmega328p.o
                0x00000484                __init
 *(.init0)
 *(.init1)
 *(.init1)
 *(.init2)
 .init2         0x00000484        0xc C:/Program Files (x86)/Atmel/Studio/7.0/Packs/atmel/ATmega_DFP/1.0.106/gcc/dev/atmega328p/avr5/crtatmega328p.o
 *(.init2)
 *(.init3)
 *(.init3)
 *(.init4)
 .init4         0x00000490       0x16 c:/program files (x86)/atmel/studio/7.0/toolchain/avr8/avr8-gnu-toolchain/bin/../lib/gcc/avr/4.9.2/avr5\libgcc.a(_copy_data.o)
                0x00000490                __do_copy_data
 .init4         0x000004a6       0x10 c:/program files (x86)/atmel/studio/7.0/toolchain/avr8/avr8-gnu-toolchain/bin/../lib/gcc/avr/4.9.2/avr5\libgcc.a(_clear_bss.o)
                0x000004a6                __do_clear_bss
 *(.init4)
 *(.init5)
 *(.init5)
 *(.init6)
 .init6         0x000004b6       0x16 c:/program files (x86)/atmel/studio/7.0/toolchain/avr8/avr8-gnu-toolchain/bin/../lib/gcc/avr/4.9.2/avr5\libgcc.a(_ctors.o)
                0x000004b6                __do_global_ctors
 *(.init6)
 *(.init7)
 *(.init7)
 *(.init8)
 *(.init8)
 *(.init9)
 .init9         0x000004cc        0x8 C:/Program Files (x86)/Atmel/Studio/7.0/Packs/atmel/ATmega_DFP/1.0.106/gcc/dev/atmega328p/avr5/crtatmega328p.o
 *(.init9)
 *(.text)
 .text          0x000004d4        0x2 C:/Program Files (x86)/Atmel/Studio/7.0/Packs/atmel/ATmega_DFP/1.0.106/gcc/dev/atmega328p/avr5/crtatmega328p.o
                0x000004d4                __vector_22
                0x000004d4                __vector_1
                0x000004d4                __vector_12
                0x000004d4                __bad_interrupt
                0x000004d4                __vector_6
                0x000004d4                __vector_23
                0x000004d4                __vector_25
                0x000004d4                __vector_11
                0x000004d4                __vector_13
                0x000004d4                __vector_17
                0x000004d4                __vector_7
                0x000004d4                __vector_9
                0x000004d4                __vector_2
                0x000004d4                __vector_21
                0x000004d4                __vector_15
                0x000004d4                __vector_8
                0x000004d4                __vector_14
                0x000004d4                __vector_10
                0x000004d4                __vector_20
                0x000004d6                . = ALIGN (0x2)
 *(.text.*)
 .text.twi_init
                0x000004d6       0x68 ArduinoLibs/Wire/utility/twi.o
                0x000004d6                twi_init
 .text.twi_setAddress
                0x0000053e       0x22 ArduinoLibs/Wire/utility/twi.o
                0x0000053e                twi_setAddress
 .text.twi_transmit
                0x00000560       0x6a ArduinoLibs/Wire/utility/twi.o
                0x00000560                twi_transmit
 .text.twi_attachSlaveRxEvent
                0x000005ca       0x24 ArduinoLibs/Wire/utility/twi.o
                0x000005ca                twi_attachSlaveRxEvent
 .text.twi_attachSlaveTxEvent
                0x000005ee       0x24 ArduinoLibs/Wire/utility/twi.o
                0x000005ee                twi_attachSlaveTxEvent
 .text.twi_reply
                0x00000612       0x32 ArduinoLibs/Wire/utility/twi.o
                0x00000612                twi_reply
 .text.twi_stop
                0x00000644       0x38 ArduinoLibs/Wire/utility/twi.o
                0x00000644                twi_stop
 .text.twi_releaseBus
                0x0000067c       0x20 ArduinoLibs/Wire/utility/twi.o
                0x0000067c                twi_releaseBus
 .text.__vector_24
                0x0000069c      0x288 ArduinoLibs/Wire/utility/twi.o
                0x0000069c                __vector_24
 .text._ZN5Print13setWriteErrorEi
                0x00000924       0x2a ArduinoLibs/Wire/Wire.o
                0x00000924                _ZN5Print13setWriteErrorEi
 .text._ZN5PrintC2Ev
                0x0000094e       0x30 ArduinoLibs/Wire/Wire.o
                0x0000094e                _ZN5PrintC2Ev
                0x0000094e                _ZN5PrintC1Ev
 .text._ZN6StreamC2Ev
                0x0000097e       0x42 ArduinoLibs/Wire/Wire.o
                0x0000097e                _ZN6StreamC1Ev
                0x0000097e                _ZN6StreamC2Ev
 .text._ZN7TwoWireC2Ev
                0x000009c0       0x2c ArduinoLibs/Wire/Wire.o
                0x000009c0                _ZN7TwoWireC1Ev
                0x000009c0                _ZN7TwoWireC2Ev
 .text._ZN7TwoWire5beginEv
                0x000009ec       0x2a ArduinoLibs/Wire/Wire.o
                0x000009ec                _ZN7TwoWire5beginEv
 .text._ZN7TwoWire5beginEh
                0x00000a16       0x30 ArduinoLibs/Wire/Wire.o
                0x00000a16                _ZN7TwoWire5beginEh
 .text._ZN7TwoWire5writeEh
                0x00000a46       0x6c ArduinoLibs/Wire/Wire.o
                0x00000a46                _ZN7TwoWire5writeEh
 .text._ZN7TwoWire5writeEPKhj
                0x00000ab2       0x80 ArduinoLibs/Wire/Wire.o
                0x00000ab2                _ZN7TwoWire5writeEPKhj
 .text._ZN7TwoWire9availableEv
                0x00000b32       0x30 ArduinoLibs/Wire/Wire.o
                0x00000b32                _ZN7TwoWire9availableEv
 .text._ZN7TwoWire4readEv
                0x00000b62       0x52 ArduinoLibs/Wire/Wire.o
                0x00000b62                _ZN7TwoWire4readEv
 .text._ZN7TwoWire4peekEv
                0x00000bb4       0x48 ArduinoLibs/Wire/Wire.o
                0x00000bb4                _ZN7TwoWire4peekEv
 .text._ZN7TwoWire5flushEv
                0x00000bfc       0x18 ArduinoLibs/Wire/Wire.o
                0x00000bfc                _ZN7TwoWire5flushEv
 .text._ZN7TwoWire16onReceiveServiceEPhi
                0x00000c14       0x8c ArduinoLibs/Wire/Wire.o
                0x00000c14                _ZN7TwoWire16onReceiveServiceEPhi
 .text._ZN7TwoWire16onRequestServiceEv
                0x00000ca0       0x34 ArduinoLibs/Wire/Wire.o
                0x00000ca0                _ZN7TwoWire16onRequestServiceEv
 .text._ZN7TwoWire9onReceiveEPFviE
                0x00000cd4       0x28 ArduinoLibs/Wire/Wire.o
                0x00000cd4                _ZN7TwoWire9onReceiveEPFviE
 .text._ZN7TwoWire9onRequestEPFvvE
                0x00000cfc       0x28 ArduinoLibs/Wire/Wire.o
                0x00000cfc                _ZN7TwoWire9onRequestEPFvvE
 .text._Z41__static_initialization_and_destruction_0ii
                0x00000d24       0x32 ArduinoLibs/Wire/Wire.o
 .text._GLOBAL__sub_I__ZN7TwoWire8rxBufferE
                0x00000d56       0x1c ArduinoLibs/Wire/Wire.o
 .text._Z10DebugPulsehh
                0x00000d72       0x18 ArduinoLibs/SoftwareSerial/SoftwareSerial.o
                0x00000d72                _Z10DebugPulsehh
 .text._ZN14SoftwareSerial10tunedDelayEj
                0x00000d8a       0x2c ArduinoLibs/SoftwareSerial/SoftwareSerial.o
                0x00000d8a                _ZN14SoftwareSerial10tunedDelayEj
 .text._ZN14SoftwareSerial11rx_pin_readEv
                0x00000db6       0x30 ArduinoLibs/SoftwareSerial/SoftwareSerial.o
                0x00000db6                _ZN14SoftwareSerial11rx_pin_readEv
 .text.__vector_3
                0x00000de6      0x25c ArduinoLibs/SoftwareSerial/SoftwareSerial.o
                0x00000de6                __vector_5
                0x00000de6                __vector_4
                0x00000de6                __vector_3
 .text._ZN13LiquidCrystalC2Ehhhhhh
                0x00001042       0x84 ArduinoLibs/LiquidCrystal/LiquidCrystal.o
                0x00001042                _ZN13LiquidCrystalC1Ehhhhhh
                0x00001042                _ZN13LiquidCrystalC2Ehhhhhh
 .text._ZN13LiquidCrystal4initEhhhhhhhhhhhh
                0x000010c6       0xe2 ArduinoLibs/LiquidCrystal/LiquidCrystal.o
                0x000010c6                _ZN13LiquidCrystal4initEhhhhhhhhhhhh
 .text._ZN13LiquidCrystal5beginEhhh
                0x000011a8      0x22a ArduinoLibs/LiquidCrystal/LiquidCrystal.o
                0x000011a8                _ZN13LiquidCrystal5beginEhhh
 .text._ZN13LiquidCrystal13setRowOffsetsEiiii
                0x000013d2       0x50 ArduinoLibs/LiquidCrystal/LiquidCrystal.o
                0x000013d2                _ZN13LiquidCrystal13setRowOffsetsEiiii
 .text._ZN13LiquidCrystal5clearEv
                0x00001422       0x28 ArduinoLibs/LiquidCrystal/LiquidCrystal.o
                0x00001422                _ZN13LiquidCrystal5clearEv
 .text._ZN13LiquidCrystal9setCursorEhh
                0x0000144a       0x6c ArduinoLibs/LiquidCrystal/LiquidCrystal.o
                0x0000144a                _ZN13LiquidCrystal9setCursorEhh
 .text._ZN13LiquidCrystal7displayEv
                0x000014b6       0x40 ArduinoLibs/LiquidCrystal/LiquidCrystal.o
                0x000014b6                _ZN13LiquidCrystal7displayEv
 .text._ZN13LiquidCrystal7commandEh
                0x000014f6       0x24 ArduinoLibs/LiquidCrystal/LiquidCrystal.o
                0x000014f6                _ZN13LiquidCrystal7commandEh
 .text._ZN13LiquidCrystal5writeEh
                0x0000151a       0x28 ArduinoLibs/LiquidCrystal/LiquidCrystal.o
                0x0000151a                _ZN13LiquidCrystal5writeEh
 .text._ZN13LiquidCrystal4sendEhh
                0x00001542       0x8a ArduinoLibs/LiquidCrystal/LiquidCrystal.o
                0x00001542                _ZN13LiquidCrystal4sendEhh
 .text._ZN13LiquidCrystal11pulseEnableEv
                0x000015cc       0x5a ArduinoLibs/LiquidCrystal/LiquidCrystal.o
                0x000015cc                _ZN13LiquidCrystal11pulseEnableEv
 .text._ZN13LiquidCrystal10write4bitsEh
                0x00001626       0x66 ArduinoLibs/LiquidCrystal/LiquidCrystal.o
                0x00001626                _ZN13LiquidCrystal10write4bitsEh
 .text._ZN13LiquidCrystal10write8bitsEh
                0x0000168c       0x66 ArduinoLibs/LiquidCrystal/LiquidCrystal.o
                0x0000168c                _ZN13LiquidCrystal10write8bitsEh
 .text._ZNK4erom6Access4readEj
                0x000016f2       0x28 ArduinoLibs/erom/erom.o
                0x000016f2                _ZNK4erom6Access4readEj
 .text._ZNK4erom6Access9read_byteEj
                0x0000171a       0x4a ArduinoLibs/erom/erom.o
                0x0000171a                _ZNK4erom6Access9read_byteEj
 .text._ZNK4erom6Access5writeEjh
                0x00001764       0x2c ArduinoLibs/erom/erom.o
                0x00001764                _ZNK4erom6Access5writeEjh
 .text._ZNK4erom6Access10write_byteEjh
                0x00001790       0x50 ArduinoLibs/erom/erom.o
                0x00001790                _ZNK4erom6Access10write_byteEjh
 .text._ZNK4erom6Access8in_rangeEj
                0x000017e0       0x40 ArduinoLibs/erom/erom.o
                0x000017e0                _ZNK4erom6Access8in_rangeEj
 .text._ZNK4erom6Access4baseEv
                0x00001820       0x22 ArduinoLibs/erom/erom.o
                0x00001820                _ZNK4erom6Access4baseEv
 .text._ZNK4erom6Access11memory_sizeEv
                0x00001842       0x22 ArduinoLibs/erom/erom.o
                0x00001842                _ZNK4erom6Access11memory_sizeEv
 .text._ZN4erom6Access8instanceEv
                0x00001864       0x36 ArduinoLibs/erom/erom.o
                0x00001864                _ZN4erom6Access8instanceEv
 .text._ZN4erom7Storage6OnLoadEv
                0x0000189a       0x18 ArduinoLibs/erom/erom.o
                0x0000189a                _ZN4erom7Storage6OnLoadEv
 .text._ZN4erom7Storage6OnSaveEv
                0x000018b2       0x18 ArduinoLibs/erom/erom.o
                0x000018b2                _ZN4erom7Storage6OnSaveEv
 .text._ZN4erom7Storage7OnClearEv
                0x000018ca       0x18 ArduinoLibs/erom/erom.o
                0x000018ca                _ZN4erom7Storage7OnClearEv
 .text._ZN4erom7StorageC2Ev
                0x000018e2       0x3e ArduinoLibs/erom/erom.o
                0x000018e2                _ZN4erom7StorageC1Ev
                0x000018e2                _ZN4erom7StorageC2Ev
 .text._ZN4erom7StorageD2Ev
                0x00001920       0x36 ArduinoLibs/erom/erom.o
                0x00001920                _ZN4erom7StorageD2Ev
                0x00001920                _ZN4erom7StorageD1Ev
 .text._ZN4erom7StorageD0Ev
                0x00001956       0x26 ArduinoLibs/erom/erom.o
                0x00001956                _ZN4erom7StorageD0Ev
 .text._ZN4erom6AccessC2Ej
                0x0000197c       0x38 ArduinoLibs/erom/erom.o
                0x0000197c                _ZN4erom6AccessC2Ej
                0x0000197c                _ZN4erom6AccessC1Ej
 .text._ZN4erom6Access18device_memory_sizeEv
                0x000019b4       0x16 ArduinoLibs/erom/erom.o
                0x000019b4                _ZN4erom6Access18device_memory_sizeEv
 .text._ZNK4erom6Access10read_blockIdEEbjRT_
                0x000019ca       0x52 ArduinoLibs/erom/erom.o
                0x000019ca                _ZNK4erom6Access10read_blockIdEEbjRT_
 .text._ZNK4erom6Access11_read_blockIdEEvjRT_
                0x00001a1c       0x40 ArduinoLibs/erom/erom.o
                0x00001a1c                _ZNK4erom6Access11_read_blockIdEEvjRT_
 .text._Z41__static_initialization_and_destruction_0ii
                0x00001a5c       0x36 ArduinoLibs/erom/erom.o
 .text._GLOBAL__sub_I__ZN4erom6accessE
                0x00001a92       0x1c ArduinoLibs/erom/erom.o
 .text._ZL7elapsedv
                0x00001aae       0x1e ArduinoLibs/SimpleTimer/SimpleTimer.o
 .text._ZN11SimpleTimerC2Ev
                0x00001acc       0xcc ArduinoLibs/SimpleTimer/SimpleTimer.o
                0x00001acc                _ZN11SimpleTimerC1Ev
                0x00001acc                _ZN11SimpleTimerC2Ev
 .text._ZN11SimpleTimer3runEv
                0x00001b98      0x31c ArduinoLibs/SimpleTimer/SimpleTimer.o
                0x00001b98                _ZN11SimpleTimer3runEv
 .text._ZN11SimpleTimer17findFirstFreeSlotEv
                0x00001eb4       0x6e ArduinoLibs/SimpleTimer/SimpleTimer.o
                0x00001eb4                _ZN11SimpleTimer17findFirstFreeSlotEv
 .text._ZN11SimpleTimer8setTimerElPFvvEi
                0x00001f22      0x116 ArduinoLibs/SimpleTimer/SimpleTimer.o
                0x00001f22                _ZN11SimpleTimer8setTimerElPFvvEi
 .text._ZN11SimpleTimer11setIntervalElPFvvE
                0x00002038       0x52 ArduinoLibs/SimpleTimer/SimpleTimer.o
                0x00002038                _ZN11SimpleTimer11setIntervalElPFvvE
 .text._ZN11SimpleTimer10setTimeoutElPFvvE
                0x0000208a       0x52 ArduinoLibs/SimpleTimer/SimpleTimer.o
                0x0000208a                _ZN11SimpleTimer10setTimeoutElPFvvE
 .text._ZN11SimpleTimer11deleteTimerEi
                0x000020dc       0xf8 ArduinoLibs/SimpleTimer/SimpleTimer.o
                0x000020dc                _ZN11SimpleTimer11deleteTimerEi
 .text._ZN11SimpleTimer12restartTimerEi
                0x000021d4       0x4e ArduinoLibs/SimpleTimer/SimpleTimer.o
                0x000021d4                _ZN11SimpleTimer12restartTimerEi
 .text._ZN11SimpleTimer9isEnabledEi
                0x00002222       0x3c ArduinoLibs/SimpleTimer/SimpleTimer.o
                0x00002222                _ZN11SimpleTimer9isEnabledEi
 .text._ZN11SimpleTimer6enableEi
                0x0000225e       0x3c ArduinoLibs/SimpleTimer/SimpleTimer.o
                0x0000225e                _ZN11SimpleTimer6enableEi
 .text._ZN11SimpleTimer7disableEi
                0x0000229a       0x3a ArduinoLibs/SimpleTimer/SimpleTimer.o
                0x0000229a                _ZN11SimpleTimer7disableEi
 .text._ZN7LCDBaseC2Ev
                0x000022d4       0x58 EALLib/LCDBase.o
                0x000022d4                _ZN7LCDBaseC1Ev
                0x000022d4                _ZN7LCDBaseC2Ev
 .text._ZN7LCDBase4InitEv
                0x0000232c       0x36 EALLib/LCDBase.o
                0x0000232c                _ZN7LCDBase4InitEv
 .text._ZN7LCDBase9ClearLineEs
                0x00002362       0x36 EALLib/LCDBase.o
                0x00002362                _ZN7LCDBase9ClearLineEs
 .text._ZN7LCDBase9PrintLineEs6String
                0x00002398       0x46 EALLib/LCDBase.o
                0x00002398                _ZN7LCDBase9PrintLineEs6String
 .text._ZNK6String5c_strEv
                0x000023de       0x22 EALLib/PHSensor.o
                0x000023de                _ZNK6String5c_strEv
 .text._ZN15StringSumHelperC2EPKc
                0x00002400       0x2a EALLib/PHSensor.o
                0x00002400                _ZN15StringSumHelperC1EPKc
                0x00002400                _ZN15StringSumHelperC2EPKc
 .text._ZnwjPv  0x0000242a       0x20 EALLib/PHSensor.o
                0x0000242a                _ZnwjPv
 .text._ZN5PrintC2ERKS_
                0x0000244a       0x3e EALLib/PHSensor.o
                0x0000244a                _ZN5PrintC2ERKS_
                0x0000244a                _ZN5PrintC1ERKS_
 .text._ZN13LiquidCrystalC2ERKS_
                0x00002488       0xec EALLib/PHSensor.o
                0x00002488                _ZN13LiquidCrystalC1ERKS_
                0x00002488                _ZN13LiquidCrystalC2ERKS_
 .text._ZN7LCDBaseC2ERKS_
                0x00002574       0x36 EALLib/PHSensor.o
                0x00002574                _ZN7LCDBaseC2ERKS_
                0x00002574                _ZN7LCDBaseC1ERKS_
 .text._ZN8PHSensorC2Eiib7LCDBase
                0x000025aa       0xe6 EALLib/PHSensor.o
                0x000025aa                _ZN8PHSensorC2Eiib7LCDBase
                0x000025aa                _ZN8PHSensorC1Eiib7LCDBase
 .text._ZN8PHSensor4InitEv
                0x00002690       0x78 EALLib/PHSensor.o
                0x00002690                _ZN8PHSensor4InitEv
 .text._ZN8PHSensor6UpdateEd
                0x00002708       0x3e EALLib/PHSensor.o
                0x00002708                _ZN8PHSensor6UpdateEd
 .text._ZN8PHSensor5GetPHEv
                0x00002746       0xac EALLib/PHSensor.o
                0x00002746                _ZN8PHSensor5GetPHEv
 .text._ZN8PHSensor11CalculatePHEv
                0x000027f2      0x1b8 EALLib/PHSensor.o
                0x000027f2                _ZN8PHSensor11CalculatePHEv
 .text._ZN8PHSensor10GetPHValueEv
                0x000029aa      0x1f6 EALLib/PHSensor.o
                0x000029aa                _ZN8PHSensor10GetPHValueEv
 .text._ZN15StringSumHelperD2Ev
                0x00002ba0       0x20 EALLib/PHSensor.o
                0x00002ba0                _ZN15StringSumHelperD1Ev
                0x00002ba0                _ZN15StringSumHelperD2Ev
 .text._ZN8PHSensor12PrintPHToLCDEv
                0x00002bc0      0x166 EALLib/PHSensor.o
                0x00002bc0                _ZN8PHSensor12PrintPHToLCDEv
 .text._ZN8PHSensor16CalculateAverageESt6vectorIdSaIdEE
                0x00002d26       0xbe EALLib/PHSensor.o
                0x00002d26                _ZN8PHSensor16CalculateAverageESt6vectorIdSaIdEE
 .text._ZN8PHSensor16CalculateAverageEPii
                0x00002de4      0x2c4 EALLib/PHSensor.o
                0x00002de4                _ZN8PHSensor16CalculateAverageEPii
 .text._ZNK4erom6Access11write_blockIdEEbjRKT_
                0x000030a8       0x54 EALLib/PHSensor.o
                0x000030a8                _ZNK4erom6Access11write_blockIdEEbjRKT_
 .text._ZN4erom5EntryIdEC2Ej
                0x000030fc       0x40 EALLib/PHSensor.o
                0x000030fc                _ZN4erom5EntryIdEC1Ej
                0x000030fc                _ZN4erom5EntryIdEC2Ej
 .text._ZNSaIdEC2Ev
                0x0000313c       0x18 EALLib/PHSensor.o
                0x0000313c                _ZNSaIdEC1Ev
                0x0000313c                _ZNSaIdEC2Ev
 .text._ZNSaIdED2Ev
                0x00003154       0x18 EALLib/PHSensor.o
                0x00003154                _ZNSaIdED2Ev
                0x00003154                _ZNSaIdED1Ev
 .text._ZNSt6vectorIdSaIdEEC2ERKS0_
                0x0000316c       0x62 EALLib/PHSensor.o
                0x0000316c                _ZNSt6vectorIdSaIdEEC1ERKS0_
                0x0000316c                _ZNSt6vectorIdSaIdEEC2ERKS0_
 .text._ZNSt6vectorIdSaIdEED2Ev
                0x000031ce       0x86 EALLib/PHSensor.o
                0x000031ce                _ZNSt6vectorIdSaIdEED1Ev
                0x000031ce                _ZNSt6vectorIdSaIdEED2Ev
 .text._ZN4erom5EntryIdE4loadEv
                0x00003254       0x4a EALLib/PHSensor.o
                0x00003254                _ZN4erom5EntryIdE4loadEv
 .text._ZN4erom5EntryIdEcvRdEv
                0x0000329e       0x1e EALLib/PHSensor.o
                0x0000329e                _ZN4erom5EntryIdEcvRdEv
 .text._ZN4erom5EntryIdEaSERKd
                0x000032bc       0x3c EALLib/PHSensor.o
                0x000032bc                _ZN4erom5EntryIdEaSERKd
 .text._ZNK4erom5EntryIdE4saveEb
                0x000032f8       0x74 EALLib/PHSensor.o
                0x000032f8                _ZNK4erom5EntryIdE4saveEb
 .text._ZNKSt6vectorIdSaIdEE4sizeEv
                0x0000336c       0x22 EALLib/PHSensor.o
                0x0000336c                _ZNKSt6vectorIdSaIdEE4sizeEv
 .text._ZNSt6vectorIdSaIdEE9push_backERKd
                0x0000338e       0x34 EALLib/PHSensor.o
                0x0000338e                _ZNSt6vectorIdSaIdEE9push_backERKd
 .text._ZNSt6vectorIdSaIdEEixEj
                0x000033c2       0x36 EALLib/PHSensor.o
                0x000033c2                _ZNSt6vectorIdSaIdEEixEj
 .text._ZNSt6vectorIdSaIdEEC2ERKS1_
                0x000033f8       0xda EALLib/PHSensor.o
                0x000033f8                _ZNSt6vectorIdSaIdEEC2ERKS1_
                0x000033f8                _ZNSt6vectorIdSaIdEEC1ERKS1_
 .text._ZNK4erom6Access12_write_blockIdEEvjRKT_
                0x000034d2       0x42 EALLib/PHSensor.o
                0x000034d2                _ZNK4erom6Access12_write_blockIdEEvjRKT_
 .text._ZNSaIdE8allocateEjPKv
                0x00003514       0x30 EALLib/PHSensor.o
                0x00003514                _ZNSaIdE8allocateEjPKv
 .text._ZNSaIdE7destroyEPd
                0x00003544       0x1c EALLib/PHSensor.o
                0x00003544                _ZNSaIdE7destroyEPd
 .text._ZNSaIdE10deallocateEPdj
                0x00003560       0x28 EALLib/PHSensor.o
                0x00003560                _ZNSaIdE10deallocateEPdj
 .text._ZNK4erom5EntryIdE7addressEv
                0x00003588       0x22 EALLib/PHSensor.o
                0x00003588                _ZNK4erom5EntryIdE7addressEv
 .text._ZNK4erom6Access12update_blockIdEEjjRKT_
                0x000035aa       0xc4 EALLib/PHSensor.o
                0x000035aa                _ZNK4erom6Access12update_blockIdEEjjRKT_
 .text._ZNSt6vectorIdSaIdEE6resizeEjRKd
                0x0000366e       0xc8 EALLib/PHSensor.o
                0x0000366e                _ZNSt6vectorIdSaIdEE6resizeEjRKd
 .text._ZNSaIdE9constructEPdRKd
                0x00003736       0x4e EALLib/PHSensor.o
                0x00003736                _ZNSaIdE9constructEPdRKd
 .text._ZNSt6vectorIdSaIdEE7reserveEj
                0x00003784      0x10e EALLib/PHSensor.o
                0x00003784                _ZNSt6vectorIdSaIdEE7reserveEj
 .text._ZNSt6vectorIdSaIdEE8downsizeEj
                0x00003892       0x8a EALLib/PHSensor.o
                0x00003892                _ZNSt6vectorIdSaIdEE8downsizeEj
 .text._ZN8PHSensorD2Ev
                0x0000391c       0x60 EALLib/PHSensor.o
                0x0000391c                _ZN8PHSensorD1Ev
                0x0000391c                _ZN8PHSensorD2Ev
 .text._ZN8PHSensorD0Ev
                0x0000397c       0x26 EALLib/PHSensor.o
                0x0000397c                _ZN8PHSensorD0Ev
 .text._ZN9TDSSensorC2Eiib7LCDBase
                0x000039a2       0xbe EALLib/TDSSensor.o
                0x000039a2                _ZN9TDSSensorC1Eiib7LCDBase
                0x000039a2                _ZN9TDSSensorC2Eiib7LCDBase
 .text._ZN9TDSSensor4InitEv
                0x00003a60       0x78 EALLib/TDSSensor.o
                0x00003a60                _ZN9TDSSensor4InitEv
 .text._ZN9TDSSensor6UpdateEd
                0x00003ad8       0x3e EALLib/TDSSensor.o
                0x00003ad8                _ZN9TDSSensor6UpdateEd
 .text._ZN9TDSSensor6GetTDSEv
                0x00003b16       0xb0 EALLib/TDSSensor.o
                0x00003b16                _ZN9TDSSensor6GetTDSEv
 .text._ZN9TDSSensor13PrintTDSToLCDEv
                0x00003bc6      0x16c EALLib/TDSSensor.o
                0x00003bc6                _ZN9TDSSensor13PrintTDSToLCDEv
 .text._ZN9TDSSensor12CalculateTDSEv
                0x00003d32       0xf0 EALLib/TDSSensor.o
                0x00003d32                _ZN9TDSSensor12CalculateTDSEv
 .text._ZN9TDSSensor11GetTDSValueEv
                0x00003e22      0x186 EALLib/TDSSensor.o
                0x00003e22                _ZN9TDSSensor11GetTDSValueEv
 .text._ZN9TDSSensor16CalculateAverageEPii
                0x00003fa8      0x2bc EALLib/TDSSensor.o
                0x00003fa8                _ZN9TDSSensor16CalculateAverageEPii
 .text._ZN9TDSSensorD2Ev
                0x00004264       0x56 EALLib/TDSSensor.o
                0x00004264                _ZN9TDSSensorD2Ev
                0x00004264                _ZN9TDSSensorD1Ev
 .text._ZN9TDSSensorD0Ev
                0x000042ba       0x26 EALLib/TDSSensor.o
                0x000042ba                _ZN9TDSSensorD0Ev
 .text._ZNK6String6lengthEv
                0x000042e0       0x22 EALLib/WaterSensorWire.o
                0x000042e0                _ZNK6String6lengthEv
 .text._ZN6StringpLEPKc
                0x00004302       0x2e EALLib/WaterSensorWire.o
                0x00004302                _ZN6StringpLEPKc
 .text._ZNK6StringeqEPKc
                0x00004330       0x2a EALLib/WaterSensorWire.o
                0x00004330                _ZNK6StringeqEPKc
 .text._ZN15WaterSensorWire5SetupEv
                0x0000435a       0x4e EALLib/WaterSensorWire.o
                0x0000435a                _ZN15WaterSensorWire5SetupEv
 .text._ZN15WaterSensorWire7ReceiveEi
                0x000043a8      0x1c8 EALLib/WaterSensorWire.o
                0x000043a8                _ZN15WaterSensorWire7ReceiveEi
 .text._ZN15WaterSensorWire7RequestEv
                0x00004570      0x244 EALLib/WaterSensorWire.o
                0x00004570                _ZN15WaterSensorWire7RequestEv
 .text._ZN15WaterSensorWire11SplitStringE6Stringci
                0x000047b4      0x106 EALLib/WaterSensorWire.o
                0x000047b4                _ZN15WaterSensorWire11SplitStringE6Stringci
 .text._Z41__static_initialization_and_destruction_0ii
                0x000048ba       0xa0 EALLib/WaterSensorWire.o
 .text._GLOBAL__sub_I__ZN15WaterSensorWire5SetupEv
                0x0000495a       0x1c EALLib/WaterSensorWire.o
 .text._GLOBAL__sub_D__ZN15WaterSensorWire5SetupEv
                0x00004976       0x1c EALLib/WaterSensorWire.o
 .text._Z41__static_initialization_and_destruction_0ii
                0x00004992       0xaa EALLib/_globalsWaterSensors.o
 .text._GLOBAL__sub_I__ZN7Globals12_phSensorPinE
                0x00004a3c       0x1c EALLib/_globalsWaterSensors.o
 .text._GLOBAL__sub_D__ZN7Globals12_phSensorPinE
                0x00004a58       0x1c EALLib/_globalsWaterSensors.o
 .text._ZN14HardwareSerial5beginEm
                0x00004a74       0x36 Sketch.o
                0x00004a74                _ZN14HardwareSerial5beginEm
 .text._ZN14HardwareSerialcvbEv
                0x00004aaa       0x1a Sketch.o
                0x00004aaa                _ZN14HardwareSerialcvbEv
 .text.setup    0x00004ac4       0x48 Sketch.o
                0x00004ac4                setup
 .text.loop     0x00004b0c       0x30 Sketch.o
                0x00004b0c                loop
 .text._Z11AsyncDoWorkv
                0x00004b3c       0x28 Sketch.o
                0x00004b3c                _Z11AsyncDoWorkv
 .text._Z41__static_initialization_and_destruction_0ii
                0x00004b64       0x34 Sketch.o
 .text._GLOBAL__sub_I__asyncTimer
                0x00004b98       0x1c Sketch.o
 .text.avr-libc.fplib
                0x00004bb4        0xa c:/program files (x86)/atmel/studio/7.0/toolchain/avr8/avr8-gnu-toolchain/bin/../lib/gcc/avr/4.9.2/../../../../avr/lib/avr5\libm.a(addsf3.o)
                0x00004bb4                __subsf3
                0x00004bb6                __addsf3
 .text.avr-libc.fplib
                0x00004bbe       0xc0 c:/program files (x86)/atmel/studio/7.0/toolchain/avr8/avr8-gnu-toolchain/bin/../lib/gcc/avr/4.9.2/../../../../avr/lib/avr5\libm.a(addsf3x.o)
                0x00004bd8                __addsf3x
 .text.avr-libc.fplib
                0x00004c7e        0x8 c:/program files (x86)/atmel/studio/7.0/toolchain/avr8/avr8-gnu-toolchain/bin/../lib/gcc/avr/4.9.2/../../../../avr/lib/avr5\libm.a(cmpsf2.o)
                0x00004c7e                __nesf2
                0x00004c7e                __eqsf2
                0x00004c7e                __cmpsf2
                0x00004c7e                __ltsf2
                0x00004c7e                __lesf2
 .text.avr-libc.fplib
                0x00004c86        0x4 c:/program files (x86)/atmel/studio/7.0/toolchain/avr8/avr8-gnu-toolchain/bin/../lib/gcc/avr/4.9.2/../../../../avr/lib/avr5\libm.a(divsf3.o)
                0x00004c86                __divsf3
 .text.avr-libc.fplib
                0x00004c8a       0xcc c:/program files (x86)/atmel/studio/7.0/toolchain/avr8/avr8-gnu-toolchain/bin/../lib/gcc/avr/4.9.2/../../../../avr/lib/avr5\libm.a(divsf3x.o)
                0x00004ca0                __divsf3x
                0x00004ca4                __divsf3_pse
 .text.avr-libc.fplib
                0x00004d56       0x7a c:/program files (x86)/atmel/studio/7.0/toolchain/avr8/avr8-gnu-toolchain/bin/../lib/gcc/avr/4.9.2/../../../../avr/lib/avr5\libm.a(floatsisf.o)
                0x00004d56                __floatunsisf
                0x00004d5a                __floatsisf
 .text.avr-libc.fplib
                0x00004dd0       0x48 c:/program files (x86)/atmel/studio/7.0/toolchain/avr8/avr8-gnu-toolchain/bin/../lib/gcc/avr/4.9.2/../../../../avr/lib/avr5\libm.a(fp_cmp.o)
                0x00004dd0                __fp_cmp
 .text.avr-libc.fplib
                0x00004e18        0xc c:/program files (x86)/atmel/studio/7.0/toolchain/avr8/avr8-gnu-toolchain/bin/../lib/gcc/avr/4.9.2/../../../../avr/lib/avr5\libm.a(fp_inf.o)
                0x00004e18                __fp_inf
 .text.avr-libc.fplib
                0x00004e24        0x6 c:/program files (x86)/atmel/studio/7.0/toolchain/avr8/avr8-gnu-toolchain/bin/../lib/gcc/avr/4.9.2/../../../../avr/lib/avr5\libm.a(fp_nan.o)
                0x00004e24                __fp_nan
 .text.avr-libc.fplib
                0x00004e2a        0xe c:/program files (x86)/atmel/studio/7.0/toolchain/avr8/avr8-gnu-toolchain/bin/../lib/gcc/avr/4.9.2/../../../../avr/lib/avr5\libm.a(fp_pscA.o)
                0x00004e2a                __fp_pscA
 .text.avr-libc.fplib
                0x00004e38        0xe c:/program files (x86)/atmel/studio/7.0/toolchain/avr8/avr8-gnu-toolchain/bin/../lib/gcc/avr/4.9.2/../../../../avr/lib/avr5\libm.a(fp_pscB.o)
                0x00004e38                __fp_pscB
 .text.avr-libc.fplib
                0x00004e46       0x22 c:/program files (x86)/atmel/studio/7.0/toolchain/avr8/avr8-gnu-toolchain/bin/../lib/gcc/avr/4.9.2/../../../../avr/lib/avr5\libm.a(fp_round.o)
                0x00004e46                __fp_round
 .text.avr-libc.fplib
                0x00004e68       0x44 c:/program files (x86)/atmel/studio/7.0/toolchain/avr8/avr8-gnu-toolchain/bin/../lib/gcc/avr/4.9.2/../../../../avr/lib/avr5\libm.a(fp_split3.o)
                0x00004e68                __fp_split3
                0x00004e78                __fp_splitA
 .text.avr-libc.fplib
                0x00004eac        0xe c:/program files (x86)/atmel/studio/7.0/toolchain/avr8/avr8-gnu-toolchain/bin/../lib/gcc/avr/4.9.2/../../../../avr/lib/avr5\libm.a(fp_zero.o)
                0x00004eac                __fp_zero
                0x00004eae                __fp_szero
 .text.avr-libc.fplib
                0x00004eba        0x4 c:/program files (x86)/atmel/studio/7.0/toolchain/avr8/avr8-gnu-toolchain/bin/../lib/gcc/avr/4.9.2/../../../../avr/lib/avr5\libm.a(mulsf3.o)
                0x00004eba                __mulsf3
 .text.avr-libc.fplib
                0x00004ebe       0xc2 c:/program files (x86)/atmel/studio/7.0/toolchain/avr8/avr8-gnu-toolchain/bin/../lib/gcc/avr/4.9.2/../../../../avr/lib/avr5\libm.a(mulsf3x.o)
                0x00004ed2                __mulsf3x
                0x00004ed6                __mulsf3_pse
 .text.avr-libc.fplib
                0x00004f80        0x8 c:/program files (x86)/atmel/studio/7.0/toolchain/avr8/avr8-gnu-toolchain/bin/../lib/gcc/avr/4.9.2/../../../../avr/lib/avr5\libm.a(unordsf2.o)
                0x00004f80                __unordsf2
 .text.__cxa_pure_virtual
                0x00004f88        0x4 C:\AtmelArduinoProjects\EALWaterSensors\EALWaterSensors\ArduinoCore\Release\libArduinoCore.a(abi.o)
                0x00004f88                __cxa_pure_virtual
 .text._ZN14HardwareSerial9availableEv
                0x00004f8c       0x18 C:\AtmelArduinoProjects\EALWaterSensors\EALWaterSensors\ArduinoCore\Release\libArduinoCore.a(HardwareSerial.o)
                0x00004f8c                _ZN14HardwareSerial9availableEv
 .text._ZN14HardwareSerial4peekEv
                0x00004fa4       0x1c C:\AtmelArduinoProjects\EALWaterSensors\EALWaterSensors\ArduinoCore\Release\libArduinoCore.a(HardwareSerial.o)
                0x00004fa4                _ZN14HardwareSerial4peekEv
 .text._ZN14HardwareSerial4readEv
                0x00004fc0       0x28 C:\AtmelArduinoProjects\EALWaterSensors\EALWaterSensors\ArduinoCore\Release\libArduinoCore.a(HardwareSerial.o)
                0x00004fc0                _ZN14HardwareSerial4readEv
 .text._Z14serialEventRunv
                0x00004fe8       0x1a C:\AtmelArduinoProjects\EALWaterSensors\EALWaterSensors\ArduinoCore\Release\libArduinoCore.a(HardwareSerial.o)
                0x00004fe8                _Z14serialEventRunv
 .text._ZN14HardwareSerial17_tx_udr_empty_irqEv
                0x00005002       0x42 C:\AtmelArduinoProjects\EALWaterSensors\EALWaterSensors\ArduinoCore\Release\libArduinoCore.a(HardwareSerial.o)
                0x00005002                _ZN14HardwareSerial17_tx_udr_empty_irqEv
 .text._ZN14HardwareSerial5flushEv
                0x00005044       0x42 C:\AtmelArduinoProjects\EALWaterSensors\EALWaterSensors\ArduinoCore\Release\libArduinoCore.a(HardwareSerial.o)
                0x00005044                _ZN14HardwareSerial5flushEv
 .text._ZN14HardwareSerial5writeEh
                0x00005086       0x8c C:\AtmelArduinoProjects\EALWaterSensors\EALWaterSensors\ArduinoCore\Release\libArduinoCore.a(HardwareSerial.o)
                0x00005086                _ZN14HardwareSerial5writeEh
 .text._ZN14HardwareSerial5beginEmh
                0x00005112       0xc6 C:\AtmelArduinoProjects\EALWaterSensors\EALWaterSensors\ArduinoCore\Release\libArduinoCore.a(HardwareSerial.o)
                0x00005112                _ZN14HardwareSerial5beginEmh
 .text.__vector_18
                0x000051d8       0x64 C:\AtmelArduinoProjects\EALWaterSensors\EALWaterSensors\ArduinoCore\Release\libArduinoCore.a(HardwareSerial0.o)
                0x000051d8                __vector_18
 .text.__vector_19
                0x0000523c       0x4a C:\AtmelArduinoProjects\EALWaterSensors\EALWaterSensors\ArduinoCore\Release\libArduinoCore.a(HardwareSerial0.o)
                0x0000523c                __vector_19
 .text._Z17Serial0_availablev
                0x00005286       0x12 C:\AtmelArduinoProjects\EALWaterSensors\EALWaterSensors\ArduinoCore\Release\libArduinoCore.a(HardwareSerial0.o)
                0x00005286                _Z17Serial0_availablev
 .text.startup._GLOBAL__sub_I___vector_18
                0x00005298       0x5a C:\AtmelArduinoProjects\EALWaterSensors\EALWaterSensors\ArduinoCore\Release\libArduinoCore.a(HardwareSerial0.o)
 .text.initVariant
                0x000052f2        0x2 C:\AtmelArduinoProjects\EALWaterSensors\EALWaterSensors\ArduinoCore\Release\libArduinoCore.a(main.o)
                0x000052f2                initVariant
 .text.startup.main
                0x000052f4       0x14 C:\AtmelArduinoProjects\EALWaterSensors\EALWaterSensors\ArduinoCore\Release\libArduinoCore.a(main.o)
                0x000052f4                main
 .text._Znwj    0x00005308        0x2 C:\AtmelArduinoProjects\EALWaterSensors\EALWaterSensors\ArduinoCore\Release\libArduinoCore.a(new.o)
                0x00005308                _Znwj
 .text._ZdlPv   0x0000530a        0x2 C:\AtmelArduinoProjects\EALWaterSensors\EALWaterSensors\ArduinoCore\Release\libArduinoCore.a(new.o)
                0x0000530a                _ZdlPv
 .text._ZN5Print5writeEPKhj
                0x0000530c       0x56 C:\AtmelArduinoProjects\EALWaterSensors\EALWaterSensors\ArduinoCore\Release\libArduinoCore.a(Print.o)
                0x0000530c                _ZN5Print5writeEPKhj
 .text._ZN5Print5writeEPKc
                0x00005362       0x2a C:\AtmelArduinoProjects\EALWaterSensors\EALWaterSensors\ArduinoCore\Release\libArduinoCore.a(Print.o)
                0x00005362                _ZN5Print5writeEPKc
 .text._ZN5Print5printEPK19__FlashStringHelper
                0x0000538c       0x48 C:\AtmelArduinoProjects\EALWaterSensors\EALWaterSensors\ArduinoCore\Release\libArduinoCore.a(Print.o)
                0x0000538c                _ZN5Print5printEPK19__FlashStringHelper
 .text._ZN5Print5printERK6String
                0x000053d4       0x1c C:\AtmelArduinoProjects\EALWaterSensors\EALWaterSensors\ArduinoCore\Release\libArduinoCore.a(Print.o)
                0x000053d4                _ZN5Print5printERK6String
 .text._ZN5Print5printEPKc
                0x000053f0        0x2 C:\AtmelArduinoProjects\EALWaterSensors\EALWaterSensors\ArduinoCore\Release\libArduinoCore.a(Print.o)
                0x000053f0                _ZN5Print5printEPKc
 .text._ZN5Print5printEc
                0x000053f2        0xe C:\AtmelArduinoProjects\EALWaterSensors\EALWaterSensors\ArduinoCore\Release\libArduinoCore.a(Print.o)
                0x000053f2                _ZN5Print5printEc
 .text._ZN5Print7printlnEv
                0x00005400        0x6 C:\AtmelArduinoProjects\EALWaterSensors\EALWaterSensors\ArduinoCore\Release\libArduinoCore.a(Print.o)
                0x00005400                _ZN5Print7printlnEv
 .text._ZN5Print7printlnEPK19__FlashStringHelper
                0x00005406       0x20 C:\AtmelArduinoProjects\EALWaterSensors\EALWaterSensors\ArduinoCore\Release\libArduinoCore.a(Print.o)
                0x00005406                _ZN5Print7printlnEPK19__FlashStringHelper
 .text._ZN5Print11printNumberEmh
                0x00005426       0xa4 C:\AtmelArduinoProjects\EALWaterSensors\EALWaterSensors\ArduinoCore\Release\libArduinoCore.a(Print.o)
                0x00005426                _ZN5Print11printNumberEmh
 .text._ZN5Print5printEli
                0x000054ca       0x8e C:\AtmelArduinoProjects\EALWaterSensors\EALWaterSensors\ArduinoCore\Release\libArduinoCore.a(Print.o)
                0x000054ca                _ZN5Print5printEli
 .text._ZN5Print7printlnEii
                0x00005558       0x2a C:\AtmelArduinoProjects\EALWaterSensors\EALWaterSensors\ArduinoCore\Release\libArduinoCore.a(Print.o)
                0x00005558                _ZN5Print7printlnEii
 .text._ZN5Print5printEmi
                0x00005582       0x18 C:\AtmelArduinoProjects\EALWaterSensors\EALWaterSensors\ArduinoCore\Release\libArduinoCore.a(Print.o)
                0x00005582                _ZN5Print5printEmi
 .text._ZN5Print7printlnEhi
                0x0000559a       0x2a C:\AtmelArduinoProjects\EALWaterSensors\EALWaterSensors\ArduinoCore\Release\libArduinoCore.a(Print.o)
                0x0000559a                _ZN5Print7printlnEhi
 .text.__vector_16
                0x000055c4       0x94 C:\AtmelArduinoProjects\EALWaterSensors\EALWaterSensors\ArduinoCore\Release\libArduinoCore.a(wiring.o)
                0x000055c4                __vector_16
 .text.millis   0x00005658       0x18 C:\AtmelArduinoProjects\EALWaterSensors\EALWaterSensors\ArduinoCore\Release\libArduinoCore.a(wiring.o)
                0x00005658                millis
 .text.micros   0x00005670       0x4a C:\AtmelArduinoProjects\EALWaterSensors\EALWaterSensors\ArduinoCore\Release\libArduinoCore.a(wiring.o)
                0x00005670                micros
 .text.delay    0x000056ba       0x72 C:\AtmelArduinoProjects\EALWaterSensors\EALWaterSensors\ArduinoCore\Release\libArduinoCore.a(wiring.o)
                0x000056ba                delay
 .text.delayMicroseconds
                0x0000572c       0x16 C:\AtmelArduinoProjects\EALWaterSensors\EALWaterSensors\ArduinoCore\Release\libArduinoCore.a(wiring.o)
                0x0000572c                delayMicroseconds
 .text.init     0x00005742       0x76 C:\AtmelArduinoProjects\EALWaterSensors\EALWaterSensors\ArduinoCore\Release\libArduinoCore.a(wiring.o)
                0x00005742                init
 .text.analogRead
                0x000057b8       0x3a C:\AtmelArduinoProjects\EALWaterSensors\EALWaterSensors\ArduinoCore\Release\libArduinoCore.a(wiring_analog.o)
                0x000057b8                analogRead
 .text.turnOffPWM
                0x000057f2       0x52 C:\AtmelArduinoProjects\EALWaterSensors\EALWaterSensors\ArduinoCore\Release\libArduinoCore.a(wiring_digital.o)
 .text.pinMode  0x00005844       0x78 C:\AtmelArduinoProjects\EALWaterSensors\EALWaterSensors\ArduinoCore\Release\libArduinoCore.a(wiring_digital.o)
                0x00005844                pinMode
 .text.digitalWrite
                0x000058bc       0x5e C:\AtmelArduinoProjects\EALWaterSensors\EALWaterSensors\ArduinoCore\Release\libArduinoCore.a(wiring_digital.o)
                0x000058bc                digitalWrite
 .text.digitalRead
                0x0000591a       0x50 C:\AtmelArduinoProjects\EALWaterSensors\EALWaterSensors\ArduinoCore\Release\libArduinoCore.a(wiring_digital.o)
                0x0000591a                digitalRead
 .text._ZN6StringD2Ev
                0x0000596a        0x8 C:\AtmelArduinoProjects\EALWaterSensors\EALWaterSensors\ArduinoCore\Release\libArduinoCore.a(WString.o)
                0x0000596a                _ZN6StringD2Ev
                0x0000596a                _ZN6StringD1Ev
 .text._ZN6String10invalidateEv
                0x00005972       0x22 C:\AtmelArduinoProjects\EALWaterSensors\EALWaterSensors\ArduinoCore\Release\libArduinoCore.a(WString.o)
                0x00005972                _ZN6String10invalidateEv
 .text._ZN6String12changeBufferEj
                0x00005994       0x32 C:\AtmelArduinoProjects\EALWaterSensors\EALWaterSensors\ArduinoCore\Release\libArduinoCore.a(WString.o)
                0x00005994                _ZN6String12changeBufferEj
 .text._ZN6String7reserveEj
                0x000059c6       0x36 C:\AtmelArduinoProjects\EALWaterSensors\EALWaterSensors\ArduinoCore\Release\libArduinoCore.a(WString.o)
                0x000059c6                _ZN6String7reserveEj
 .text._ZN6String4copyEPKcj
                0x000059fc       0x3c C:\AtmelArduinoProjects\EALWaterSensors\EALWaterSensors\ArduinoCore\Release\libArduinoCore.a(WString.o)
                0x000059fc                _ZN6String4copyEPKcj
 .text._ZN6StringC2EPKc
                0x00005a38       0x28 C:\AtmelArduinoProjects\EALWaterSensors\EALWaterSensors\ArduinoCore\Release\libArduinoCore.a(WString.o)
                0x00005a38                _ZN6StringC2EPKc
                0x00005a38                _ZN6StringC1EPKc
 .text._ZN6StringaSERKS_
                0x00005a60       0x2a C:\AtmelArduinoProjects\EALWaterSensors\EALWaterSensors\ArduinoCore\Release\libArduinoCore.a(WString.o)
                0x00005a60                _ZN6StringaSERKS_
 .text._ZN6StringC2ERKS_
                0x00005a8a       0x10 C:\AtmelArduinoProjects\EALWaterSensors\EALWaterSensors\ArduinoCore\Release\libArduinoCore.a(WString.o)
                0x00005a8a                _ZN6StringC2ERKS_
                0x00005a8a                _ZN6StringC1ERKS_
 .text._ZN6StringaSEPKc
                0x00005a9a       0x2a C:\AtmelArduinoProjects\EALWaterSensors\EALWaterSensors\ArduinoCore\Release\libArduinoCore.a(WString.o)
                0x00005a9a                _ZN6StringaSEPKc
 .text._ZN6StringC2Efh
                0x00005ac4       0x5c C:\AtmelArduinoProjects\EALWaterSensors\EALWaterSensors\ArduinoCore\Release\libArduinoCore.a(WString.o)
                0x00005ac4                _ZN6StringC2Efh
                0x00005ac4                _ZN6StringC1Efh
 .text._ZN6StringC2Edh
                0x00005b20       0x5c C:\AtmelArduinoProjects\EALWaterSensors\EALWaterSensors\ArduinoCore\Release\libArduinoCore.a(WString.o)
                0x00005b20                _ZN6StringC1Edh
                0x00005b20                _ZN6StringC2Edh
 .text._ZN6String6concatEPKcj
                0x00005b7c       0x58 C:\AtmelArduinoProjects\EALWaterSensors\EALWaterSensors\ArduinoCore\Release\libArduinoCore.a(WString.o)
                0x00005b7c                _ZN6String6concatEPKcj
 .text._ZN6String6concatEPKc
                0x00005bd4       0x1c C:\AtmelArduinoProjects\EALWaterSensors\EALWaterSensors\ArduinoCore\Release\libArduinoCore.a(WString.o)
                0x00005bd4                _ZN6String6concatEPKc
 .text._ZN6String6concatEc
                0x00005bf0       0x24 C:\AtmelArduinoProjects\EALWaterSensors\EALWaterSensors\ArduinoCore\Release\libArduinoCore.a(WString.o)
                0x00005bf0                _ZN6String6concatEc
 .text._ZplRK15StringSumHelperRK6String
                0x00005c14       0x22 C:\AtmelArduinoProjects\EALWaterSensors\EALWaterSensors\ArduinoCore\Release\libArduinoCore.a(WString.o)
                0x00005c14                _ZplRK15StringSumHelperRK6String
 .text._ZNK6String6equalsEPKc
                0x00005c36       0x3c C:\AtmelArduinoProjects\EALWaterSensors\EALWaterSensors\ArduinoCore\Release\libArduinoCore.a(WString.o)
                0x00005c36                _ZNK6String6equalsEPKc
 .text._ZNK6String10startsWithERKS_j
                0x00005c72       0x4a C:\AtmelArduinoProjects\EALWaterSensors\EALWaterSensors\ArduinoCore\Release\libArduinoCore.a(WString.o)
                0x00005c72                _ZNK6String10startsWithERKS_j
 .text._ZNK6String10startsWithERKS_
                0x00005cbc       0x1c C:\AtmelArduinoProjects\EALWaterSensors\EALWaterSensors\ArduinoCore\Release\libArduinoCore.a(WString.o)
                0x00005cbc                _ZNK6String10startsWithERKS_
 .text._ZNK6StringixEj
                0x00005cd8       0x22 C:\AtmelArduinoProjects\EALWaterSensors\EALWaterSensors\ArduinoCore\Release\libArduinoCore.a(WString.o)
                0x00005cd8                _ZNK6StringixEj
 .text._ZNK6String6charAtEj
                0x00005cfa        0x2 C:\AtmelArduinoProjects\EALWaterSensors\EALWaterSensors\ArduinoCore\Release\libArduinoCore.a(WString.o)
                0x00005cfa                _ZNK6String6charAtEj
 .text._ZNK6String9substringEjj
                0x00005cfc       0x88 C:\AtmelArduinoProjects\EALWaterSensors\EALWaterSensors\ArduinoCore\Release\libArduinoCore.a(WString.o)
                0x00005cfc                _ZNK6String9substringEjj
 .text._ZN6String4trimEv
                0x00005d84       0xae C:\AtmelArduinoProjects\EALWaterSensors\EALWaterSensors\ArduinoCore\Release\libArduinoCore.a(WString.o)
                0x00005d84                _ZN6String4trimEv
 .text._ZNK6String7toFloatEv
                0x00005e32       0x14 C:\AtmelArduinoProjects\EALWaterSensors\EALWaterSensors\ArduinoCore\Release\libArduinoCore.a(WString.o)
                0x00005e32                _ZNK6String7toFloatEv
 .text.__empty  0x00005e46        0x2 C:\AtmelArduinoProjects\EALWaterSensors\EALWaterSensors\ArduinoCore\Release\libArduinoCore.a(hooks.o)
                0x00005e46                yield
 .text.libgcc.div
                0x00005e48       0x44 c:/program files (x86)/atmel/studio/7.0/toolchain/avr8/avr8-gnu-toolchain/bin/../lib/gcc/avr/4.9.2/avr5\libgcc.a(_udivmodsi4.o)
                0x00005e48                __udivmodsi4
 .text.libgcc.div
                0x00005e8c       0x28 c:/program files (x86)/atmel/studio/7.0/toolchain/avr8/avr8-gnu-toolchain/bin/../lib/gcc/avr/4.9.2/avr5\libgcc.a(_divmodsi4.o)
                0x00005e8c                __divmodsi4
 .text.libgcc.div
                0x00005eb4       0x10 c:/program files (x86)/atmel/studio/7.0/toolchain/avr8/avr8-gnu-toolchain/bin/../lib/gcc/avr/4.9.2/avr5\libgcc.a(_negsi2.o)
                0x00005eb4                __negsi2
 .text.libgcc   0x00005ec4        0xc c:/program files (x86)/atmel/studio/7.0/toolchain/avr8/avr8-gnu-toolchain/bin/../lib/gcc/avr/4.9.2/avr5\libgcc.a(_tablejump2.o)
                0x00005ec4                __tablejump2__
 .text.libgcc.mul
                0x00005ed0       0x14 c:/program files (x86)/atmel/studio/7.0/toolchain/avr8/avr8-gnu-toolchain/bin/../lib/gcc/avr/4.9.2/avr5\libgcc.a(_muluhisi3.o)
                0x00005ed0                __muluhisi3
 .text.libgcc.prologue
                0x00005ee4       0x38 c:/program files (x86)/atmel/studio/7.0/toolchain/avr8/avr8-gnu-toolchain/bin/../lib/gcc/avr/4.9.2/avr5\libgcc.a(_prologue.o)
                0x00005ee4                __prologue_saves__
 .text.libgcc.prologue
                0x00005f1c       0x36 c:/program files (x86)/atmel/studio/7.0/toolchain/avr8/avr8-gnu-toolchain/bin/../lib/gcc/avr/4.9.2/avr5\libgcc.a(_epilogue.o)
                0x00005f1c                __epilogue_restores__
 .text.libgcc.mul
                0x00005f52       0x1e c:/program files (x86)/atmel/studio/7.0/toolchain/avr8/avr8-gnu-toolchain/bin/../lib/gcc/avr/4.9.2/avr5\libgcc.a(_umulhisi3.o)
                0x00005f52                __umulhisi3
 .text.avr-libc
                0x00005f70       0x3e c:/program files (x86)/atmel/studio/7.0/toolchain/avr8/avr8-gnu-toolchain/bin/../lib/gcc/avr/4.9.2/../../../../avr/lib/avr5\libc.a(dtostrf.o)
                0x00005f70                dtostrf
 .text.avr-libc
                0x00005fae      0x25a c:/program files (x86)/atmel/studio/7.0/toolchain/avr8/avr8-gnu-toolchain/bin/../lib/gcc/avr/4.9.2/../../../../avr/lib/avr5\libc.a(malloc.o)
                0x00005fae                malloc
                0x000060d8                free
 .text.avr-libc
                0x00006208      0x186 c:/program files (x86)/atmel/studio/7.0/toolchain/avr8/avr8-gnu-toolchain/bin/../lib/gcc/avr/4.9.2/../../../../avr/lib/avr5\libc.a(realloc.o)
                0x00006208                realloc
 .text.avr-libc
                0x0000638e      0x2ac c:/program files (x86)/atmel/studio/7.0/toolchain/avr8/avr8-gnu-toolchain/bin/../lib/gcc/avr/4.9.2/../../../../avr/lib/avr5\libc.a(strtod.o)
                0x0000638e                strtod
 .text.avr-libc
                0x0000663a        0x8 c:/program files (x86)/atmel/studio/7.0/toolchain/avr8/avr8-gnu-toolchain/bin/../lib/gcc/avr/4.9.2/../../../../avr/lib/avr5\libc.a(abort.o)
                0x0000663a                abort
 .text.avr-libc
                0x00006642        0x6 c:/program files (x86)/atmel/studio/7.0/toolchain/avr8/avr8-gnu-toolchain/bin/../lib/gcc/avr/4.9.2/../../../../avr/lib/avr5\libc.a(atof.o)
                0x00006642                atof
 .text.avr-libc
                0x00006648       0x10 c:/program files (x86)/atmel/studio/7.0/toolchain/avr8/avr8-gnu-toolchain/bin/../lib/gcc/avr/4.9.2/../../../../avr/lib/avr5\libc.a(isspace.o)
                0x00006648                isspace
 .text.avr-libc
                0x00006658       0x30 c:/program files (x86)/atmel/studio/7.0/toolchain/avr8/avr8-gnu-toolchain/bin/../lib/gcc/avr/4.9.2/../../../../avr/lib/avr5\libc.a(strncasecmp_P.o)
                0x00006658                strncasecmp_P
 .text.avr-libc
                0x00006688       0x12 c:/program files (x86)/atmel/studio/7.0/toolchain/avr8/avr8-gnu-toolchain/bin/../lib/gcc/avr/4.9.2/../../../../avr/lib/avr5\libc.a(memcpy.o)
                0x00006688                memcpy
 .text.avr-libc
                0x0000669a       0x12 c:/program files (x86)/atmel/studio/7.0/toolchain/avr8/avr8-gnu-toolchain/bin/../lib/gcc/avr/4.9.2/../../../../avr/lib/avr5\libc.a(strcmp.o)
                0x0000669a                strcmp
 .text.avr-libc
                0x000066ac        0xe c:/program files (x86)/atmel/studio/7.0/toolchain/avr8/avr8-gnu-toolchain/bin/../lib/gcc/avr/4.9.2/../../../../avr/lib/avr5\libc.a(strcpy.o)
                0x000066ac                strcpy
 .text.avr-libc
                0x000066ba       0x1c c:/program files (x86)/atmel/studio/7.0/toolchain/avr8/avr8-gnu-toolchain/bin/../lib/gcc/avr/4.9.2/../../../../avr/lib/avr5\libc.a(strncmp.o)
                0x000066ba                strncmp
 .text.avr-libc
                0x000066d6      0x31a c:/program files (x86)/atmel/studio/7.0/toolchain/avr8/avr8-gnu-toolchain/bin/../lib/gcc/avr/4.9.2/../../../../avr/lib/avr5\libc.a(dtoa_prf.o)
                0x000066d6                dtoa_prf
 .text.avr-libc
                0x000069f0      0x1b0 c:/program files (x86)/atmel/studio/7.0/toolchain/avr8/avr8-gnu-toolchain/bin/../lib/gcc/avr/4.9.2/../../../../avr/lib/avr5\libc.a(ftoa_engine.o)
                0x000069f0                __ftoa_engine
 .text.avr-libc
                0x00006ba0        0x6 c:/program files (x86)/atmel/studio/7.0/toolchain/avr8/avr8-gnu-toolchain/bin/../lib/gcc/avr/4.9.2/../../../../avr/lib/avr5\libc.a(cty_isfalse.o)
                0x00006ba0                __ctype_isfalse
                0x00006ba4                __ctype_istrue
 .text.avr-libc
                0x00006ba6       0x20 C:/Program Files (x86)/Atmel/Studio/7.0/Packs/atmel/ATmega_DFP/1.0.106/gcc/dev/atmega328p/avr5\libatmega328p.a(eerd_block.o)
                0x00006ba6                eeprom_read_block
                0x00006baa                eeprom_read_blraw
 .text.avr-libc
                0x00006bc6       0x10 C:/Program Files (x86)/Atmel/Studio/7.0/Packs/atmel/ATmega_DFP/1.0.106/gcc/dev/atmega328p/avr5\libatmega328p.a(eerd_byte.o)
                0x00006bc6                eeprom_read_byte
 .text.avr-libc
                0x00006bd6       0x12 C:/Program Files (x86)/Atmel/Studio/7.0/Packs/atmel/ATmega_DFP/1.0.106/gcc/dev/atmega328p/avr5\libatmega328p.a(eewr_block.o)
                0x00006bd6                eeprom_write_block
 .text.avr-libc
                0x00006be8       0x1c C:/Program Files (x86)/Atmel/Studio/7.0/Packs/atmel/ATmega_DFP/1.0.106/gcc/dev/atmega328p/avr5\libatmega328p.a(eewr_byte.o)
                0x00006be8                eeprom_write_byte
                0x00006bea                eeprom_write_r18
                0x00006c04                . = ALIGN (0x2)
 *(.fini9)
 .fini9         0x00006c04        0x0 c:/program files (x86)/atmel/studio/7.0/toolchain/avr8/avr8-gnu-toolchain/bin/../lib/gcc/avr/4.9.2/avr5\libgcc.a(_exit.o)
                0x00006c04                _exit
                0x00006c04                exit
 *(.fini9)
 *(.fini8)
 *(.fini8)
 *(.fini7)
 *(.fini7)
 *(.fini6)
 .fini6         0x00006c04       0x14 c:/program files (x86)/atmel/studio/7.0/toolchain/avr8/avr8-gnu-toolchain/bin/../lib/gcc/avr/4.9.2/avr5\libgcc.a(_dtors.o)
                0x00006c04                __do_global_dtors
 *(.fini6)
 *(.fini5)
 *(.fini5)
 *(.fini4)
 *(.fini4)
 *(.fini3)
 *(.fini3)
 *(.fini2)
 *(.fini2)
 *(.fini1)
 *(.fini1)
 *(.fini0)
 .fini0         0x00006c18        0x4 c:/program files (x86)/atmel/studio/7.0/toolchain/avr8/avr8-gnu-toolchain/bin/../lib/gcc/avr/4.9.2/avr5\libgcc.a(_exit.o)
 *(.fini0)
                0x00006c1c                _etext = .

.data           0x00800100       0xf4 load address 0x00006c1c
                0x00800100                PROVIDE (__data_start, .)
 *(.data)
 .data          0x00800100        0x6 c:/program files (x86)/atmel/studio/7.0/toolchain/avr8/avr8-gnu-toolchain/bin/../lib/gcc/avr/4.9.2/../../../../avr/lib/avr5\libc.a(malloc.o)
                0x00800100                __malloc_heap_end
                0x00800102                __malloc_heap_start
                0x00800104                __malloc_margin
 *(.data*)
 .data._ZL14_responseIndex
                0x00800106        0x2 EALLib/WaterSensorWire.o
 .data._ZN7Globals12_phSensorPinE
                0x00800108        0x2 EALLib/_globalsWaterSensors.o
                0x00800108                _ZN7Globals12_phSensorPinE
 .data._ZN7Globals13_tdsSensorPinE
                0x0080010a        0x2 EALLib/_globalsWaterSensors.o
                0x0080010a                _ZN7Globals13_tdsSensorPinE
 .data.analog_reference
                0x0080010c        0x1 C:\AtmelArduinoProjects\EALWaterSensors\EALWaterSensors\ArduinoCore\Release\libArduinoCore.a(wiring_analog.o)
                0x0080010c                analog_reference
 *(.rodata)
 .rodata        0x0080010d        0x6 EALLib/PHSensor.o
 .rodata        0x00800113        0x7 EALLib/TDSSensor.o
 .rodata        0x0080011a       0x3c EALLib/WaterSensorWire.o
 *(.rodata*)
 .rodata._ZTV7TwoWire
                0x00800156       0x10 ArduinoLibs/Wire/Wire.o
                0x00800156                _ZTV7TwoWire
 .rodata._ZTV6Stream
                0x00800166       0x10 ArduinoLibs/Wire/Wire.o
                0x00800166                _ZTV6Stream
 .rodata._ZTV13LiquidCrystal
                0x00800176        0x8 ArduinoLibs/LiquidCrystal/LiquidCrystal.o
                0x00800176                _ZTV13LiquidCrystal
 .rodata._ZTVN4erom7StorageE
                0x0080017e        0xe ArduinoLibs/erom/erom.o
                0x0080017e                _ZTVN4erom7StorageE
 .rodata._ZTV11SimpleTimer
                0x0080018c       0x16 ArduinoLibs/SimpleTimer/SimpleTimer.o
                0x0080018c                _ZTV11SimpleTimer
 .rodata._ZTV7LCDBase
                0x008001a2        0x8 EALLib/LCDBase.o
                0x008001a2                _ZTV7LCDBase
 .rodata._ZTV8PHSensor
                0x008001aa        0xe EALLib/PHSensor.o
                0x008001aa                _ZTV8PHSensor
 .rodata._ZTV9TDSSensor
                0x008001b8        0xe EALLib/TDSSensor.o
                0x008001b8                _ZTV9TDSSensor
 .rodata._ZN7Globals11ThePHSensorE
                0x008001c6        0x2 EALLib/_globalsWaterSensors.o
                0x008001c6                _ZN7Globals11ThePHSensorE
 .rodata._ZN7Globals12TheTDSSensorE
                0x008001c8        0x2 EALLib/_globalsWaterSensors.o
                0x008001c8                _ZN7Globals12TheTDSSensorE
 .rodata._ZTV14HardwareSerial
                0x008001ca       0x10 C:\AtmelArduinoProjects\EALWaterSensors\EALWaterSensors\ArduinoCore\Release\libArduinoCore.a(HardwareSerial.o)
                0x008001ca                _ZTV14HardwareSerial
 .rodata.str1.1
                0x008001da       0x11 C:\AtmelArduinoProjects\EALWaterSensors\EALWaterSensors\ArduinoCore\Release\libArduinoCore.a(Print.o)
 .rodata._ZTV5Print
                0x008001eb        0x8 C:\AtmelArduinoProjects\EALWaterSensors\EALWaterSensors\ArduinoCore\Release\libArduinoCore.a(Print.o)
                0x008001eb                _ZTV5Print
 .rodata.str1.1
                0x008001f3       0x11 C:\AtmelArduinoProjects\EALWaterSensors\EALWaterSensors\ArduinoCore\Release\libArduinoCore.a(WString.o)
                                  0x1 (size before relaxing)
 *(.gnu.linkonce.d*)
                0x00800204                . = ALIGN (0x2)
 *fill*         0x008001f3        0x1 
                0x008001f4                _edata = .
                0x008001f4                PROVIDE (__data_end, .)

.bss            0x008001f4      0x41a
                0x008001f4                PROVIDE (__bss_start, .)
 *(.bss)
 *(.bss*)
 .bss.twi_state
                0x008001f4        0x1 ArduinoLibs/Wire/utility/twi.o
 .bss.twi_slarw
                0x008001f5        0x1 ArduinoLibs/Wire/utility/twi.o
 .bss.twi_sendStop
                0x008001f6        0x1 ArduinoLibs/Wire/utility/twi.o
 .bss.twi_inRepStart
                0x008001f7        0x1 ArduinoLibs/Wire/utility/twi.o
 .bss.twi_onSlaveTransmit
                0x008001f8        0x2 ArduinoLibs/Wire/utility/twi.o
 .bss.twi_onSlaveReceive
                0x008001fa        0x2 ArduinoLibs/Wire/utility/twi.o
 .bss.twi_masterBuffer
                0x008001fc       0x20 ArduinoLibs/Wire/utility/twi.o
 .bss.twi_masterBufferIndex
                0x0080021c        0x1 ArduinoLibs/Wire/utility/twi.o
 .bss.twi_masterBufferLength
                0x0080021d        0x1 ArduinoLibs/Wire/utility/twi.o
 .bss.twi_txBuffer
                0x0080021e       0x20 ArduinoLibs/Wire/utility/twi.o
 .bss.twi_txBufferIndex
                0x0080023e        0x1 ArduinoLibs/Wire/utility/twi.o
 .bss.twi_txBufferLength
                0x0080023f        0x1 ArduinoLibs/Wire/utility/twi.o
 .bss.twi_rxBuffer
                0x00800240       0x20 ArduinoLibs/Wire/utility/twi.o
 .bss.twi_rxBufferIndex
                0x00800260        0x1 ArduinoLibs/Wire/utility/twi.o
 .bss.twi_error
                0x00800261        0x1 ArduinoLibs/Wire/utility/twi.o
 .bss._ZN7TwoWire8rxBufferE
                0x00800262       0x20 ArduinoLibs/Wire/Wire.o
                0x00800262                _ZN7TwoWire8rxBufferE
 .bss._ZN7TwoWire13rxBufferIndexE
                0x00800282        0x1 ArduinoLibs/Wire/Wire.o
                0x00800282                _ZN7TwoWire13rxBufferIndexE
 .bss._ZN7TwoWire14rxBufferLengthE
                0x00800283        0x1 ArduinoLibs/Wire/Wire.o
                0x00800283                _ZN7TwoWire14rxBufferLengthE
 .bss._ZN7TwoWire8txBufferE
                0x00800284       0x20 ArduinoLibs/Wire/Wire.o
                0x00800284                _ZN7TwoWire8txBufferE
 .bss._ZN7TwoWire13txBufferIndexE
                0x008002a4        0x1 ArduinoLibs/Wire/Wire.o
                0x008002a4                _ZN7TwoWire13txBufferIndexE
 .bss._ZN7TwoWire14txBufferLengthE
                0x008002a5        0x1 ArduinoLibs/Wire/Wire.o
                0x008002a5                _ZN7TwoWire14txBufferLengthE
 .bss._ZN7TwoWire12transmittingE
                0x008002a6        0x1 ArduinoLibs/Wire/Wire.o
                0x008002a6                _ZN7TwoWire12transmittingE
 .bss._ZN7TwoWire14user_onRequestE
                0x008002a7        0x2 ArduinoLibs/Wire/Wire.o
                0x008002a7                _ZN7TwoWire14user_onRequestE
 .bss._ZN7TwoWire14user_onReceiveE
                0x008002a9        0x2 ArduinoLibs/Wire/Wire.o
                0x008002a9                _ZN7TwoWire14user_onReceiveE
 .bss.Wire      0x008002ab        0xc ArduinoLibs/Wire/Wire.o
                0x008002ab                Wire
 .bss._ZN14SoftwareSerial13active_objectE
                0x008002b7        0x2 ArduinoLibs/SoftwareSerial/SoftwareSerial.o
                0x008002b7                _ZN14SoftwareSerial13active_objectE
 .bss._ZN14SoftwareSerial15_receive_bufferE
                0x008002b9       0x40 ArduinoLibs/SoftwareSerial/SoftwareSerial.o
                0x008002b9                _ZN14SoftwareSerial15_receive_bufferE
 .bss._ZN14SoftwareSerial20_receive_buffer_tailE
                0x008002f9        0x1 ArduinoLibs/SoftwareSerial/SoftwareSerial.o
                0x008002f9                _ZN14SoftwareSerial20_receive_buffer_tailE
 .bss._ZN14SoftwareSerial20_receive_buffer_headE
                0x008002fa        0x1 ArduinoLibs/SoftwareSerial/SoftwareSerial.o
                0x008002fa                _ZN14SoftwareSerial20_receive_buffer_headE
 .bss._ZGVZN4erom6Access8instanceEvE6access
                0x008002fb        0x8 ArduinoLibs/erom/erom.o
                0x008002fb                _ZGVZN4erom6Access8instanceEvE6access
 .bss._ZN4erom6accessE
                0x00800303        0x2 ArduinoLibs/erom/erom.o
                0x00800303                _ZN4erom6accessE
 .bss._ZZN4erom6Access8instanceEvE6access
                0x00800305        0x4 ArduinoLibs/erom/erom.o
                0x00800305                _ZZN4erom6Access8instanceEvE6access
 .bss._ZGVZN8PHSensor11CalculatePHEvE12samplingTime
                0x00800309        0x8 EALLib/PHSensor.o
 .bss._ZGVZN8PHSensor10GetPHValueEvE12samplingTime
                0x00800311        0x8 EALLib/PHSensor.o
 .bss._ZGVZN8PHSensor12PrintPHToLCDEvE9printTime
                0x00800319        0x8 EALLib/PHSensor.o
 .bss._ZZN8PHSensor11CalculatePHEvE12samplingTime
                0x00800321        0x4 EALLib/PHSensor.o
 .bss._ZZN8PHSensor10GetPHValueEvE12samplingTime
                0x00800325        0x4 EALLib/PHSensor.o
 .bss._ZZN8PHSensor12PrintPHToLCDEvE9printTime
                0x00800329        0x4 EALLib/PHSensor.o
 .bss._ZGVZN9TDSSensor13PrintTDSToLCDEvE9printTime
                0x0080032d        0x8 EALLib/TDSSensor.o
 .bss._ZGVZN9TDSSensor11GetTDSValueEvE12samplingTime
                0x00800335        0x8 EALLib/TDSSensor.o
 .bss._ZZN9TDSSensor13PrintTDSToLCDEvE9printTime
                0x0080033d        0x4 EALLib/TDSSensor.o
 .bss._ZZN9TDSSensor11GetTDSValueEvE12samplingTime
                0x00800341        0x4 EALLib/TDSSensor.o
 .bss._ZL12_wireRequest
                0x00800345        0x6 EALLib/WaterSensorWire.o
 .bss._ZL13_wireResponse
                0x0080034b        0x6 EALLib/WaterSensorWire.o
 .bss._ZL4_cmd  0x00800351        0x6 EALLib/WaterSensorWire.o
 .bss._ZL8_cmdData
                0x00800357        0x6 EALLib/WaterSensorWire.o
 .bss._ZL9_response
                0x0080035d        0x6 EALLib/WaterSensorWire.o
 .bss._ZN7Globals6TheLCDE
                0x00800363       0x18 EALLib/_globalsWaterSensors.o
                0x00800363                _ZN7Globals6TheLCDE
 .bss._ZN7GlobalsL12_thePHSensorE
                0x0080037b       0xa3 EALLib/_globalsWaterSensors.o
 .bss._ZN7GlobalsL13_theTDSSensorE
                0x0080041e       0x96 EALLib/_globalsWaterSensors.o
 .bss._asyncTimer
                0x008004b4       0xae Sketch.o
                0x008004b4                _asyncTimer
 .bss.Serial    0x00800562       0x9d C:\AtmelArduinoProjects\EALWaterSensors\EALWaterSensors\ArduinoCore\Release\libArduinoCore.a(HardwareSerial0.o)
                0x00800562                Serial
 .bss.timer0_fract
                0x008005ff        0x1 C:\AtmelArduinoProjects\EALWaterSensors\EALWaterSensors\ArduinoCore\Release\libArduinoCore.a(wiring.o)
 .bss.timer0_millis
                0x00800600        0x4 C:\AtmelArduinoProjects\EALWaterSensors\EALWaterSensors\ArduinoCore\Release\libArduinoCore.a(wiring.o)
                0x00800600                timer0_millis
 .bss.timer0_overflow_count
                0x00800604        0x4 C:\AtmelArduinoProjects\EALWaterSensors\EALWaterSensors\ArduinoCore\Release\libArduinoCore.a(wiring.o)
                0x00800604                timer0_overflow_count
 *(COMMON)
 COMMON         0x00800608        0x4 c:/program files (x86)/atmel/studio/7.0/toolchain/avr8/avr8-gnu-toolchain/bin/../lib/gcc/avr/4.9.2/../../../../avr/lib/avr5\libc.a(malloc.o)
                0x00800608                __brkval
                0x0080060a                __flp
 COMMON         0x0080060c        0x2 c:/program files (x86)/atmel/studio/7.0/toolchain/avr8/avr8-gnu-toolchain/bin/../lib/gcc/avr/4.9.2/../../../../avr/lib/avr5\libc.a(errno.o)
                0x0080060c                errno
                0x0080060e                PROVIDE (__bss_end, .)
                0x00006c1c                __data_load_start = LOADADDR (.data)
                0x00006d10                __data_load_end = (__data_load_start + SIZEOF (.data))

.noinit         0x0080060e        0x0
                [!provide]                PROVIDE (__noinit_start, .)
 *(.noinit*)
                [!provide]                PROVIDE (__noinit_end, .)
                0x0080060e                _end = .
                0x0080060e                PROVIDE (__heap_start, .)

.eeprom         0x00810000        0x0
 *(.eeprom*)
                0x00810000                __eeprom_end = .

.fuse
 *(.fuse)
 *(.lfuse)
 *(.hfuse)
 *(.efuse)

.lock
 *(.lock*)

.signature
 *(.signature*)

.user_signatures
 *(.user_signatures*)

.stab
 *(.stab)

.stabstr
 *(.stabstr)

.stab.excl
 *(.stab.excl)

.stab.exclstr
 *(.stab.exclstr)

.stab.index
 *(.stab.index)

.stab.indexstr
 *(.stab.indexstr)

.comment        0x00000000       0x5c
 *(.comment)
 .comment       0x00000000       0x30 ArduinoLibs/Wire/utility/twi.o
                                 0x31 (size before relaxing)
 .comment       0x00000030       0x31 ArduinoLibs/Wire/Wire.o
 .comment       0x00000030       0x31 ArduinoLibs/SoftwareSerial/SoftwareSerial.o
 .comment       0x00000030       0x31 ArduinoLibs/LiquidCrystal/LiquidCrystal.o
 .comment       0x00000030       0x31 ArduinoLibs/erom/erom.o
 .comment       0x00000030       0x31 ArduinoLibs/SimpleTimer/SimpleTimer.o
 .comment       0x00000030       0x31 EALLib/LCDBase.o
 .comment       0x00000030       0x31 EALLib/PHSensor.o
 .comment       0x00000030       0x31 EALLib/TDSSensor.o
 .comment       0x00000030       0x31 EALLib/WaterSensorWire.o
 .comment       0x00000030       0x31 EALLib/_globalsWaterSensors.o
 .comment       0x00000030       0x31 Sketch.o
 .comment       0x00000030       0x31 C:\AtmelArduinoProjects\EALWaterSensors\EALWaterSensors\ArduinoCore\Release\libArduinoCore.a(abi.o)
 .comment       0x00000030       0x31 C:\AtmelArduinoProjects\EALWaterSensors\EALWaterSensors\ArduinoCore\Release\libArduinoCore.a(HardwareSerial.o)
 .comment       0x00000030       0x31 C:\AtmelArduinoProjects\EALWaterSensors\EALWaterSensors\ArduinoCore\Release\libArduinoCore.a(HardwareSerial0.o)
 .comment       0x00000030       0x31 C:\AtmelArduinoProjects\EALWaterSensors\EALWaterSensors\ArduinoCore\Release\libArduinoCore.a(main.o)
 .comment       0x00000030       0x31 C:\AtmelArduinoProjects\EALWaterSensors\EALWaterSensors\ArduinoCore\Release\libArduinoCore.a(new.o)
 .comment       0x00000030       0x31 C:\AtmelArduinoProjects\EALWaterSensors\EALWaterSensors\ArduinoCore\Release\libArduinoCore.a(Print.o)
 .comment       0x00000030       0x31 C:\AtmelArduinoProjects\EALWaterSensors\EALWaterSensors\ArduinoCore\Release\libArduinoCore.a(wiring.o)
 .comment       0x00000030       0x31 C:\AtmelArduinoProjects\EALWaterSensors\EALWaterSensors\ArduinoCore\Release\libArduinoCore.a(wiring_analog.o)
 .comment       0x00000030       0x31 C:\AtmelArduinoProjects\EALWaterSensors\EALWaterSensors\ArduinoCore\Release\libArduinoCore.a(wiring_digital.o)
 .comment       0x00000030       0x31 C:\AtmelArduinoProjects\EALWaterSensors\EALWaterSensors\ArduinoCore\Release\libArduinoCore.a(WString.o)
 .comment       0x00000030       0x31 C:\AtmelArduinoProjects\EALWaterSensors\EALWaterSensors\ArduinoCore\Release\libArduinoCore.a(hooks.o)
 .comment       0x00000030       0x31 c:/program files (x86)/atmel/studio/7.0/toolchain/avr8/avr8-gnu-toolchain/bin/../lib/gcc/avr/4.9.2/../../../../avr/lib/avr5\libc.a(dtostrf.o)
 .comment       0x00000030       0x31 c:/program files (x86)/atmel/studio/7.0/toolchain/avr8/avr8-gnu-toolchain/bin/../lib/gcc/avr/4.9.2/../../../../avr/lib/avr5\libc.a(malloc.o)
 .comment       0x00000030       0x31 c:/program files (x86)/atmel/studio/7.0/toolchain/avr8/avr8-gnu-toolchain/bin/../lib/gcc/avr/4.9.2/../../../../avr/lib/avr5\libc.a(realloc.o)
 .comment       0x00000030       0x31 c:/program files (x86)/atmel/studio/7.0/toolchain/avr8/avr8-gnu-toolchain/bin/../lib/gcc/avr/4.9.2/../../../../avr/lib/avr5\libc.a(strtod.o)
 .comment       0x00000030       0x2c c:/program files (x86)/atmel/studio/7.0/toolchain/avr8/avr8-gnu-toolchain/bin/../lib/gcc/avr/4.9.2/../../../../avr/lib/avr5\libc.a(errno.o)
                                 0x2d (size before relaxing)
 .comment       0x0000005c       0x31 c:/program files (x86)/atmel/studio/7.0/toolchain/avr8/avr8-gnu-toolchain/bin/../lib/gcc/avr/4.9.2/../../../../avr/lib/avr5\libc.a(dtoa_prf.o)

.note.gnu.avr.deviceinfo
                0x00000000       0x40
 .note.gnu.avr.deviceinfo
                0x00000000       0x40 C:/Program Files (x86)/Atmel/Studio/7.0/Packs/atmel/ATmega_DFP/1.0.106/gcc/dev/atmega328p/avr5/crtatmega328p.o

.note.gnu.build-id
 *(.note.gnu.build-id)

.debug
 *(.debug)

.line
 *(.line)

.debug_srcinfo
 *(.debug_srcinfo)

.debug_sfnames
 *(.debug_sfnames)

.debug_aranges  0x00000000     0x10d8
 *(.debug_aranges)
 .debug_aranges
                0x00000000       0x80 ArduinoLibs/Wire/utility/twi.o
 .debug_aranges
                0x00000080      0x108 ArduinoLibs/Wire/Wire.o
 .debug_aranges
                0x00000188       0xc8 ArduinoLibs/SoftwareSerial/SoftwareSerial.o
 .debug_aranges
                0x00000250      0x108 ArduinoLibs/LiquidCrystal/LiquidCrystal.o
 .debug_aranges
                0x00000358      0x248 ArduinoLibs/erom/erom.o
 .debug_aranges
                0x000005a0       0x88 ArduinoLibs/SimpleTimer/SimpleTimer.o
 .debug_aranges
                0x00000628       0x38 EALLib/LCDBase.o
 .debug_aranges
                0x00000660      0x200 EALLib/PHSensor.o
 .debug_aranges
                0x00000860      0x160 EALLib/TDSSensor.o
 .debug_aranges
                0x000009c0       0x78 EALLib/WaterSensorWire.o
 .debug_aranges
                0x00000a38       0xb0 EALLib/_globalsWaterSensors.o
 .debug_aranges
                0x00000ae8       0x50 Sketch.o
 .debug_aranges
                0x00000b38       0x28 C:\AtmelArduinoProjects\EALWaterSensors\EALWaterSensors\ArduinoCore\Release\libArduinoCore.a(abi.o)
 .debug_aranges
                0x00000b60       0x68 C:\AtmelArduinoProjects\EALWaterSensors\EALWaterSensors\ArduinoCore\Release\libArduinoCore.a(HardwareSerial.o)
 .debug_aranges
                0x00000bc8       0x38 C:\AtmelArduinoProjects\EALWaterSensors\EALWaterSensors\ArduinoCore\Release\libArduinoCore.a(HardwareSerial0.o)
 .debug_aranges
                0x00000c00       0x38 C:\AtmelArduinoProjects\EALWaterSensors\EALWaterSensors\ArduinoCore\Release\libArduinoCore.a(main.o)
 .debug_aranges
                0x00000c38       0x38 C:\AtmelArduinoProjects\EALWaterSensors\EALWaterSensors\ArduinoCore\Release\libArduinoCore.a(new.o)
 .debug_aranges
                0x00000c70       0xf0 C:\AtmelArduinoProjects\EALWaterSensors\EALWaterSensors\ArduinoCore\Release\libArduinoCore.a(Print.o)
 .debug_aranges
                0x00000d60       0x48 C:\AtmelArduinoProjects\EALWaterSensors\EALWaterSensors\ArduinoCore\Release\libArduinoCore.a(wiring.o)
 .debug_aranges
                0x00000da8       0x30 C:\AtmelArduinoProjects\EALWaterSensors\EALWaterSensors\ArduinoCore\Release\libArduinoCore.a(wiring_analog.o)
 .debug_aranges
                0x00000dd8       0x38 C:\AtmelArduinoProjects\EALWaterSensors\EALWaterSensors\ArduinoCore\Release\libArduinoCore.a(wiring_digital.o)
 .debug_aranges
                0x00000e10      0x2a8 C:\AtmelArduinoProjects\EALWaterSensors\EALWaterSensors\ArduinoCore\Release\libArduinoCore.a(WString.o)
 .debug_aranges
                0x000010b8       0x20 C:\AtmelArduinoProjects\EALWaterSensors\EALWaterSensors\ArduinoCore\Release\libArduinoCore.a(hooks.o)

.debug_pubnames
 *(.debug_pubnames)

.debug_info     0x00000000    0x238da
 *(.debug_info .gnu.linkonce.wi.*)
 .debug_info    0x00000000      0x521 ArduinoLibs/Wire/utility/twi.o
 .debug_info    0x00000521     0x2323 ArduinoLibs/Wire/Wire.o
 .debug_info    0x00002844     0x23a1 ArduinoLibs/SoftwareSerial/SoftwareSerial.o
 .debug_info    0x00004be5     0x1152 ArduinoLibs/LiquidCrystal/LiquidCrystal.o
 .debug_info    0x00005d37     0x2a46 ArduinoLibs/erom/erom.o
 .debug_info    0x0000877d      0x915 ArduinoLibs/SimpleTimer/SimpleTimer.o
 .debug_info    0x00009092     0x1845 EALLib/LCDBase.o
 .debug_info    0x0000a8d7     0x4308 EALLib/PHSensor.o
 .debug_info    0x0000ebdf     0x3328 EALLib/TDSSensor.o
 .debug_info    0x00011f07     0x24b9 EALLib/WaterSensorWire.o
 .debug_info    0x000143c0     0x36b8 EALLib/_globalsWaterSensors.o
 .debug_info    0x00017a78      0x918 Sketch.o
 .debug_info    0x00018390       0x8e C:\AtmelArduinoProjects\EALWaterSensors\EALWaterSensors\ArduinoCore\Release\libArduinoCore.a(abi.o)
 .debug_info    0x0001841e     0x1dd1 C:\AtmelArduinoProjects\EALWaterSensors\EALWaterSensors\ArduinoCore\Release\libArduinoCore.a(HardwareSerial.o)
 .debug_info    0x0001a1ef     0x19ca C:\AtmelArduinoProjects\EALWaterSensors\EALWaterSensors\ArduinoCore\Release\libArduinoCore.a(HardwareSerial0.o)
 .debug_info    0x0001bbb9      0x231 C:\AtmelArduinoProjects\EALWaterSensors\EALWaterSensors\ArduinoCore\Release\libArduinoCore.a(main.o)
 .debug_info    0x0001bdea      0x18c C:\AtmelArduinoProjects\EALWaterSensors\EALWaterSensors\ArduinoCore\Release\libArduinoCore.a(new.o)
 .debug_info    0x0001bf76     0x297b C:\AtmelArduinoProjects\EALWaterSensors\EALWaterSensors\ArduinoCore\Release\libArduinoCore.a(Print.o)
 .debug_info    0x0001e8f1      0x2c8 C:\AtmelArduinoProjects\EALWaterSensors\EALWaterSensors\ArduinoCore\Release\libArduinoCore.a(wiring.o)
 .debug_info    0x0001ebb9      0x281 C:\AtmelArduinoProjects\EALWaterSensors\EALWaterSensors\ArduinoCore\Release\libArduinoCore.a(wiring_analog.o)
 .debug_info    0x0001ee3a      0x5f9 C:\AtmelArduinoProjects\EALWaterSensors\EALWaterSensors\ArduinoCore\Release\libArduinoCore.a(wiring_digital.o)
 .debug_info    0x0001f433     0x4469 C:\AtmelArduinoProjects\EALWaterSensors\EALWaterSensors\ArduinoCore\Release\libArduinoCore.a(WString.o)
 .debug_info    0x0002389c       0x3e C:\AtmelArduinoProjects\EALWaterSensors\EALWaterSensors\ArduinoCore\Release\libArduinoCore.a(hooks.o)

.debug_abbrev   0x00000000     0x4979
 *(.debug_abbrev)
 .debug_abbrev  0x00000000      0x18a ArduinoLibs/Wire/utility/twi.o
 .debug_abbrev  0x0000018a      0x499 ArduinoLibs/Wire/Wire.o
 .debug_abbrev  0x00000623      0x57c ArduinoLibs/SoftwareSerial/SoftwareSerial.o
 .debug_abbrev  0x00000b9f      0x29f ArduinoLibs/LiquidCrystal/LiquidCrystal.o
 .debug_abbrev  0x00000e3e      0x3d7 ArduinoLibs/erom/erom.o
 .debug_abbrev  0x00001215      0x2bb ArduinoLibs/SimpleTimer/SimpleTimer.o
 .debug_abbrev  0x000014d0      0x3e3 EALLib/LCDBase.o
 .debug_abbrev  0x000018b3      0x628 EALLib/PHSensor.o
 .debug_abbrev  0x00001edb      0x51f EALLib/TDSSensor.o
 .debug_abbrev  0x000023fa      0x471 EALLib/WaterSensorWire.o
 .debug_abbrev  0x0000286b      0x5d9 EALLib/_globalsWaterSensors.o
 .debug_abbrev  0x00002e44      0x327 Sketch.o
 .debug_abbrev  0x0000316b       0x5e C:\AtmelArduinoProjects\EALWaterSensors\EALWaterSensors\ArduinoCore\Release\libArduinoCore.a(abi.o)
 .debug_abbrev  0x000031c9      0x478 C:\AtmelArduinoProjects\EALWaterSensors\EALWaterSensors\ArduinoCore\Release\libArduinoCore.a(HardwareSerial.o)
 .debug_abbrev  0x00003641      0x3b1 C:\AtmelArduinoProjects\EALWaterSensors\EALWaterSensors\ArduinoCore\Release\libArduinoCore.a(HardwareSerial0.o)
 .debug_abbrev  0x000039f2      0x109 C:\AtmelArduinoProjects\EALWaterSensors\EALWaterSensors\ArduinoCore\Release\libArduinoCore.a(main.o)
 .debug_abbrev  0x00003afb       0xd9 C:\AtmelArduinoProjects\EALWaterSensors\EALWaterSensors\ArduinoCore\Release\libArduinoCore.a(new.o)
 .debug_abbrev  0x00003bd4      0x487 C:\AtmelArduinoProjects\EALWaterSensors\EALWaterSensors\ArduinoCore\Release\libArduinoCore.a(Print.o)
 .debug_abbrev  0x0000405b      0x145 C:\AtmelArduinoProjects\EALWaterSensors\EALWaterSensors\ArduinoCore\Release\libArduinoCore.a(wiring.o)
 .debug_abbrev  0x000041a0      0x184 C:\AtmelArduinoProjects\EALWaterSensors\EALWaterSensors\ArduinoCore\Release\libArduinoCore.a(wiring_analog.o)
 .debug_abbrev  0x00004324      0x15b C:\AtmelArduinoProjects\EALWaterSensors\EALWaterSensors\ArduinoCore\Release\libArduinoCore.a(wiring_digital.o)
 .debug_abbrev  0x0000447f      0x4d0 C:\AtmelArduinoProjects\EALWaterSensors\EALWaterSensors\ArduinoCore\Release\libArduinoCore.a(WString.o)
 .debug_abbrev  0x0000494f       0x2a C:\AtmelArduinoProjects\EALWaterSensors\EALWaterSensors\ArduinoCore\Release\libArduinoCore.a(hooks.o)

.debug_line     0x00000000     0xaa9b
 *(.debug_line .debug_line.* .debug_line_end)
 .debug_line    0x00000000      0x97f ArduinoLibs/Wire/utility/twi.o
 .debug_line    0x0000097f      0x8ab ArduinoLibs/Wire/Wire.o
 .debug_line    0x0000122a      0xaf6 ArduinoLibs/SoftwareSerial/SoftwareSerial.o
 .debug_line    0x00001d20      0xa9a ArduinoLibs/LiquidCrystal/LiquidCrystal.o
 .debug_line    0x000027ba      0xf8f ArduinoLibs/erom/erom.o
 .debug_line    0x00003749      0x7be ArduinoLibs/SimpleTimer/SimpleTimer.o
 .debug_line    0x00003f07      0x662 EALLib/LCDBase.o
 .debug_line    0x00004569     0x114c EALLib/PHSensor.o
 .debug_line    0x000056b5      0xd84 EALLib/TDSSensor.o
 .debug_line    0x00006439      0xad0 EALLib/WaterSensorWire.o
 .debug_line    0x00006f09      0x906 EALLib/_globalsWaterSensors.o
 .debug_line    0x0000780f      0x85a Sketch.o
 .debug_line    0x00008069       0xbf C:\AtmelArduinoProjects\EALWaterSensors\EALWaterSensors\ArduinoCore\Release\libArduinoCore.a(abi.o)
 .debug_line    0x00008128      0x426 C:\AtmelArduinoProjects\EALWaterSensors\EALWaterSensors\ArduinoCore\Release\libArduinoCore.a(HardwareSerial.o)
 .debug_line    0x0000854e      0x257 C:\AtmelArduinoProjects\EALWaterSensors\EALWaterSensors\ArduinoCore\Release\libArduinoCore.a(HardwareSerial0.o)
 .debug_line    0x000087a5      0x175 C:\AtmelArduinoProjects\EALWaterSensors\EALWaterSensors\ArduinoCore\Release\libArduinoCore.a(main.o)
 .debug_line    0x0000891a      0x15b C:\AtmelArduinoProjects\EALWaterSensors\EALWaterSensors\ArduinoCore\Release\libArduinoCore.a(new.o)
 .debug_line    0x00008a75      0x63e C:\AtmelArduinoProjects\EALWaterSensors\EALWaterSensors\ArduinoCore\Release\libArduinoCore.a(Print.o)
 .debug_line    0x000090b3      0x299 C:\AtmelArduinoProjects\EALWaterSensors\EALWaterSensors\ArduinoCore\Release\libArduinoCore.a(wiring.o)
 .debug_line    0x0000934c      0x20f C:\AtmelArduinoProjects\EALWaterSensors\EALWaterSensors\ArduinoCore\Release\libArduinoCore.a(wiring_analog.o)
 .debug_line    0x0000955b      0x252 C:\AtmelArduinoProjects\EALWaterSensors\EALWaterSensors\ArduinoCore\Release\libArduinoCore.a(wiring_digital.o)
 .debug_line    0x000097ad     0x12ad C:\AtmelArduinoProjects\EALWaterSensors\EALWaterSensors\ArduinoCore\Release\libArduinoCore.a(WString.o)
 .debug_line    0x0000aa5a       0x41 C:\AtmelArduinoProjects\EALWaterSensors\EALWaterSensors\ArduinoCore\Release\libArduinoCore.a(hooks.o)

.debug_frame    0x00000000     0x3420
 *(.debug_frame)
 .debug_frame   0x00000000      0x1ac ArduinoLibs/Wire/utility/twi.o
 .debug_frame   0x000001ac      0x32c ArduinoLibs/Wire/Wire.o
 .debug_frame   0x000004d8      0x274 ArduinoLibs/SoftwareSerial/SoftwareSerial.o
 .debug_frame   0x0000074c      0x3a0 ArduinoLibs/LiquidCrystal/LiquidCrystal.o
 .debug_frame   0x00000aec      0x6cc ArduinoLibs/erom/erom.o
 .debug_frame   0x000011b8      0x180 ArduinoLibs/SimpleTimer/SimpleTimer.o
 .debug_frame   0x00001338       0x8c EALLib/LCDBase.o
 .debug_frame   0x000013c4      0x618 EALLib/PHSensor.o
 .debug_frame   0x000019dc      0x424 EALLib/TDSSensor.o
 .debug_frame   0x00001e00      0x13c EALLib/WaterSensorWire.o
 .debug_frame   0x00001f3c      0x1e0 EALLib/_globalsWaterSensors.o
 .debug_frame   0x0000211c       0xbc Sketch.o
 .debug_frame   0x000021d8       0x34 C:\AtmelArduinoProjects\EALWaterSensors\EALWaterSensors\ArduinoCore\Release\libArduinoCore.a(abi.o)
 .debug_frame   0x0000220c      0x110 C:\AtmelArduinoProjects\EALWaterSensors\EALWaterSensors\ArduinoCore\Release\libArduinoCore.a(HardwareSerial.o)
 .debug_frame   0x0000231c       0xc0 C:\AtmelArduinoProjects\EALWaterSensors\EALWaterSensors\ArduinoCore\Release\libArduinoCore.a(HardwareSerial0.o)
 .debug_frame   0x000023dc       0x54 C:\AtmelArduinoProjects\EALWaterSensors\EALWaterSensors\ArduinoCore\Release\libArduinoCore.a(main.o)
 .debug_frame   0x00002430       0x54 C:\AtmelArduinoProjects\EALWaterSensors\EALWaterSensors\ArduinoCore\Release\libArduinoCore.a(new.o)
 .debug_frame   0x00002484      0x39c C:\AtmelArduinoProjects\EALWaterSensors\EALWaterSensors\ArduinoCore\Release\libArduinoCore.a(Print.o)
 .debug_frame   0x00002820       0xc4 C:\AtmelArduinoProjects\EALWaterSensors\EALWaterSensors\ArduinoCore\Release\libArduinoCore.a(wiring.o)
 .debug_frame   0x000028e4       0x54 C:\AtmelArduinoProjects\EALWaterSensors\EALWaterSensors\ArduinoCore\Release\libArduinoCore.a(wiring_analog.o)
 .debug_frame   0x00002938       0x7c C:\AtmelArduinoProjects\EALWaterSensors\EALWaterSensors\ArduinoCore\Release\libArduinoCore.a(wiring_digital.o)
 .debug_frame   0x000029b4      0xa48 C:\AtmelArduinoProjects\EALWaterSensors\EALWaterSensors\ArduinoCore\Release\libArduinoCore.a(WString.o)
 .debug_frame   0x000033fc       0x24 C:\AtmelArduinoProjects\EALWaterSensors\EALWaterSensors\ArduinoCore\Release\libArduinoCore.a(hooks.o)

.debug_str      0x00000000    0x12332
 *(.debug_str)
 .debug_str     0x00000000     0xae5f ArduinoLibs/Wire/utility/twi.o
                               0xaf8f (size before relaxing)
 .debug_str     0x0000ae5f     0x1c96 ArduinoLibs/Wire/Wire.o
                               0x9bdf (size before relaxing)
 .debug_str     0x0000caf5      0xdc0 ArduinoLibs/SoftwareSerial/SoftwareSerial.o
                               0xcc6f (size before relaxing)
 .debug_str     0x0000d8b5      0x7e5 ArduinoLibs/LiquidCrystal/LiquidCrystal.o
                               0xc02e (size before relaxing)
 .debug_str     0x0000e09a     0x1594 ArduinoLibs/erom/erom.o
                               0xcfc5 (size before relaxing)
 .debug_str     0x0000f62e      0x386 ArduinoLibs/SimpleTimer/SimpleTimer.o
                               0xbbac (size before relaxing)
 .debug_str     0x0000f9b4      0x645 EALLib/LCDBase.o
                               0xc9f6 (size before relaxing)
 .debug_str     0x0000fff9      0xe8d EALLib/PHSensor.o
                               0xe29b (size before relaxing)
 .debug_str     0x00010e86      0x1ee EALLib/TDSSensor.o
                               0xd9f2 (size before relaxing)
 .debug_str     0x00011074      0x238 EALLib/WaterSensorWire.o
                               0xd53f (size before relaxing)
 .debug_str     0x000112ac       0xed EALLib/_globalsWaterSensors.o
                               0xe222 (size before relaxing)
 .debug_str     0x00011399       0xa3 Sketch.o
                               0xc2fe (size before relaxing)